GAS LISTING /tmp/ccUCGeF1.s 			page 1


   1              		.file	"ch32v20x_exti.c"
   2              		.option nopic
   3              		.attribute arch, "rv32i2p0_m2p0_a2p0_c2p0_xw"
   4              		.attribute unaligned_access, 0
   5              		.attribute stack_align, 16
   6              		.text
   7              		.section	.text.EXTI_DeInit,"ax",@progbits
   8              		.align	1
   9              		.globl	EXTI_DeInit
  11              	EXTI_DeInit:
  12 0000 B7070140 		li	a5,1073807360
  13 0004 93870740 		addi	a5,a5,1024
  14 0008 23A00700 		sw	zero,0(a5)
  15 000c 23A20700 		sw	zero,4(a5)
  16 0010 23A40700 		sw	zero,8(a5)
  17 0014 37071000 		li	a4,1048576
  18 0018 23A60700 		sw	zero,12(a5)
  19 001c 7D17     		addi	a4,a4,-1
  20 001e D8CB     		sw	a4,20(a5)
  21 0020 8280     		ret
  23              		.section	.text.EXTI_Init,"ax",@progbits
  24              		.align	1
  25              		.globl	EXTI_Init
  27              	EXTI_Init:
  28 0000 5841     		lw	a4,4(a0)
  29 0002 0C41     		lw	a1,0(a0)
  30 0004 5045     		lw	a2,12(a0)
  31 0006 B7070140 		li	a5,1073807360
  32 000a 93870740 		addi	a5,a5,1024
  33 000e 3E97     		add	a4,a4,a5
  34 0010 93C6F5FF 		not	a3,a1
  35 0014 39C2     		beq	a2,zero,.L3
  36 0016 9043     		lw	a2,0(a5)
  37 0018 758E     		and	a2,a2,a3
  38 001a 90C3     		sw	a2,0(a5)
  39 001c D043     		lw	a2,4(a5)
  40 001e F18E     		and	a3,a2,a3
  41 0020 D4C3     		sw	a3,4(a5)
  42 0022 1443     		lw	a3,0(a4)
  43 0024 CD8E     		or	a3,a3,a1
  44 0026 14C3     		sw	a3,0(a4)
  45 0028 1841     		lw	a4,0(a0)
  46 002a 9047     		lw	a2,8(a5)
  47 002c 9346F7FF 		not	a3,a4
  48 0030 758E     		and	a2,a2,a3
  49 0032 90C7     		sw	a2,8(a5)
  50 0034 D047     		lw	a2,12(a5)
  51 0036 F18E     		and	a3,a3,a2
  52 0038 D4C7     		sw	a3,12(a5)
  53 003a 1445     		lw	a3,8(a0)
  54 003c 4146     		li	a2,16
  55 003e 6399C600 		bne	a3,a2,.L4
  56 0042 9447     		lw	a3,8(a5)
  57 0044 D98E     		or	a3,a4,a3
  58 0046 94C7     		sw	a3,8(a5)
  59 0048 D447     		lw	a3,12(a5)
  60 004a 558F     		or	a4,a4,a3
GAS LISTING /tmp/ccUCGeF1.s 			page 2


  61 004c D8C7     		sw	a4,12(a5)
  62 004e 8280     		ret
  63              	.L4:
  64 0050 B697     		add	a5,a3,a5
  65 0052 9443     		lw	a3,0(a5)
  66 0054 558F     		or	a4,a4,a3
  67 0056 98C3     		sw	a4,0(a5)
  68 0058 8280     		ret
  69              	.L3:
  70 005a 1C43     		lw	a5,0(a4)
  71 005c F58F     		and	a5,a5,a3
  72 005e 1CC3     		sw	a5,0(a4)
  73 0060 8280     		ret
  75              		.section	.text.EXTI_StructInit,"ax",@progbits
  76              		.align	1
  77              		.globl	EXTI_StructInit
  79              	EXTI_StructInit:
  80 0000 B147     		li	a5,12
  81 0002 23200500 		sw	zero,0(a0)
  82 0006 23220500 		sw	zero,4(a0)
  83 000a 1CC5     		sw	a5,8(a0)
  84 000c 23260500 		sw	zero,12(a0)
  85 0010 8280     		ret
  87              		.section	.text.EXTI_GenerateSWInterrupt,"ax",@progbits
  88              		.align	1
  89              		.globl	EXTI_GenerateSWInterrupt
  91              	EXTI_GenerateSWInterrupt:
  92 0000 B7070140 		li	a5,1073807360
  93 0004 93870740 		addi	a5,a5,1024
  94 0008 984B     		lw	a4,16(a5)
  95 000a 498F     		or	a4,a4,a0
  96 000c 98CB     		sw	a4,16(a5)
  97 000e 8280     		ret
  99              		.section	.text.EXTI_GetFlagStatus,"ax",@progbits
 100              		.align	1
 101              		.globl	EXTI_GetFlagStatus
 103              	EXTI_GetFlagStatus:
 104 0000 B7070140 		li	a5,1073807360
 105 0004 93870740 		addi	a5,a5,1024
 106 0008 DC4B     		lw	a5,20(a5)
 107 000a 7D8D     		and	a0,a5,a0
 108 000c 3335A000 		snez	a0,a0
 109 0010 8280     		ret
 111              		.section	.text.EXTI_ClearFlag,"ax",@progbits
 112              		.align	1
 113              		.globl	EXTI_ClearFlag
 115              	EXTI_ClearFlag:
 116 0000 B7070140 		li	a5,1073807360
 117 0004 93870740 		addi	a5,a5,1024
 118 0008 C8CB     		sw	a0,20(a5)
 119 000a 8280     		ret
 121              		.section	.text.EXTI_GetITStatus,"ax",@progbits
 122              		.align	1
 123              		.globl	EXTI_GetITStatus
 125              	EXTI_GetITStatus:
 126 0000 B7070140 		li	a5,1073807360
 127 0004 93870740 		addi	a5,a5,1024
GAS LISTING /tmp/ccUCGeF1.s 			page 3


 128 0008 9443     		lw	a3,0(a5)
 129 000a DC4B     		lw	a5,20(a5)
 130 000c 2A87     		mv	a4,a0
 131 000e 7D8D     		and	a0,a5,a0
 132 0010 01C5     		beq	a0,zero,.L10
 133 0012 F98E     		and	a3,a3,a4
 134 0014 3335D000 		snez	a0,a3
 135              	.L10:
 136 0018 8280     		ret
 138              		.section	.text.EXTI_ClearITPendingBit,"ax",@progbits
 139              		.align	1
 140              		.globl	EXTI_ClearITPendingBit
 142              	EXTI_ClearITPendingBit:
 143 0000 B7070140 		li	a5,1073807360
 144 0004 93870740 		addi	a5,a5,1024
 145 0008 C8CB     		sw	a0,20(a5)
 146 000a 8280     		ret
 148              		.ident	"GCC: (xPack GNU RISC-V Embedded GCC x86_64) 12.2.0"
GAS LISTING /tmp/ccUCGeF1.s 			page 4


DEFINED SYMBOLS
                            *ABS*:0000000000000000 ch32v20x_exti.c
     /tmp/ccUCGeF1.s:11     .text.EXTI_DeInit:0000000000000000 EXTI_DeInit
     /tmp/ccUCGeF1.s:12     .text.EXTI_DeInit:0000000000000000 $x
     /tmp/ccUCGeF1.s:27     .text.EXTI_Init:0000000000000000 EXTI_Init
     /tmp/ccUCGeF1.s:28     .text.EXTI_Init:0000000000000000 $x
     /tmp/ccUCGeF1.s:79     .text.EXTI_StructInit:0000000000000000 EXTI_StructInit
     /tmp/ccUCGeF1.s:80     .text.EXTI_StructInit:0000000000000000 $x
     /tmp/ccUCGeF1.s:91     .text.EXTI_GenerateSWInterrupt:0000000000000000 EXTI_GenerateSWInterrupt
     /tmp/ccUCGeF1.s:92     .text.EXTI_GenerateSWInterrupt:0000000000000000 $x
     /tmp/ccUCGeF1.s:103    .text.EXTI_GetFlagStatus:0000000000000000 EXTI_GetFlagStatus
     /tmp/ccUCGeF1.s:104    .text.EXTI_GetFlagStatus:0000000000000000 $x
     /tmp/ccUCGeF1.s:115    .text.EXTI_ClearFlag:0000000000000000 EXTI_ClearFlag
     /tmp/ccUCGeF1.s:116    .text.EXTI_ClearFlag:0000000000000000 $x
     /tmp/ccUCGeF1.s:125    .text.EXTI_GetITStatus:0000000000000000 EXTI_GetITStatus
     /tmp/ccUCGeF1.s:126    .text.EXTI_GetITStatus:0000000000000000 $x
     /tmp/ccUCGeF1.s:142    .text.EXTI_ClearITPendingBit:0000000000000000 EXTI_ClearITPendingBit
     /tmp/ccUCGeF1.s:143    .text.EXTI_ClearITPendingBit:0000000000000000 $x
     /tmp/ccUCGeF1.s:69     .text.EXTI_Init:000000000000005a .L3
     /tmp/ccUCGeF1.s:63     .text.EXTI_Init:0000000000000050 .L4
     /tmp/ccUCGeF1.s:135    .text.EXTI_GetITStatus:0000000000000018 .L10

NO UNDEFINED SYMBOLS
