GAS LISTING /tmp/ccVlxvcz.s 			page 1


   1              		.file	"ch32v20x_usart.c"
   2              		.option nopic
   3              		.attribute arch, "rv32i2p0_m2p0_a2p0_c2p0_xw"
   4              		.attribute unaligned_access, 0
   5              		.attribute stack_align, 16
   6              		.text
   7              		.section	.text.USART_DeInit,"ax",@progbits
   8              		.align	1
   9              		.globl	USART_DeInit
  11              	USART_DeInit:
  12 0000 17030000 		call	t0,__riscv_save_0
  12      E7020300 
  13 0008 B7470140 		li	a5,1073823744
  14 000c 93870780 		addi	a5,a5,-2048
  15 0010 6312F502 		bne	a0,a5,.L2
  16 0014 8545     		li	a1,1
  17 0016 1165     		li	a0,16384
  18 0018 97000000 		call	RCC_APB2PeriphResetCmd
  18      E7800000 
  19 0020 8145     		li	a1,0
  20 0022 1165     		li	a0,16384
  21 0024 97000000 		call	RCC_APB2PeriphResetCmd
  21      E7800000 
  22              	.L1:
  23 002c 17030000 		tail	__riscv_restore_0
  23      67000300 
  24              	.L2:
  25 0034 B7470040 		li	a5,1073758208
  26 0038 93870740 		addi	a5,a5,1024
  27 003c 6311F502 		bne	a0,a5,.L4
  28 0040 8545     		li	a1,1
  29 0042 37050200 		li	a0,131072
  30 0046 97000000 		call	RCC_APB1PeriphResetCmd
  30      E7800000 
  31 004e 8145     		li	a1,0
  32 0050 37050200 		li	a0,131072
  33              	.L7:
  34 0054 97000000 		call	RCC_APB1PeriphResetCmd
  34      E7800000 
  35 005c C1BF     		j	.L1
  36              	.L4:
  37 005e B7570040 		li	a5,1073762304
  38 0062 13870780 		addi	a4,a5,-2048
  39 0066 631DE500 		bne	a0,a4,.L5
  40 006a 8545     		li	a1,1
  41 006c 37050400 		li	a0,262144
  42 0070 97000000 		call	RCC_APB1PeriphResetCmd
  42      E7800000 
  43 0078 8145     		li	a1,0
  44 007a 37050400 		li	a0,262144
  45 007e D9BF     		j	.L7
  46              	.L5:
  47 0080 938707C0 		addi	a5,a5,-1024
  48 0084 E314F5FA 		bne	a0,a5,.L1
  49 0088 8545     		li	a1,1
  50 008a 37050800 		li	a0,524288
  51 008e 97000000 		call	RCC_APB1PeriphResetCmd
GAS LISTING /tmp/ccVlxvcz.s 			page 2


  51      E7800000 
  52 0096 8145     		li	a1,0
  53 0098 37050800 		li	a0,524288
  54 009c 65BF     		j	.L7
  56              		.section	.text.USART_Init,"ax",@progbits
  57              		.align	1
  58              		.globl	USART_Init
  60              	USART_Init:
  61 0000 17030000 		call	t0,__riscv_save_2
  61      E7020300 
  62 0008 1629     		lhu	a3,16(a0)
  63 000a F577     		li	a5,-12288
  64 000c FD17     		addi	a5,a5,-1
  65 000e FD8E     		and	a3,a3,a5
  66 0010 FE21     		lhu	a5,6(a1)
  67 0012 DA25     		lhu	a4,12(a1)
  68 0014 0111     		addi	sp,sp,-32
  69 0016 D58F     		or	a5,a5,a3
  70 0018 1EA9     		sh	a5,16(a0)
  71 001a 5625     		lhu	a3,12(a0)
  72 001c FD77     		li	a5,-4096
  73 001e 9387379F 		addi	a5,a5,-1549
  74 0022 FD8E     		and	a3,a3,a5
  75 0024 DE21     		lhu	a5,4(a1)
  76 0026 2A84     		mv	s0,a0
  77 0028 AE84     		mv	s1,a1
  78 002a D58F     		or	a5,a5,a3
  79 002c 9625     		lhu	a3,8(a1)
  80 002e D58F     		or	a5,a5,a3
  81 0030 B625     		lhu	a3,10(a1)
  82 0032 D58F     		or	a5,a5,a3
  83 0034 5EA5     		sh	a5,12(a0)
  84 0036 5E29     		lhu	a5,20(a0)
  85 0038 C207     		slli	a5,a5,16
  86 003a C183     		srli	a5,a5,16
  87 003c 93F7F7CF 		andi	a5,a5,-769
  88 0040 D98F     		or	a5,a4,a5
  89 0042 5EA9     		sh	a5,20(a0)
  90 0044 6800     		addi	a0,sp,12
  91 0046 97000000 		call	RCC_GetClocksFreq
  91      E7800000 
  92 004e B7470140 		li	a5,1073823744
  93 0052 93870780 		addi	a5,a5,-2048
  94 0056 6310F404 		bne	s0,a5,.L9
  95 005a E247     		lw	a5,24(sp)
  96              	.L10:
  97 005c 6547     		li	a4,25
  98 005e B387E702 		mul	a5,a5,a4
  99 0062 9840     		lw	a4,0(s1)
 100 0064 93064006 		li	a3,100
 101 0068 0A07     		slli	a4,a4,2
 102 006a B3D7E702 		divu	a5,a5,a4
 103 006e 33D7D702 		divu	a4,a5,a3
 104 0072 B3F7D702 		remu	a5,a5,a3
 105 0076 1207     		slli	a4,a4,4
 106 0078 9207     		slli	a5,a5,4
 107 007a 93872703 		addi	a5,a5,50
GAS LISTING /tmp/ccVlxvcz.s 			page 3


 108 007e B3D7D702 		divu	a5,a5,a3
 109 0082 BD8B     		andi	a5,a5,15
 110 0084 D98F     		or	a5,a5,a4
 111 0086 C207     		slli	a5,a5,16
 112 0088 C183     		srli	a5,a5,16
 113 008a 1EA4     		sh	a5,8(s0)
 114 008c 0561     		addi	sp,sp,32
 115 008e 17030000 		tail	__riscv_restore_2
 115      67000300 
 116              	.L9:
 117 0096 D247     		lw	a5,20(sp)
 118 0098 D1B7     		j	.L10
 120              		.section	.text.USART_StructInit,"ax",@progbits
 121              		.align	1
 122              		.globl	USART_StructInit
 124              	USART_StructInit:
 125 0000 8967     		li	a5,8192
 126 0002 93870758 		addi	a5,a5,1408
 127 0006 1CC1     		sw	a5,0(a0)
 128 0008 B7070C00 		li	a5,786432
 129 000c 23220500 		sw	zero,4(a0)
 130 0010 1CC5     		sw	a5,8(a0)
 131 0012 23160500 		sh	zero,12(a0)
 132 0016 8280     		ret
 134              		.section	.text.USART_ClockInit,"ax",@progbits
 135              		.align	1
 136              		.globl	USART_ClockInit
 138              	USART_ClockInit:
 139 0000 B621     		lhu	a3,2(a1)
 140 0002 9E21     		lhu	a5,0(a1)
 141 0004 1A29     		lhu	a4,16(a0)
 142 0006 D58F     		or	a5,a5,a3
 143 0008 D621     		lhu	a3,4(a1)
 144 000a D58F     		or	a5,a5,a3
 145 000c F621     		lhu	a3,6(a1)
 146 000e D58F     		or	a5,a5,a3
 147 0010 FD76     		li	a3,-4096
 148 0012 9386F60F 		addi	a3,a3,255
 149 0016 758F     		and	a4,a4,a3
 150 0018 D98F     		or	a5,a5,a4
 151 001a 1EA9     		sh	a5,16(a0)
 152 001c 8280     		ret
 154              		.section	.text.USART_ClockStructInit,"ax",@progbits
 155              		.align	1
 156              		.globl	USART_ClockStructInit
 158              	USART_ClockStructInit:
 159 0000 23100500 		sh	zero,0(a0)
 160 0004 23110500 		sh	zero,2(a0)
 161 0008 23120500 		sh	zero,4(a0)
 162 000c 23130500 		sh	zero,6(a0)
 163 0010 8280     		ret
 165              		.section	.text.USART_Cmd,"ax",@progbits
 166              		.align	1
 167              		.globl	USART_Cmd
 169              	USART_Cmd:
 170 0000 5E25     		lhu	a5,12(a0)
 171 0002 89C5     		beq	a1,zero,.L16
GAS LISTING /tmp/ccVlxvcz.s 			page 4


 172 0004 0967     		li	a4,8192
 173 0006 D98F     		or	a5,a5,a4
 174              	.L18:
 175 0008 5EA5     		sh	a5,12(a0)
 176 000a 8280     		ret
 177              	.L16:
 178 000c 7977     		li	a4,-8192
 179 000e 7D17     		addi	a4,a4,-1
 180 0010 F98F     		and	a5,a5,a4
 181 0012 DDBF     		j	.L18
 183              		.section	.text.USART_ITConfig,"ax",@progbits
 184              		.align	1
 185              		.globl	USART_ITConfig
 187              	USART_ITConfig:
 188 0000 13F7F50F 		andi	a4,a1,0xff
 189 0004 8547     		li	a5,1
 190 0006 1583     		srli	a4,a4,5
 191 0008 B395B700 		sll	a1,a5,a1
 192 000c 6319F700 		bne	a4,a5,.L20
 193 0010 9307C500 		addi	a5,a0,12
 194              	.L21:
 195 0014 9843     		lw	a4,0(a5)
 196 0016 01CE     		beq	a2,zero,.L23
 197 0018 4D8F     		or	a4,a4,a1
 198 001a 98C3     		sw	a4,0(a5)
 199 001c 8280     		ret
 200              	.L20:
 201 001e 8946     		li	a3,2
 202 0020 93074501 		addi	a5,a0,20
 203 0024 E318D7FE 		bne	a4,a3,.L21
 204 0028 93070501 		addi	a5,a0,16
 205 002c E5B7     		j	.L21
 206              	.L23:
 207 002e 93C5F5FF 		not	a1,a1
 208 0032 F98D     		and	a1,a1,a4
 209 0034 8CC3     		sw	a1,0(a5)
 210 0036 8280     		ret
 212              		.section	.text.USART_DMACmd,"ax",@progbits
 213              		.align	1
 214              		.globl	USART_DMACmd
 216              	USART_DMACmd:
 217 0000 5E29     		lhu	a5,20(a0)
 218 0002 01C6     		beq	a2,zero,.L26
 219 0004 CD8F     		or	a5,a5,a1
 220              	.L28:
 221 0006 5EA9     		sh	a5,20(a0)
 222 0008 8280     		ret
 223              	.L26:
 224 000a 93C5F5FF 		not	a1,a1
 225 000e ED8F     		and	a5,a5,a1
 226 0010 DDBF     		j	.L28
 228              		.section	.text.USART_SetAddress,"ax",@progbits
 229              		.align	1
 230              		.globl	USART_SetAddress
 232              	USART_SetAddress:
 233 0000 1E29     		lhu	a5,16(a0)
 234 0002 C207     		slli	a5,a5,16
GAS LISTING /tmp/ccVlxvcz.s 			page 5


 235 0004 C183     		srli	a5,a5,16
 236 0006 C19B     		andi	a5,a5,-16
 237 0008 C207     		slli	a5,a5,16
 238 000a C183     		srli	a5,a5,16
 239 000c 1EA9     		sh	a5,16(a0)
 240 000e 1E29     		lhu	a5,16(a0)
 241 0010 DD8D     		or	a1,a1,a5
 242 0012 0EA9     		sh	a1,16(a0)
 243 0014 8280     		ret
 245              		.section	.text.USART_WakeUpConfig,"ax",@progbits
 246              		.align	1
 247              		.globl	USART_WakeUpConfig
 249              	USART_WakeUpConfig:
 250 0000 5E25     		lhu	a5,12(a0)
 251 0002 7D77     		li	a4,-4096
 252 0004 1307F77F 		addi	a4,a4,2047
 253 0008 F98F     		and	a5,a5,a4
 254 000a 5EA5     		sh	a5,12(a0)
 255 000c 5E25     		lhu	a5,12(a0)
 256 000e CD8F     		or	a5,a5,a1
 257 0010 5EA5     		sh	a5,12(a0)
 258 0012 8280     		ret
 260              		.section	.text.USART_ReceiverWakeUpCmd,"ax",@progbits
 261              		.align	1
 262              		.globl	USART_ReceiverWakeUpCmd
 264              	USART_ReceiverWakeUpCmd:
 265 0000 5E25     		lhu	a5,12(a0)
 266 0002 89C5     		beq	a1,zero,.L32
 267 0004 93E72700 		ori	a5,a5,2
 268              	.L34:
 269 0008 5EA5     		sh	a5,12(a0)
 270 000a 8280     		ret
 271              	.L32:
 272 000c C207     		slli	a5,a5,16
 273 000e C183     		srli	a5,a5,16
 274 0010 F59B     		andi	a5,a5,-3
 275 0012 C207     		slli	a5,a5,16
 276 0014 C183     		srli	a5,a5,16
 277 0016 CDBF     		j	.L34
 279              		.section	.text.USART_LINBreakDetectLengthConfig,"ax",@progbits
 280              		.align	1
 281              		.globl	USART_LINBreakDetectLengthConfig
 283              	USART_LINBreakDetectLengthConfig:
 284 0000 1E29     		lhu	a5,16(a0)
 285 0002 C207     		slli	a5,a5,16
 286 0004 C183     		srli	a5,a5,16
 287 0006 93F7F7FD 		andi	a5,a5,-33
 288 000a C207     		slli	a5,a5,16
 289 000c C183     		srli	a5,a5,16
 290 000e 1EA9     		sh	a5,16(a0)
 291 0010 1E29     		lhu	a5,16(a0)
 292 0012 CD8F     		or	a5,a5,a1
 293 0014 1EA9     		sh	a5,16(a0)
 294 0016 8280     		ret
 296              		.section	.text.USART_LINCmd,"ax",@progbits
 297              		.align	1
 298              		.globl	USART_LINCmd
GAS LISTING /tmp/ccVlxvcz.s 			page 6


 300              	USART_LINCmd:
 301 0000 1E29     		lhu	a5,16(a0)
 302 0002 89C5     		beq	a1,zero,.L37
 303 0004 1167     		li	a4,16384
 304 0006 D98F     		or	a5,a5,a4
 305              	.L39:
 306 0008 1EA9     		sh	a5,16(a0)
 307 000a 8280     		ret
 308              	.L37:
 309 000c 7177     		li	a4,-16384
 310 000e 7D17     		addi	a4,a4,-1
 311 0010 F98F     		and	a5,a5,a4
 312 0012 DDBF     		j	.L39
 314              		.section	.text.USART_SendData,"ax",@progbits
 315              		.align	1
 316              		.globl	USART_SendData
 318              	USART_SendData:
 319 0000 93F5F51F 		andi	a1,a1,511
 320 0004 4EA1     		sh	a1,4(a0)
 321 0006 8280     		ret
 323              		.section	.text.USART_ReceiveData,"ax",@progbits
 324              		.align	1
 325              		.globl	USART_ReceiveData
 327              	USART_ReceiveData:
 328 0000 4A21     		lhu	a0,4(a0)
 329 0002 1375F51F 		andi	a0,a0,511
 330 0006 8280     		ret
 332              		.section	.text.USART_SendBreak,"ax",@progbits
 333              		.align	1
 334              		.globl	USART_SendBreak
 336              	USART_SendBreak:
 337 0000 5E25     		lhu	a5,12(a0)
 338 0002 93E71700 		ori	a5,a5,1
 339 0006 5EA5     		sh	a5,12(a0)
 340 0008 8280     		ret
 342              		.section	.text.USART_SetGuardTime,"ax",@progbits
 343              		.align	1
 344              		.globl	USART_SetGuardTime
 346              	USART_SetGuardTime:
 347 0000 1E2D     		lhu	a5,24(a0)
 348 0002 A205     		slli	a1,a1,8
 349 0004 93F7F70F 		andi	a5,a5,0xff
 350 0008 1EAD     		sh	a5,24(a0)
 351 000a 1E2D     		lhu	a5,24(a0)
 352 000c CD8F     		or	a5,a5,a1
 353 000e 1EAD     		sh	a5,24(a0)
 354 0010 8280     		ret
 356              		.section	.text.USART_SetPrescaler,"ax",@progbits
 357              		.align	1
 358              		.globl	USART_SetPrescaler
 360              	USART_SetPrescaler:
 361 0000 1E2D     		lhu	a5,24(a0)
 362 0002 C207     		slli	a5,a5,16
 363 0004 C183     		srli	a5,a5,16
 364 0006 93F707F0 		andi	a5,a5,-256
 365 000a C207     		slli	a5,a5,16
 366 000c C183     		srli	a5,a5,16
GAS LISTING /tmp/ccVlxvcz.s 			page 7


 367 000e 1EAD     		sh	a5,24(a0)
 368 0010 1E2D     		lhu	a5,24(a0)
 369 0012 DD8D     		or	a1,a1,a5
 370 0014 0EAD     		sh	a1,24(a0)
 371 0016 8280     		ret
 373              		.section	.text.USART_SmartCardCmd,"ax",@progbits
 374              		.align	1
 375              		.globl	USART_SmartCardCmd
 377              	USART_SmartCardCmd:
 378 0000 5E29     		lhu	a5,20(a0)
 379 0002 89C5     		beq	a1,zero,.L46
 380 0004 93E70702 		ori	a5,a5,32
 381              	.L48:
 382 0008 5EA9     		sh	a5,20(a0)
 383 000a 8280     		ret
 384              	.L46:
 385 000c C207     		slli	a5,a5,16
 386 000e C183     		srli	a5,a5,16
 387 0010 93F7F7FD 		andi	a5,a5,-33
 388 0014 C207     		slli	a5,a5,16
 389 0016 C183     		srli	a5,a5,16
 390 0018 C5BF     		j	.L48
 392              		.section	.text.USART_SmartCardNACKCmd,"ax",@progbits
 393              		.align	1
 394              		.globl	USART_SmartCardNACKCmd
 396              	USART_SmartCardNACKCmd:
 397 0000 5E29     		lhu	a5,20(a0)
 398 0002 89C5     		beq	a1,zero,.L50
 399 0004 93E70701 		ori	a5,a5,16
 400              	.L52:
 401 0008 5EA9     		sh	a5,20(a0)
 402 000a 8280     		ret
 403              	.L50:
 404 000c C207     		slli	a5,a5,16
 405 000e C183     		srli	a5,a5,16
 406 0010 BD9B     		andi	a5,a5,-17
 407 0012 C207     		slli	a5,a5,16
 408 0014 C183     		srli	a5,a5,16
 409 0016 CDBF     		j	.L52
 411              		.section	.text.USART_HalfDuplexCmd,"ax",@progbits
 412              		.align	1
 413              		.globl	USART_HalfDuplexCmd
 415              	USART_HalfDuplexCmd:
 416 0000 5E29     		lhu	a5,20(a0)
 417 0002 89C5     		beq	a1,zero,.L54
 418 0004 93E78700 		ori	a5,a5,8
 419              	.L56:
 420 0008 5EA9     		sh	a5,20(a0)
 421 000a 8280     		ret
 422              	.L54:
 423 000c C207     		slli	a5,a5,16
 424 000e C183     		srli	a5,a5,16
 425 0010 DD9B     		andi	a5,a5,-9
 426 0012 C207     		slli	a5,a5,16
 427 0014 C183     		srli	a5,a5,16
 428 0016 CDBF     		j	.L56
 430              		.section	.text.USART_IrDAConfig,"ax",@progbits
GAS LISTING /tmp/ccVlxvcz.s 			page 8


 431              		.align	1
 432              		.globl	USART_IrDAConfig
 434              	USART_IrDAConfig:
 435 0000 5E29     		lhu	a5,20(a0)
 436 0002 C207     		slli	a5,a5,16
 437 0004 C183     		srli	a5,a5,16
 438 0006 ED9B     		andi	a5,a5,-5
 439 0008 C207     		slli	a5,a5,16
 440 000a C183     		srli	a5,a5,16
 441 000c 5EA9     		sh	a5,20(a0)
 442 000e 5E29     		lhu	a5,20(a0)
 443 0010 CD8F     		or	a5,a5,a1
 444 0012 5EA9     		sh	a5,20(a0)
 445 0014 8280     		ret
 447              		.section	.text.USART_IrDACmd,"ax",@progbits
 448              		.align	1
 449              		.globl	USART_IrDACmd
 451              	USART_IrDACmd:
 452 0000 5E29     		lhu	a5,20(a0)
 453 0002 89C5     		beq	a1,zero,.L59
 454 0004 93E72700 		ori	a5,a5,2
 455              	.L61:
 456 0008 5EA9     		sh	a5,20(a0)
 457 000a 8280     		ret
 458              	.L59:
 459 000c C207     		slli	a5,a5,16
 460 000e C183     		srli	a5,a5,16
 461 0010 F59B     		andi	a5,a5,-3
 462 0012 C207     		slli	a5,a5,16
 463 0014 C183     		srli	a5,a5,16
 464 0016 CDBF     		j	.L61
 466              		.section	.text.USART_GetFlagStatus,"ax",@progbits
 467              		.align	1
 468              		.globl	USART_GetFlagStatus
 470              	USART_GetFlagStatus:
 471 0000 0A21     		lhu	a0,0(a0)
 472 0002 6D8D     		and	a0,a0,a1
 473 0004 3335A000 		snez	a0,a0
 474 0008 8280     		ret
 476              		.section	.text.USART_ClearFlag,"ax",@progbits
 477              		.align	1
 478              		.globl	USART_ClearFlag
 480              	USART_ClearFlag:
 481 0000 93C5F5FF 		not	a1,a1
 482 0004 C205     		slli	a1,a1,16
 483 0006 C181     		srli	a1,a1,16
 484 0008 0EA1     		sh	a1,0(a0)
 485 000a 8280     		ret
 487              		.section	.text.USART_GetITStatus,"ax",@progbits
 488              		.align	1
 489              		.globl	USART_GetITStatus
 491              	USART_GetITStatus:
 492 0000 93F6F50F 		andi	a3,a1,0xff
 493 0004 0546     		li	a2,1
 494 0006 9582     		srli	a3,a3,5
 495 0008 2A87     		mv	a4,a0
 496 000a B317B600 		sll	a5,a2,a1
GAS LISTING /tmp/ccVlxvcz.s 			page 9


 497 000e 6391C602 		bne	a3,a2,.L65
 498 0012 5625     		lhu	a3,12(a0)
 499              	.L72:
 500 0014 33F5F600 		and	a0,a3,a5
 501 0018 1E23     		lhu	a5,0(a4)
 502 001a C207     		slli	a5,a5,16
 503 001c C183     		srli	a5,a5,16
 504 001e 01C9     		beq	a0,zero,.L64
 505 0020 A181     		srli	a1,a1,8
 506 0022 0547     		li	a4,1
 507 0024 3317B700 		sll	a4,a4,a1
 508 0028 F98F     		and	a5,a5,a4
 509 002a 3335F000 		snez	a0,a5
 510              	.L64:
 511 002e 8280     		ret
 512              	.L65:
 513 0030 0946     		li	a2,2
 514 0032 6394C600 		bne	a3,a2,.L67
 515 0036 1629     		lhu	a3,16(a0)
 516 0038 F1BF     		j	.L72
 517              	.L67:
 518 003a 5629     		lhu	a3,20(a0)
 519 003c E1BF     		j	.L72
 521              		.section	.text.USART_ClearITPendingBit,"ax",@progbits
 522              		.align	1
 523              		.globl	USART_ClearITPendingBit
 525              	USART_ClearITPendingBit:
 526 0000 A181     		srli	a1,a1,8
 527 0002 8547     		li	a5,1
 528 0004 B397B700 		sll	a5,a5,a1
 529 0008 93C7F7FF 		not	a5,a5
 530 000c C207     		slli	a5,a5,16
 531 000e C183     		srli	a5,a5,16
 532 0010 1EA1     		sh	a5,0(a0)
 533 0012 8280     		ret
 535              		.ident	"GCC: (xPack GNU RISC-V Embedded GCC x86_64) 12.2.0"
GAS LISTING /tmp/ccVlxvcz.s 			page 10


DEFINED SYMBOLS
                            *ABS*:0000000000000000 ch32v20x_usart.c
     /tmp/ccVlxvcz.s:11     .text.USART_DeInit:0000000000000000 USART_DeInit
     /tmp/ccVlxvcz.s:12     .text.USART_DeInit:0000000000000000 $x
     /tmp/ccVlxvcz.s:60     .text.USART_Init:0000000000000000 USART_Init
     /tmp/ccVlxvcz.s:61     .text.USART_Init:0000000000000000 $x
     /tmp/ccVlxvcz.s:124    .text.USART_StructInit:0000000000000000 USART_StructInit
     /tmp/ccVlxvcz.s:125    .text.USART_StructInit:0000000000000000 $x
     /tmp/ccVlxvcz.s:138    .text.USART_ClockInit:0000000000000000 USART_ClockInit
     /tmp/ccVlxvcz.s:139    .text.USART_ClockInit:0000000000000000 $x
     /tmp/ccVlxvcz.s:158    .text.USART_ClockStructInit:0000000000000000 USART_ClockStructInit
     /tmp/ccVlxvcz.s:159    .text.USART_ClockStructInit:0000000000000000 $x
     /tmp/ccVlxvcz.s:169    .text.USART_Cmd:0000000000000000 USART_Cmd
     /tmp/ccVlxvcz.s:170    .text.USART_Cmd:0000000000000000 $x
     /tmp/ccVlxvcz.s:187    .text.USART_ITConfig:0000000000000000 USART_ITConfig
     /tmp/ccVlxvcz.s:188    .text.USART_ITConfig:0000000000000000 $x
     /tmp/ccVlxvcz.s:216    .text.USART_DMACmd:0000000000000000 USART_DMACmd
     /tmp/ccVlxvcz.s:217    .text.USART_DMACmd:0000000000000000 $x
     /tmp/ccVlxvcz.s:232    .text.USART_SetAddress:0000000000000000 USART_SetAddress
     /tmp/ccVlxvcz.s:233    .text.USART_SetAddress:0000000000000000 $x
     /tmp/ccVlxvcz.s:249    .text.USART_WakeUpConfig:0000000000000000 USART_WakeUpConfig
     /tmp/ccVlxvcz.s:250    .text.USART_WakeUpConfig:0000000000000000 $x
     /tmp/ccVlxvcz.s:264    .text.USART_ReceiverWakeUpCmd:0000000000000000 USART_ReceiverWakeUpCmd
     /tmp/ccVlxvcz.s:265    .text.USART_ReceiverWakeUpCmd:0000000000000000 $x
     /tmp/ccVlxvcz.s:283    .text.USART_LINBreakDetectLengthConfig:0000000000000000 USART_LINBreakDetectLengthConfig
     /tmp/ccVlxvcz.s:284    .text.USART_LINBreakDetectLengthConfig:0000000000000000 $x
     /tmp/ccVlxvcz.s:300    .text.USART_LINCmd:0000000000000000 USART_LINCmd
     /tmp/ccVlxvcz.s:301    .text.USART_LINCmd:0000000000000000 $x
     /tmp/ccVlxvcz.s:318    .text.USART_SendData:0000000000000000 USART_SendData
     /tmp/ccVlxvcz.s:319    .text.USART_SendData:0000000000000000 $x
     /tmp/ccVlxvcz.s:327    .text.USART_ReceiveData:0000000000000000 USART_ReceiveData
     /tmp/ccVlxvcz.s:328    .text.USART_ReceiveData:0000000000000000 $x
     /tmp/ccVlxvcz.s:336    .text.USART_SendBreak:0000000000000000 USART_SendBreak
     /tmp/ccVlxvcz.s:337    .text.USART_SendBreak:0000000000000000 $x
     /tmp/ccVlxvcz.s:346    .text.USART_SetGuardTime:0000000000000000 USART_SetGuardTime
     /tmp/ccVlxvcz.s:347    .text.USART_SetGuardTime:0000000000000000 $x
     /tmp/ccVlxvcz.s:360    .text.USART_SetPrescaler:0000000000000000 USART_SetPrescaler
     /tmp/ccVlxvcz.s:361    .text.USART_SetPrescaler:0000000000000000 $x
     /tmp/ccVlxvcz.s:377    .text.USART_SmartCardCmd:0000000000000000 USART_SmartCardCmd
     /tmp/ccVlxvcz.s:378    .text.USART_SmartCardCmd:0000000000000000 $x
     /tmp/ccVlxvcz.s:396    .text.USART_SmartCardNACKCmd:0000000000000000 USART_SmartCardNACKCmd
     /tmp/ccVlxvcz.s:397    .text.USART_SmartCardNACKCmd:0000000000000000 $x
     /tmp/ccVlxvcz.s:415    .text.USART_HalfDuplexCmd:0000000000000000 USART_HalfDuplexCmd
     /tmp/ccVlxvcz.s:416    .text.USART_HalfDuplexCmd:0000000000000000 $x
     /tmp/ccVlxvcz.s:434    .text.USART_IrDAConfig:0000000000000000 USART_IrDAConfig
     /tmp/ccVlxvcz.s:435    .text.USART_IrDAConfig:0000000000000000 $x
     /tmp/ccVlxvcz.s:451    .text.USART_IrDACmd:0000000000000000 USART_IrDACmd
     /tmp/ccVlxvcz.s:452    .text.USART_IrDACmd:0000000000000000 $x
     /tmp/ccVlxvcz.s:470    .text.USART_GetFlagStatus:0000000000000000 USART_GetFlagStatus
     /tmp/ccVlxvcz.s:471    .text.USART_GetFlagStatus:0000000000000000 $x
     /tmp/ccVlxvcz.s:480    .text.USART_ClearFlag:0000000000000000 USART_ClearFlag
     /tmp/ccVlxvcz.s:481    .text.USART_ClearFlag:0000000000000000 $x
     /tmp/ccVlxvcz.s:491    .text.USART_GetITStatus:0000000000000000 USART_GetITStatus
     /tmp/ccVlxvcz.s:492    .text.USART_GetITStatus:0000000000000000 $x
     /tmp/ccVlxvcz.s:525    .text.USART_ClearITPendingBit:0000000000000000 USART_ClearITPendingBit
     /tmp/ccVlxvcz.s:526    .text.USART_ClearITPendingBit:0000000000000000 $x
     /tmp/ccVlxvcz.s:24     .text.USART_DeInit:0000000000000034 .L2
GAS LISTING /tmp/ccVlxvcz.s 			page 11


     /tmp/ccVlxvcz.s:36     .text.USART_DeInit:000000000000005e .L4
     /tmp/ccVlxvcz.s:22     .text.USART_DeInit:000000000000002c .L1
     /tmp/ccVlxvcz.s:46     .text.USART_DeInit:0000000000000080 .L5
     /tmp/ccVlxvcz.s:33     .text.USART_DeInit:0000000000000054 .L7
     /tmp/ccVlxvcz.s:116    .text.USART_Init:0000000000000096 .L9
     /tmp/ccVlxvcz.s:96     .text.USART_Init:000000000000005c .L10
     /tmp/ccVlxvcz.s:177    .text.USART_Cmd:000000000000000c .L16
     /tmp/ccVlxvcz.s:174    .text.USART_Cmd:0000000000000008 .L18
     /tmp/ccVlxvcz.s:200    .text.USART_ITConfig:000000000000001e .L20
     /tmp/ccVlxvcz.s:206    .text.USART_ITConfig:000000000000002e .L23
     /tmp/ccVlxvcz.s:194    .text.USART_ITConfig:0000000000000014 .L21
     /tmp/ccVlxvcz.s:223    .text.USART_DMACmd:000000000000000a .L26
     /tmp/ccVlxvcz.s:220    .text.USART_DMACmd:0000000000000006 .L28
     /tmp/ccVlxvcz.s:271    .text.USART_ReceiverWakeUpCmd:000000000000000c .L32
     /tmp/ccVlxvcz.s:268    .text.USART_ReceiverWakeUpCmd:0000000000000008 .L34
     /tmp/ccVlxvcz.s:308    .text.USART_LINCmd:000000000000000c .L37
     /tmp/ccVlxvcz.s:305    .text.USART_LINCmd:0000000000000008 .L39
     /tmp/ccVlxvcz.s:384    .text.USART_SmartCardCmd:000000000000000c .L46
     /tmp/ccVlxvcz.s:381    .text.USART_SmartCardCmd:0000000000000008 .L48
     /tmp/ccVlxvcz.s:403    .text.USART_SmartCardNACKCmd:000000000000000c .L50
     /tmp/ccVlxvcz.s:400    .text.USART_SmartCardNACKCmd:0000000000000008 .L52
     /tmp/ccVlxvcz.s:422    .text.USART_HalfDuplexCmd:000000000000000c .L54
     /tmp/ccVlxvcz.s:419    .text.USART_HalfDuplexCmd:0000000000000008 .L56
     /tmp/ccVlxvcz.s:458    .text.USART_IrDACmd:000000000000000c .L59
     /tmp/ccVlxvcz.s:455    .text.USART_IrDACmd:0000000000000008 .L61
     /tmp/ccVlxvcz.s:512    .text.USART_GetITStatus:0000000000000030 .L65
     /tmp/ccVlxvcz.s:510    .text.USART_GetITStatus:000000000000002e .L64
     /tmp/ccVlxvcz.s:517    .text.USART_GetITStatus:000000000000003a .L67
     /tmp/ccVlxvcz.s:499    .text.USART_GetITStatus:0000000000000014 .L72

UNDEFINED SYMBOLS
__riscv_save_0
RCC_APB2PeriphResetCmd
__riscv_restore_0
RCC_APB1PeriphResetCmd
__riscv_save_2
RCC_GetClocksFreq
__riscv_restore_2
