GAS LISTING /tmp/cc1Wv3H1.s 			page 1


   1              		.file	"ch32v20x_crc.c"
   2              		.option nopic
   3              		.attribute arch, "rv32i2p0_m2p0_a2p0_c2p0_xw"
   4              		.attribute unaligned_access, 0
   5              		.attribute stack_align, 16
   6              		.text
   7              		.section	.text.CRC_ResetDR,"ax",@progbits
   8              		.align	1
   9              		.globl	CRC_ResetDR
  11              	CRC_ResetDR:
  12 0000 B7370240 		li	a5,1073885184
  13 0004 0547     		li	a4,1
  14 0006 98C7     		sw	a4,8(a5)
  15 0008 8280     		ret
  17              		.section	.text.CRC_CalcCRC,"ax",@progbits
  18              		.align	1
  19              		.globl	CRC_CalcCRC
  21              	CRC_CalcCRC:
  22 0000 B7370240 		li	a5,1073885184
  23 0004 88C3     		sw	a0,0(a5)
  24 0006 8843     		lw	a0,0(a5)
  25 0008 8280     		ret
  27              		.section	.text.CRC_CalcBlockCRC,"ax",@progbits
  28              		.align	1
  29              		.globl	CRC_CalcBlockCRC
  31              	CRC_CalcBlockCRC:
  32 0000 8147     		li	a5,0
  33 0002 B7360240 		li	a3,1073885184
  34              	.L4:
  35 0006 6396B700 		bne	a5,a1,.L5
  36 000a B7370240 		li	a5,1073885184
  37 000e 8843     		lw	a0,0(a5)
  38 0010 8280     		ret
  39              	.L5:
  40 0012 13972700 		slli	a4,a5,2
  41 0016 2A97     		add	a4,a0,a4
  42 0018 1843     		lw	a4,0(a4)
  43 001a 8507     		addi	a5,a5,1
  44 001c 98C2     		sw	a4,0(a3)
  45 001e E5B7     		j	.L4
  47              		.section	.text.CRC_GetCRC,"ax",@progbits
  48              		.align	1
  49              		.globl	CRC_GetCRC
  51              	CRC_GetCRC:
  52 0000 B7370240 		li	a5,1073885184
  53 0004 8843     		lw	a0,0(a5)
  54 0006 8280     		ret
  56              		.section	.text.CRC_SetIDRegister,"ax",@progbits
  57              		.align	1
  58              		.globl	CRC_SetIDRegister
  60              	CRC_SetIDRegister:
  61 0000 B7370240 		li	a5,1073885184
  62 0004 C8A3     		sb	a0,4(a5)
  63 0006 8280     		ret
  65              		.section	.text.CRC_GetIDRegister,"ax",@progbits
  66              		.align	1
  67              		.globl	CRC_GetIDRegister
GAS LISTING /tmp/cc1Wv3H1.s 			page 2


  69              	CRC_GetIDRegister:
  70 0000 B7370240 		li	a5,1073885184
  71 0004 C823     		lbu	a0,4(a5)
  72 0006 8280     		ret
  74              		.ident	"GCC: (xPack GNU RISC-V Embedded GCC x86_64) 12.2.0"
GAS LISTING /tmp/cc1Wv3H1.s 			page 3


DEFINED SYMBOLS
                            *ABS*:0000000000000000 ch32v20x_crc.c
     /tmp/cc1Wv3H1.s:11     .text.CRC_ResetDR:0000000000000000 CRC_ResetDR
     /tmp/cc1Wv3H1.s:12     .text.CRC_ResetDR:0000000000000000 $x
     /tmp/cc1Wv3H1.s:21     .text.CRC_CalcCRC:0000000000000000 CRC_CalcCRC
     /tmp/cc1Wv3H1.s:22     .text.CRC_CalcCRC:0000000000000000 $x
     /tmp/cc1Wv3H1.s:31     .text.CRC_CalcBlockCRC:0000000000000000 CRC_CalcBlockCRC
     /tmp/cc1Wv3H1.s:32     .text.CRC_CalcBlockCRC:0000000000000000 $x
     /tmp/cc1Wv3H1.s:51     .text.CRC_GetCRC:0000000000000000 CRC_GetCRC
     /tmp/cc1Wv3H1.s:52     .text.CRC_GetCRC:0000000000000000 $x
     /tmp/cc1Wv3H1.s:60     .text.CRC_SetIDRegister:0000000000000000 CRC_SetIDRegister
     /tmp/cc1Wv3H1.s:61     .text.CRC_SetIDRegister:0000000000000000 $x
     /tmp/cc1Wv3H1.s:69     .text.CRC_GetIDRegister:0000000000000000 CRC_GetIDRegister
     /tmp/cc1Wv3H1.s:70     .text.CRC_GetIDRegister:0000000000000000 $x
     /tmp/cc1Wv3H1.s:39     .text.CRC_CalcBlockCRC:0000000000000012 .L5
     /tmp/cc1Wv3H1.s:34     .text.CRC_CalcBlockCRC:0000000000000006 .L4

NO UNDEFINED SYMBOLS
