GAS LISTING /tmp/ccW2lbbs.s 			page 1


   1              		.file	"ch32v20x_gpio.c"
   2              		.option nopic
   3              		.attribute arch, "rv32i2p0_m2p0_a2p0_c2p0_xw"
   4              		.attribute unaligned_access, 0
   5              		.attribute stack_align, 16
   6              		.text
   7              		.section	.text.GPIO_DeInit,"ax",@progbits
   8              		.align	1
   9              		.globl	GPIO_DeInit
  11              	GPIO_DeInit:
  12 0000 17030000 		call	t0,__riscv_save_0
  12      E7020300 
  13 0008 B7170140 		li	a5,1073811456
  14 000c 13870780 		addi	a4,a5,-2048
  15 0010 6312E502 		bne	a0,a4,.L2
  16 0014 8545     		li	a1,1
  17 0016 1145     		li	a0,4
  18 0018 97000000 		call	RCC_APB2PeriphResetCmd
  18      E7800000 
  19 0020 8145     		li	a1,0
  20 0022 1145     		li	a0,4
  21              	.L8:
  22 0024 97000000 		call	RCC_APB2PeriphResetCmd
  22      E7800000 
  23              	.L1:
  24 002c 17030000 		tail	__riscv_restore_0
  24      67000300 
  25              	.L2:
  26 0034 138707C0 		addi	a4,a5,-1024
  27 0038 631BE500 		bne	a0,a4,.L4
  28 003c 8545     		li	a1,1
  29 003e 2145     		li	a0,8
  30 0040 97000000 		call	RCC_APB2PeriphResetCmd
  30      E7800000 
  31 0048 8145     		li	a1,0
  32 004a 2145     		li	a0,8
  33 004c E1BF     		j	.L8
  34              	.L4:
  35 004e 631BF500 		bne	a0,a5,.L5
  36 0052 8545     		li	a1,1
  37 0054 4145     		li	a0,16
  38 0056 97000000 		call	RCC_APB2PeriphResetCmd
  38      E7800000 
  39 005e 8145     		li	a1,0
  40 0060 4145     		li	a0,16
  41 0062 C9B7     		j	.L8
  42              	.L5:
  43 0064 93870740 		addi	a5,a5,1024
  44 0068 631DF500 		bne	a0,a5,.L6
  45 006c 8545     		li	a1,1
  46 006e 13050002 		li	a0,32
  47 0072 97000000 		call	RCC_APB2PeriphResetCmd
  47      E7800000 
  48 007a 8145     		li	a1,0
  49 007c 13050002 		li	a0,32
  50 0080 55B7     		j	.L8
  51              	.L6:
GAS LISTING /tmp/ccW2lbbs.s 			page 2


  52 0082 B7270140 		li	a5,1073815552
  53 0086 93870780 		addi	a5,a5,-2048
  54 008a E311F5FA 		bne	a0,a5,.L1
  55 008e 8545     		li	a1,1
  56 0090 13050004 		li	a0,64
  57 0094 97000000 		call	RCC_APB2PeriphResetCmd
  57      E7800000 
  58 009c 8145     		li	a1,0
  59 009e 13050004 		li	a0,64
  60 00a2 49B7     		j	.L8
  62              		.section	.text.GPIO_AFIODeInit,"ax",@progbits
  63              		.align	1
  64              		.globl	GPIO_AFIODeInit
  66              	GPIO_AFIODeInit:
  67 0000 17030000 		call	t0,__riscv_save_0
  67      E7020300 
  68 0008 8545     		li	a1,1
  69 000a 0545     		li	a0,1
  70 000c 97000000 		call	RCC_APB2PeriphResetCmd
  70      E7800000 
  71 0014 8145     		li	a1,0
  72 0016 0545     		li	a0,1
  73 0018 97000000 		call	RCC_APB2PeriphResetCmd
  73      E7800000 
  74 0020 17030000 		tail	__riscv_restore_0
  74      67000300 
  76              		.section	.text.GPIO_Init,"ax",@progbits
  77              		.align	1
  78              		.globl	GPIO_Init
  80              	GPIO_Init:
  81 0000 9C45     		lw	a5,8(a1)
  82 0002 13F70701 		andi	a4,a5,16
  83 0006 13F8F700 		andi	a6,a5,15
  84 000a 01C7     		beq	a4,zero,.L12
  85 000c D841     		lw	a4,4(a1)
  86 000e 3368E800 		or	a6,a6,a4
  87              	.L12:
  88 0012 37270240 		li	a4,1073881088
  89 0016 145B     		lw	a3,48(a4)
  90 0018 3707000F 		li	a4,251658240
  91 001c 758F     		and	a4,a4,a3
  92 001e 55EB     		bne	a4,zero,.L13
  93 0020 37070000 		lui	a4,%hi(MCU_Version)
  94 0024 8546     		li	a3,1
  95 0026 2300D700 		sb	a3,%lo(MCU_Version)(a4)
  96 002a 37170140 		li	a4,1073811456
  97 002e 6315E500 		bne	a0,a4,.L15
  98              	.L14:
  99 0032 9A21     		lhu	a4,0(a1)
 100 0034 3583     		srli	a4,a4,13
 101 0036 9AA1     		sh	a4,0(a1)
 102              	.L15:
 103 0038 8E21     		lhu	a1,0(a1)
 104 003a 13F7F50F 		andi	a4,a1,0xff
 105 003e 31C3     		beq	a4,zero,.L17
 106 0040 1841     		lw	a4,0(a0)
 107 0042 8146     		li	a3,0
GAS LISTING /tmp/ccW2lbbs.s 			page 3


 108 0044 054E     		li	t3,1
 109 0046 930E8002 		li	t4,40
 110 004a 3D4F     		li	t5,15
 111 004c 930F8004 		li	t6,72
 112 0050 2143     		li	t1,8
 113              	.L22:
 114 0052 3316DE00 		sll	a2,t3,a3
 115 0056 B3F8C500 		and	a7,a1,a2
 116 005a 63101603 		bne	a2,a7,.L18
 117 005e 6394D709 		bne	a5,t4,.L19
 118 0062 50C9     		sw	a2,20(a0)
 119              	.L20:
 120 0064 13962600 		slli	a2,a3,2
 121 0068 B318CF00 		sll	a7,t5,a2
 122 006c 93C8F8FF 		not	a7,a7
 123 0070 33F7E800 		and	a4,a7,a4
 124 0074 3316C800 		sll	a2,a6,a2
 125 0078 518F     		or	a4,a2,a4
 126              	.L18:
 127 007a 8506     		addi	a3,a3,1
 128 007c E39B66FC 		bne	a3,t1,.L22
 129 0080 18C1     		sw	a4,0(a0)
 130              	.L17:
 131 0082 1307F00F 		li	a4,255
 132 0086 6375B704 		bleu	a1,a4,.L11
 133 008a 5441     		lw	a3,4(a0)
 134 008c 0146     		li	a2,0
 135 008e 054E     		li	t3,1
 136 0090 930E8002 		li	t4,40
 137 0094 130F8004 		li	t5,72
 138 0098 2143     		li	t1,8
 139              	.L27:
 140 009a 13078600 		addi	a4,a2,8
 141 009e 3317EE00 		sll	a4,t3,a4
 142 00a2 B3F8E500 		and	a7,a1,a4
 143 00a6 63111703 		bne	a4,a7,.L24
 144 00aa 6392D705 		bne	a5,t4,.L25
 145 00ae 58C9     		sw	a4,20(a0)
 146              	.L26:
 147 00b0 93182600 		slli	a7,a2,2
 148 00b4 3D47     		li	a4,15
 149 00b6 33171701 		sll	a4,a4,a7
 150 00ba 1347F7FF 		not	a4,a4
 151 00be F98E     		and	a3,a4,a3
 152 00c0 B3181801 		sll	a7,a6,a7
 153 00c4 B3E6D800 		or	a3,a7,a3
 154              	.L24:
 155 00c8 0506     		addi	a2,a2,1
 156 00ca E31866FC 		bne	a2,t1,.L27
 157 00ce 54C1     		sw	a3,4(a0)
 158              	.L11:
 159 00d0 8280     		ret
 160              	.L13:
 161 00d2 37170140 		li	a4,1073811456
 162 00d6 E311E5F6 		bne	a0,a4,.L15
 163 00da 37070000 		lui	a4,%hi(MCU_Version)
 164 00de 03470700 		lbu	a4,%lo(MCU_Version)(a4)
GAS LISTING /tmp/ccW2lbbs.s 			page 4


 165 00e2 39DB     		beq	a4,zero,.L15
 166 00e4 B9B7     		j	.L14
 167              	.L19:
 168 00e6 E39FF7F7 		bne	a5,t6,.L20
 169 00ea 10C9     		sw	a2,16(a0)
 170 00ec A5BF     		j	.L20
 171              	.L25:
 172 00ee E391E7FD 		bne	a5,t5,.L26
 173 00f2 18C9     		sw	a4,16(a0)
 174 00f4 75BF     		j	.L26
 176              		.section	.text.GPIO_StructInit,"ax",@progbits
 177              		.align	1
 178              		.globl	GPIO_StructInit
 180              	GPIO_StructInit:
 181 0000 FD57     		li	a5,-1
 182 0002 1EA1     		sh	a5,0(a0)
 183 0004 8947     		li	a5,2
 184 0006 5CC1     		sw	a5,4(a0)
 185 0008 9147     		li	a5,4
 186 000a 1CC5     		sw	a5,8(a0)
 187 000c 8280     		ret
 189              		.section	.text.GPIO_ReadInputDataBit,"ax",@progbits
 190              		.align	1
 191              		.globl	GPIO_ReadInputDataBit
 193              	GPIO_ReadInputDataBit:
 194 0000 B7170140 		li	a5,1073811456
 195 0004 6318F500 		bne	a0,a5,.L38
 196 0008 B7070000 		lui	a5,%hi(MCU_Version)
 197 000c 83C70700 		lbu	a5,%lo(MCU_Version)(a5)
 198 0010 91C3     		beq	a5,zero,.L38
 199 0012 B581     		srli	a1,a1,13
 200              	.L38:
 201 0014 1C45     		lw	a5,8(a0)
 202 0016 FD8D     		and	a1,a1,a5
 203 0018 3335B000 		snez	a0,a1
 204 001c 8280     		ret
 206              		.section	.text.GPIO_ReadInputData,"ax",@progbits
 207              		.align	1
 208              		.globl	GPIO_ReadInputData
 210              	GPIO_ReadInputData:
 211 0000 B7170140 		li	a5,1073811456
 212 0004 631CF500 		bne	a0,a5,.L43
 213 0008 B7070000 		lui	a5,%hi(MCU_Version)
 214 000c 83C70700 		lbu	a5,%lo(MCU_Version)(a5)
 215 0010 91C7     		beq	a5,zero,.L43
 216 0012 0845     		lw	a0,8(a0)
 217 0014 3605     		slli	a0,a0,13
 218              	.L48:
 219 0016 4205     		slli	a0,a0,16
 220 0018 4181     		srli	a0,a0,16
 221 001a 8280     		ret
 222              	.L43:
 223 001c 0845     		lw	a0,8(a0)
 224 001e E5BF     		j	.L48
 226              		.section	.text.GPIO_ReadOutputDataBit,"ax",@progbits
 227              		.align	1
 228              		.globl	GPIO_ReadOutputDataBit
GAS LISTING /tmp/ccW2lbbs.s 			page 5


 230              	GPIO_ReadOutputDataBit:
 231 0000 B7170140 		li	a5,1073811456
 232 0004 6318F500 		bne	a0,a5,.L50
 233 0008 B7070000 		lui	a5,%hi(MCU_Version)
 234 000c 83C70700 		lbu	a5,%lo(MCU_Version)(a5)
 235 0010 91C3     		beq	a5,zero,.L50
 236 0012 B581     		srli	a1,a1,13
 237              	.L50:
 238 0014 5C45     		lw	a5,12(a0)
 239 0016 FD8D     		and	a1,a1,a5
 240 0018 3335B000 		snez	a0,a1
 241 001c 8280     		ret
 243              		.section	.text.GPIO_ReadOutputData,"ax",@progbits
 244              		.align	1
 245              		.globl	GPIO_ReadOutputData
 247              	GPIO_ReadOutputData:
 248 0000 B7170140 		li	a5,1073811456
 249 0004 631CF500 		bne	a0,a5,.L55
 250 0008 B7070000 		lui	a5,%hi(MCU_Version)
 251 000c 83C70700 		lbu	a5,%lo(MCU_Version)(a5)
 252 0010 91C7     		beq	a5,zero,.L55
 253 0012 4845     		lw	a0,12(a0)
 254 0014 3605     		slli	a0,a0,13
 255              	.L60:
 256 0016 4205     		slli	a0,a0,16
 257 0018 4181     		srli	a0,a0,16
 258 001a 8280     		ret
 259              	.L55:
 260 001c 4845     		lw	a0,12(a0)
 261 001e E5BF     		j	.L60
 263              		.section	.text.GPIO_SetBits,"ax",@progbits
 264              		.align	1
 265              		.globl	GPIO_SetBits
 267              	GPIO_SetBits:
 268 0000 B7170140 		li	a5,1073811456
 269 0004 6318F500 		bne	a0,a5,.L62
 270 0008 B7070000 		lui	a5,%hi(MCU_Version)
 271 000c 83C70700 		lbu	a5,%lo(MCU_Version)(a5)
 272 0010 91C3     		beq	a5,zero,.L62
 273 0012 B581     		srli	a1,a1,13
 274              	.L62:
 275 0014 0CC9     		sw	a1,16(a0)
 276 0016 8280     		ret
 278              		.section	.text.GPIO_ResetBits,"ax",@progbits
 279              		.align	1
 280              		.globl	GPIO_ResetBits
 282              	GPIO_ResetBits:
 283 0000 B7170140 		li	a5,1073811456
 284 0004 6318F500 		bne	a0,a5,.L67
 285 0008 B7070000 		lui	a5,%hi(MCU_Version)
 286 000c 83C70700 		lbu	a5,%lo(MCU_Version)(a5)
 287 0010 91C3     		beq	a5,zero,.L67
 288 0012 B581     		srli	a1,a1,13
 289              	.L67:
 290 0014 4CC9     		sw	a1,20(a0)
 291 0016 8280     		ret
 293              		.section	.text.GPIO_WriteBit,"ax",@progbits
GAS LISTING /tmp/ccW2lbbs.s 			page 6


 294              		.align	1
 295              		.globl	GPIO_WriteBit
 297              	GPIO_WriteBit:
 298 0000 B7170140 		li	a5,1073811456
 299 0004 6318F500 		bne	a0,a5,.L72
 300 0008 B7070000 		lui	a5,%hi(MCU_Version)
 301 000c 83C70700 		lbu	a5,%lo(MCU_Version)(a5)
 302 0010 91C3     		beq	a5,zero,.L72
 303 0012 B581     		srli	a1,a1,13
 304              	.L72:
 305 0014 19C2     		beq	a2,zero,.L73
 306 0016 0CC9     		sw	a1,16(a0)
 307 0018 8280     		ret
 308              	.L73:
 309 001a 4CC9     		sw	a1,20(a0)
 310 001c 8280     		ret
 312              		.section	.text.GPIO_Write,"ax",@progbits
 313              		.align	1
 314              		.globl	GPIO_Write
 316              	GPIO_Write:
 317 0000 B7170140 		li	a5,1073811456
 318 0004 6318F500 		bne	a0,a5,.L79
 319 0008 B7070000 		lui	a5,%hi(MCU_Version)
 320 000c 83C70700 		lbu	a5,%lo(MCU_Version)(a5)
 321 0010 91C3     		beq	a5,zero,.L79
 322 0012 B581     		srli	a1,a1,13
 323              	.L79:
 324 0014 4CC5     		sw	a1,12(a0)
 325 0016 8280     		ret
 327              		.section	.text.GPIO_PinLockConfig,"ax",@progbits
 328              		.align	1
 329              		.globl	GPIO_PinLockConfig
 331              	GPIO_PinLockConfig:
 332 0000 B7170140 		li	a5,1073811456
 333 0004 6318F500 		bne	a0,a5,.L84
 334 0008 B7070000 		lui	a5,%hi(MCU_Version)
 335 000c 83C70700 		lbu	a5,%lo(MCU_Version)(a5)
 336 0010 91C3     		beq	a5,zero,.L84
 337 0012 B581     		srli	a1,a1,13
 338              	.L84:
 339 0014 C167     		li	a5,65536
 340 0016 CD8F     		or	a5,a1,a5
 341 0018 1CCD     		sw	a5,24(a0)
 342 001a 0CCD     		sw	a1,24(a0)
 343 001c 1CCD     		sw	a5,24(a0)
 344 001e 1C4D     		lw	a5,24(a0)
 345 0020 1C4D     		lw	a5,24(a0)
 346 0022 8280     		ret
 348              		.section	.text.GPIO_EventOutputConfig,"ax",@progbits
 349              		.align	1
 350              		.globl	GPIO_EventOutputConfig
 352              	GPIO_EventOutputConfig:
 353 0000 B7060140 		li	a3,1073807360
 354 0004 9C42     		lw	a5,0(a3)
 355 0006 4167     		li	a4,65536
 356 0008 130707F8 		addi	a4,a4,-128
 357 000c F98F     		and	a5,a5,a4
GAS LISTING /tmp/ccW2lbbs.s 			page 7


 358 000e CD8F     		or	a5,a5,a1
 359 0010 1205     		slli	a0,a0,4
 360 0012 5D8D     		or	a0,a0,a5
 361 0014 88C2     		sw	a0,0(a3)
 362 0016 8280     		ret
 364              		.section	.text.GPIO_EventOutputCmd,"ax",@progbits
 365              		.align	1
 366              		.globl	GPIO_EventOutputCmd
 368              	GPIO_EventOutputCmd:
 369 0000 37070140 		li	a4,1073807360
 370 0004 1C43     		lw	a5,0(a4)
 371 0006 09C5     		beq	a0,zero,.L90
 372 0008 93E70708 		ori	a5,a5,128
 373              	.L92:
 374 000c 1CC3     		sw	a5,0(a4)
 375 000e 8280     		ret
 376              	.L90:
 377 0010 93F7F7F7 		andi	a5,a5,-129
 378 0014 E5BF     		j	.L92
 380              		.section	.text.GPIO_PinRemapConfig,"ax",@progbits
 381              		.align	1
 382              		.globl	GPIO_PinRemapConfig
 384              	GPIO_PinRemapConfig:
 385 0000 B7063000 		li	a3,3145728
 386 0004 13560501 		srli	a2,a0,16
 387 0008 13170501 		slli	a4,a0,16
 388 000c 3378D500 		and	a6,a0,a3
 389 0010 3D8A     		andi	a2,a2,15
 390 0012 4183     		srli	a4,a4,16
 391 0014 B7070140 		li	a5,1073807360
 392 0018 63510502 		bge	a0,zero,.L94
 393 001c DC4F     		lw	a5,28(a5)
 394 001e 6317D806 		bne	a6,a3,.L118
 395 0022 4106     		addi	a2,a2,16
 396 0024 8D46     		li	a3,3
 397 0026 B396C600 		sll	a3,a3,a2
 398 002a 93C6F6FF 		not	a3,a3
 399 002e F58F     		and	a5,a3,a5
 400 0030 F1E9     		bne	a1,zero,.L98
 401              	.L99:
 402 0032 37070140 		li	a4,1073807360
 403 0036 5CCF     		sw	a5,28(a4)
 404 0038 8280     		ret
 405              	.L94:
 406 003a D443     		lw	a3,4(a5)
 407 003c B7270240 		li	a5,1073881088
 408 0040 83A80703 		lw	a7,48(a5)
 409 0044 B707000F 		li	a5,251658240
 410 0048 B3F71701 		and	a5,a5,a7
 411 004c 89EB     		bne	a5,zero,.L97
 412 004e 93D71600 		srli	a5,a3,1
 413 0052 F978     		li	a7,-8192
 414 0054 CE06     		slli	a3,a3,19
 415 0056 B3F71701 		and	a5,a5,a7
 416 005a CD82     		srli	a3,a3,19
 417 005c DD8E     		or	a3,a5,a3
 418              	.L97:
GAS LISTING /tmp/ccW2lbbs.s 			page 8


 419 005e B7073000 		li	a5,3145728
 420 0062 6314F806 		bne	a6,a5,.L102
 421 0066 370600F1 		li	a2,-251658240
 422 006a 7D16     		addi	a2,a2,-1
 423 006c 37080140 		li	a6,1073807360
 424 0070 B3F7C600 		and	a5,a3,a2
 425 0074 83264800 		lw	a3,4(a6)
 426 0078 F18E     		and	a3,a3,a2
 427 007a 2322D800 		sw	a3,4(a6)
 428              	.L122:
 429 007e BDCD     		beq	a1,zero,.L103
 430 0080 5581     		srli	a0,a0,21
 431 0082 1205     		slli	a0,a0,4
 432 0084 3315A700 		sll	a0,a4,a0
 433              	.L119:
 434 0088 C98F     		or	a5,a5,a0
 435 008a 8DA8     		j	.L103
 436              	.L118:
 437 008c B7061000 		li	a3,1048576
 438 0090 E98E     		and	a3,a0,a3
 439 0092 85C2     		beq	a3,zero,.L100
 440 0094 8D46     		li	a3,3
 441 0096 B396C600 		sll	a3,a3,a2
 442 009a 93C6F6FF 		not	a3,a3
 443 009e F58F     		and	a5,a3,a5
 444 00a0 C9D9     		beq	a1,zero,.L99
 445 00a2 5581     		srli	a0,a0,21
 446 00a4 1375F53F 		andi	a0,a0,1023
 447 00a8 1205     		slli	a0,a0,4
 448 00aa 3315A700 		sll	a0,a4,a0
 449 00ae C98F     		or	a5,a5,a0
 450 00b0 49B7     		j	.L99
 451              	.L100:
 452 00b2 5581     		srli	a0,a0,21
 453 00b4 1375F53F 		andi	a0,a0,1023
 454 00b8 1205     		slli	a0,a0,4
 455 00ba 3317A700 		sll	a4,a4,a0
 456 00be 9346F7FF 		not	a3,a4
 457 00c2 F58F     		and	a5,a3,a5
 458 00c4 BDD5     		beq	a1,zero,.L99
 459              	.L101:
 460 00c6 D98F     		or	a5,a5,a4
 461 00c8 ADB7     		j	.L99
 462              	.L102:
 463 00ca B7071000 		li	a5,1048576
 464 00ce E98F     		and	a5,a0,a5
 465 00d0 99CB     		beq	a5,zero,.L104
 466 00d2 8D47     		li	a5,3
 467 00d4 B397C700 		sll	a5,a5,a2
 468 00d8 93C7F7FF 		not	a5,a5
 469 00dc F58F     		and	a5,a5,a3
 470 00de B706000F 		li	a3,251658240
 471 00e2 D58F     		or	a5,a5,a3
 472 00e4 69BF     		j	.L122
 473              	.L104:
 474 00e6 5581     		srli	a0,a0,21
 475 00e8 1205     		slli	a0,a0,4
GAS LISTING /tmp/ccW2lbbs.s 			page 9


 476 00ea 3315A700 		sll	a0,a4,a0
 477 00ee 9347F5FF 		not	a5,a0
 478 00f2 F58F     		and	a5,a5,a3
 479 00f4 3707000F 		li	a4,251658240
 480 00f8 D98F     		or	a5,a5,a4
 481 00fa D9F5     		bne	a1,zero,.L119
 482              	.L103:
 483 00fc 37070140 		li	a4,1073807360
 484 0100 5CC3     		sw	a5,4(a4)
 485 0102 8280     		ret
 486              	.L98:
 487 0104 5581     		srli	a0,a0,21
 488 0106 1375F53F 		andi	a0,a0,1023
 489 010a 1205     		slli	a0,a0,4
 490 010c 3317A700 		sll	a4,a4,a0
 491 0110 5DBF     		j	.L101
 493              		.section	.text.GPIO_EXTILineConfig,"ax",@progbits
 494              		.align	1
 495              		.globl	GPIO_EXTILineConfig
 497              	GPIO_EXTILineConfig:
 498 0000 93F63500 		andi	a3,a1,3
 499 0004 37070140 		li	a4,1073807360
 500 0008 93F5C50F 		andi	a1,a1,252
 501 000c 2E97     		add	a4,a4,a1
 502 000e 1047     		lw	a2,8(a4)
 503 0010 8A06     		slli	a3,a3,2
 504 0012 BD47     		li	a5,15
 505 0014 B397D700 		sll	a5,a5,a3
 506 0018 93C7F7FF 		not	a5,a5
 507 001c F18F     		and	a5,a5,a2
 508 001e 1CC7     		sw	a5,8(a4)
 509 0020 1C47     		lw	a5,8(a4)
 510 0022 3315D500 		sll	a0,a0,a3
 511 0026 5D8D     		or	a0,a0,a5
 512 0028 08C7     		sw	a0,8(a4)
 513 002a 8280     		ret
 515              		.section	.text.GPIO_ETH_MediaInterfaceConfig,"ax",@progbits
 516              		.align	1
 517              		.globl	GPIO_ETH_MediaInterfaceConfig
 519              	GPIO_ETH_MediaInterfaceConfig:
 520 0000 09C9     		beq	a0,zero,.L125
 521 0002 37070140 		li	a4,1073807360
 522 0006 5C43     		lw	a5,4(a4)
 523 0008 B7068000 		li	a3,8388608
 524 000c D58F     		or	a5,a5,a3
 525 000e 5CC3     		sw	a5,4(a4)
 526 0010 8280     		ret
 527              	.L125:
 528 0012 B7060140 		li	a3,1073807360
 529 0016 DC42     		lw	a5,4(a3)
 530 0018 370780FF 		li	a4,-8388608
 531 001c 7D17     		addi	a4,a4,-1
 532 001e F98F     		and	a5,a5,a4
 533 0020 DCC2     		sw	a5,4(a3)
 534 0022 8280     		ret
 536              		.section	.text.GPIO_IPD_Unused,"ax",@progbits
 537              		.align	1
GAS LISTING /tmp/ccW2lbbs.s 			page 10


 538              		.globl	GPIO_IPD_Unused
 540              	GPIO_IPD_Unused:
 541 0000 17030000 		call	t0,__riscv_save_2
 541      E7020300 
 542 0008 4111     		addi	sp,sp,-16
 543 000a 8545     		li	a1,1
 544 000c 1305D003 		li	a0,61
 545 0010 02C2     		sw	zero,4(sp)
 546 0012 02C4     		sw	zero,8(sp)
 547 0014 02C6     		sw	zero,12(sp)
 548 0016 97000000 		call	RCC_APB2PeriphClockCmd
 548      E7800000 
 549 001e B7F7FF1F 		li	a5,536866816
 550 0022 03A74770 		lw	a4,1796(a5)
 551 0026 B7063620 		li	a3,540409856
 552 002a 93860650 		addi	a3,a3,1280
 553 002e 9377F7F0 		andi	a5,a4,-241
 554 0032 638FD718 		beq	a5,a3,.L128
 555 0036 63EEF602 		bgtu	a5,a3,.L129
 556 003a B7063220 		li	a3,540147712
 557 003e 93860650 		addi	a3,a3,1280
 558 0042 638DD722 		beq	a5,a3,.L130
 559 0046 63E1F602 		bgtu	a5,a3,.L131
 560 004a C177     		li	a5,-65536
 561 004c 9387F7F0 		addi	a5,a5,-241
 562 0050 7D8F     		and	a4,a4,a5
 563 0052 B7073020 		li	a5,540016640
 564 0056 93870750 		addi	a5,a5,1280
 565              	.L141:
 566 005a 6385E724 		beq	a5,a4,.L132
 567              	.L127:
 568 005e 4101     		addi	sp,sp,16
 569 0060 17030000 		tail	__riscv_restore_2
 569      67000300 
 570              	.L131:
 571 0068 37073320 		li	a4,540213248
 572 006c 13070750 		addi	a4,a4,1280
 573 0070 EDB7     		j	.L141
 574              	.L129:
 575 0072 37073B20 		li	a4,540737536
 576 0076 13070750 		addi	a4,a4,1280
 577 007a 638EE71A 		beq	a5,a4,.L134
 578 007e 636EF708 		bgtu	a5,a4,.L135
 579 0082 37073720 		li	a4,540475392
 580 0086 13070750 		addi	a4,a4,1280
 581 008a 6382E70E 		beq	a5,a4,.L136
 582 008e 37073A20 		li	a4,540672000
 583 0092 13070750 		addi	a4,a4,1280
 584 0096 E394E7FC 		bne	a5,a4,.L127
 585 009a 8545     		li	a1,1
 586 009c 2165     		li	a0,32768
 587 009e 97000000 		call	GPIO_PinRemapConfig
 587      E7800000 
 588 00a6 37140140 		li	s0,1073811456
 589 00aa E977     		li	a5,-24576
 590 00ac 93870780 		addi	a5,a5,-2048
 591 00b0 4C00     		addi	a1,sp,4
GAS LISTING /tmp/ccW2lbbs.s 			page 11


 592 00b2 13050480 		addi	a0,s0,-2048
 593 00b6 93048004 		li	s1,72
 594 00ba 7C82     		sh	a5,4(sp)
 595 00bc 26C6     		sw	s1,12(sp)
 596 00be 97000000 		call	GPIO_Init
 596      E7800000 
 597 00c6 9147     		li	a5,4
 598 00c8 7C82     		sh	a5,4(sp)
 599 00ca 4C00     		addi	a1,sp,4
 600 00cc 93078002 		li	a5,40
 601 00d0 130504C0 		addi	a0,s0,-1024
 602 00d4 3EC6     		sw	a5,12(sp)
 603 00d6 97000000 		call	GPIO_Init
 603      E7800000 
 604 00de 8967     		li	a5,8192
 605 00e0 9387A7F3 		addi	a5,a5,-198
 606              	.L145:
 607 00e4 4C00     		addi	a1,sp,4
 608 00e6 130504C0 		addi	a0,s0,-1024
 609 00ea 7C82     		sh	a5,4(sp)
 610 00ec 26C6     		sw	s1,12(sp)
 611 00ee 97000000 		call	GPIO_Init
 611      E7800000 
 612 00f6 FD57     		li	a5,-1
 613 00f8 4C00     		addi	a1,sp,4
 614 00fa 37150140 		li	a0,1073811456
 615 00fe 7C82     		sh	a5,4(sp)
 616 0100 26C6     		sw	s1,12(sp)
 617 0102 97000000 		call	GPIO_Init
 617      E7800000 
 618 010a 9307F007 		li	a5,127
 619              	.L144:
 620 010e 7C82     		sh	a5,4(sp)
 621 0110 26C6     		sw	s1,12(sp)
 622 0112 4C00     		addi	a1,sp,4
 623 0114 13050440 		addi	a0,s0,1024
 624 0118 7DA0     		j	.L142
 625              	.L135:
 626 011a 37073E20 		li	a4,540934144
 627 011e 13070750 		addi	a4,a4,1280
 628 0122 E39EE7F2 		bne	a5,a4,.L127
 629 0126 8545     		li	a1,1
 630 0128 2165     		li	a0,32768
 631 012a 97000000 		call	GPIO_PinRemapConfig
 631      E7800000 
 632 0132 37140140 		li	s0,1073811456
 633 0136 E177     		li	a5,-32768
 634 0138 4C00     		addi	a1,sp,4
 635 013a 13050480 		addi	a0,s0,-2048
 636 013e 93048004 		li	s1,72
 637 0142 7C82     		sh	a5,4(sp)
 638 0144 26C6     		sw	s1,12(sp)
 639 0146 97000000 		call	GPIO_Init
 639      E7800000 
 640 014e 9147     		li	a5,4
 641 0150 7C82     		sh	a5,4(sp)
 642 0152 4C00     		addi	a1,sp,4
GAS LISTING /tmp/ccW2lbbs.s 			page 12


 643 0154 93078002 		li	a5,40
 644 0158 130504C0 		addi	a0,s0,-1024
 645 015c 3EC6     		sw	a5,12(sp)
 646 015e 97000000 		call	GPIO_Init
 646      E7800000 
 647 0166 8D67     		li	a5,12288
 648 0168 9387873F 		addi	a5,a5,1016
 649 016c A5BF     		j	.L145
 650              	.L136:
 651 016e B7140140 		li	s1,1073811456
 652 0172 E177     		li	a5,-32768
 653 0174 13048004 		li	s0,72
 654 0178 93870770 		addi	a5,a5,1792
 655 017c 4C00     		addi	a1,sp,4
 656 017e 13850480 		addi	a0,s1,-2048
 657 0182 7C82     		sh	a5,4(sp)
 658 0184 22C6     		sw	s0,12(sp)
 659 0186 97000000 		call	GPIO_Init
 659      E7800000 
 660 018e 930790EF 		li	a5,-263
 661 0192 4C00     		addi	a1,sp,4
 662 0194 138504C0 		addi	a0,s1,-1024
 663 0198 7C82     		sh	a5,4(sp)
 664 019a 22C6     		sw	s0,12(sp)
 665 019c 97000000 		call	GPIO_Init
 665      E7800000 
 666 01a4 FD57     		li	a5,-1
 667 01a6 4C00     		addi	a1,sp,4
 668 01a8 37150140 		li	a0,1073811456
 669 01ac 7C82     		sh	a5,4(sp)
 670 01ae 22C6     		sw	s0,12(sp)
 671 01b0 97000000 		call	GPIO_Init
 671      E7800000 
 672 01b8 9307C007 		li	a5,124
 673 01bc 7C82     		sh	a5,4(sp)
 674 01be 22C6     		sw	s0,12(sp)
 675 01c0 4C00     		addi	a1,sp,4
 676 01c2 13850440 		addi	a0,s1,1024
 677              	.L142:
 678 01c6 97000000 		call	GPIO_Init
 678      E7800000 
 679 01ce 41BD     		j	.L127
 680              	.L128:
 681 01d0 37140140 		li	s0,1073811456
 682 01d4 93070010 		li	a5,256
 683 01d8 4C00     		addi	a1,sp,4
 684 01da 13050480 		addi	a0,s0,-2048
 685 01de 93048004 		li	s1,72
 686 01e2 7C82     		sh	a5,4(sp)
 687 01e4 26C6     		sw	s1,12(sp)
 688 01e6 97000000 		call	GPIO_Init
 688      E7800000 
 689 01ee 9147     		li	a5,4
 690 01f0 7C82     		sh	a5,4(sp)
 691 01f2 4C00     		addi	a1,sp,4
 692 01f4 93078002 		li	a5,40
 693 01f8 130504C0 		addi	a0,s0,-1024
GAS LISTING /tmp/ccW2lbbs.s 			page 13


 694 01fc 3EC6     		sw	a5,12(sp)
 695 01fe 97000000 		call	GPIO_Init
 695      E7800000 
 696 0206 930700E0 		li	a5,-512
 697 020a 7C82     		sh	a5,4(sp)
 698              	.L143:
 699 020c 4C00     		addi	a1,sp,4
 700 020e 130504C0 		addi	a0,s0,-1024
 701 0212 26C6     		sw	s1,12(sp)
 702 0214 97000000 		call	GPIO_Init
 702      E7800000 
 703 021c FD57     		li	a5,-1
 704 021e 4C00     		addi	a1,sp,4
 705 0220 37150140 		li	a0,1073811456
 706 0224 7C82     		sh	a5,4(sp)
 707 0226 26C6     		sw	s1,12(sp)
 708 0228 97000000 		call	GPIO_Init
 708      E7800000 
 709 0230 9307C007 		li	a5,124
 710 0234 E9BD     		j	.L144
 711              	.L134:
 712 0236 8545     		li	a1,1
 713 0238 2165     		li	a0,32768
 714 023a 97000000 		call	GPIO_PinRemapConfig
 714      E7800000 
 715 0242 37140140 		li	s0,1073811456
 716 0246 E177     		li	a5,-32768
 717 0248 4C00     		addi	a1,sp,4
 718 024a 13050480 		addi	a0,s0,-2048
 719 024e 93048004 		li	s1,72
 720 0252 7C82     		sh	a5,4(sp)
 721 0254 26C6     		sw	s1,12(sp)
 722 0256 97000000 		call	GPIO_Init
 722      E7800000 
 723 025e 9147     		li	a5,4
 724 0260 7C82     		sh	a5,4(sp)
 725 0262 4C00     		addi	a1,sp,4
 726 0264 93078002 		li	a5,40
 727 0268 130504C0 		addi	a0,s0,-1024
 728 026c 3EC6     		sw	a5,12(sp)
 729 026e 97000000 		call	GPIO_Init
 729      E7800000 
 730 0276 93078021 		li	a5,536
 731 027a ADB5     		j	.L145
 732              	.L130:
 733 027c 9147     		li	a5,4
 734 027e 37140140 		li	s0,1073811456
 735 0282 7C82     		sh	a5,4(sp)
 736 0284 4C00     		addi	a1,sp,4
 737 0286 93078002 		li	a5,40
 738 028a 130504C0 		addi	a0,s0,-1024
 739 028e 3EC6     		sw	a5,12(sp)
 740 0290 97000000 		call	GPIO_Init
 740      E7800000 
 741 0298 930700E0 		li	a5,-512
 742 029c 7C82     		sh	a5,4(sp)
 743 029e 93048004 		li	s1,72
GAS LISTING /tmp/ccW2lbbs.s 			page 14


 744 02a2 ADB7     		j	.L143
 745              	.L132:
 746 02a4 8967     		li	a5,8192
 747 02a6 FD17     		addi	a5,a5,-1
 748 02a8 13048004 		li	s0,72
 749 02ac 4C00     		addi	a1,sp,4
 750 02ae 37150140 		li	a0,1073811456
 751 02b2 7C82     		sh	a5,4(sp)
 752 02b4 22C6     		sw	s0,12(sp)
 753 02b6 97000000 		call	GPIO_Init
 753      E7800000 
 754 02be 9307C007 		li	a5,124
 755 02c2 37150140 		li	a0,1073811456
 756 02c6 7C82     		sh	a5,4(sp)
 757 02c8 22C6     		sw	s0,12(sp)
 758 02ca 4C00     		addi	a1,sp,4
 759 02cc 13050540 		addi	a0,a0,1024
 760 02d0 DDBD     		j	.L142
 762              		.globl	MCU_Version
 763              		.section	.sbss.MCU_Version,"aw",@nobits
 766              	MCU_Version:
 767 0000 00       		.zero	1
 768              		.ident	"GCC: (xPack GNU RISC-V Embedded GCC x86_64) 12.2.0"
GAS LISTING /tmp/ccW2lbbs.s 			page 15


DEFINED SYMBOLS
                            *ABS*:0000000000000000 ch32v20x_gpio.c
     /tmp/ccW2lbbs.s:11     .text.GPIO_DeInit:0000000000000000 GPIO_DeInit
     /tmp/ccW2lbbs.s:12     .text.GPIO_DeInit:0000000000000000 $x
     /tmp/ccW2lbbs.s:66     .text.GPIO_AFIODeInit:0000000000000000 GPIO_AFIODeInit
     /tmp/ccW2lbbs.s:67     .text.GPIO_AFIODeInit:0000000000000000 $x
     /tmp/ccW2lbbs.s:80     .text.GPIO_Init:0000000000000000 GPIO_Init
     /tmp/ccW2lbbs.s:81     .text.GPIO_Init:0000000000000000 $x
     /tmp/ccW2lbbs.s:766    .sbss.MCU_Version:0000000000000000 MCU_Version
     /tmp/ccW2lbbs.s:180    .text.GPIO_StructInit:0000000000000000 GPIO_StructInit
     /tmp/ccW2lbbs.s:181    .text.GPIO_StructInit:0000000000000000 $x
     /tmp/ccW2lbbs.s:193    .text.GPIO_ReadInputDataBit:0000000000000000 GPIO_ReadInputDataBit
     /tmp/ccW2lbbs.s:194    .text.GPIO_ReadInputDataBit:0000000000000000 $x
     /tmp/ccW2lbbs.s:210    .text.GPIO_ReadInputData:0000000000000000 GPIO_ReadInputData
     /tmp/ccW2lbbs.s:211    .text.GPIO_ReadInputData:0000000000000000 $x
     /tmp/ccW2lbbs.s:230    .text.GPIO_ReadOutputDataBit:0000000000000000 GPIO_ReadOutputDataBit
     /tmp/ccW2lbbs.s:231    .text.GPIO_ReadOutputDataBit:0000000000000000 $x
     /tmp/ccW2lbbs.s:247    .text.GPIO_ReadOutputData:0000000000000000 GPIO_ReadOutputData
     /tmp/ccW2lbbs.s:248    .text.GPIO_ReadOutputData:0000000000000000 $x
     /tmp/ccW2lbbs.s:267    .text.GPIO_SetBits:0000000000000000 GPIO_SetBits
     /tmp/ccW2lbbs.s:268    .text.GPIO_SetBits:0000000000000000 $x
     /tmp/ccW2lbbs.s:282    .text.GPIO_ResetBits:0000000000000000 GPIO_ResetBits
     /tmp/ccW2lbbs.s:283    .text.GPIO_ResetBits:0000000000000000 $x
     /tmp/ccW2lbbs.s:297    .text.GPIO_WriteBit:0000000000000000 GPIO_WriteBit
     /tmp/ccW2lbbs.s:298    .text.GPIO_WriteBit:0000000000000000 $x
     /tmp/ccW2lbbs.s:316    .text.GPIO_Write:0000000000000000 GPIO_Write
     /tmp/ccW2lbbs.s:317    .text.GPIO_Write:0000000000000000 $x
     /tmp/ccW2lbbs.s:331    .text.GPIO_PinLockConfig:0000000000000000 GPIO_PinLockConfig
     /tmp/ccW2lbbs.s:332    .text.GPIO_PinLockConfig:0000000000000000 $x
     /tmp/ccW2lbbs.s:352    .text.GPIO_EventOutputConfig:0000000000000000 GPIO_EventOutputConfig
     /tmp/ccW2lbbs.s:353    .text.GPIO_EventOutputConfig:0000000000000000 $x
     /tmp/ccW2lbbs.s:368    .text.GPIO_EventOutputCmd:0000000000000000 GPIO_EventOutputCmd
     /tmp/ccW2lbbs.s:369    .text.GPIO_EventOutputCmd:0000000000000000 $x
     /tmp/ccW2lbbs.s:384    .text.GPIO_PinRemapConfig:0000000000000000 GPIO_PinRemapConfig
     /tmp/ccW2lbbs.s:385    .text.GPIO_PinRemapConfig:0000000000000000 $x
     /tmp/ccW2lbbs.s:497    .text.GPIO_EXTILineConfig:0000000000000000 GPIO_EXTILineConfig
     /tmp/ccW2lbbs.s:498    .text.GPIO_EXTILineConfig:0000000000000000 $x
     /tmp/ccW2lbbs.s:519    .text.GPIO_ETH_MediaInterfaceConfig:0000000000000000 GPIO_ETH_MediaInterfaceConfig
     /tmp/ccW2lbbs.s:520    .text.GPIO_ETH_MediaInterfaceConfig:0000000000000000 $x
     /tmp/ccW2lbbs.s:540    .text.GPIO_IPD_Unused:0000000000000000 GPIO_IPD_Unused
     /tmp/ccW2lbbs.s:541    .text.GPIO_IPD_Unused:0000000000000000 $x
     /tmp/ccW2lbbs.s:25     .text.GPIO_DeInit:0000000000000034 .L2
     /tmp/ccW2lbbs.s:34     .text.GPIO_DeInit:000000000000004e .L4
     /tmp/ccW2lbbs.s:21     .text.GPIO_DeInit:0000000000000024 .L8
     /tmp/ccW2lbbs.s:42     .text.GPIO_DeInit:0000000000000064 .L5
     /tmp/ccW2lbbs.s:51     .text.GPIO_DeInit:0000000000000082 .L6
     /tmp/ccW2lbbs.s:23     .text.GPIO_DeInit:000000000000002c .L1
     /tmp/ccW2lbbs.s:87     .text.GPIO_Init:0000000000000012 .L12
     /tmp/ccW2lbbs.s:160    .text.GPIO_Init:00000000000000d2 .L13
     /tmp/ccW2lbbs.s:102    .text.GPIO_Init:0000000000000038 .L15
     /tmp/ccW2lbbs.s:130    .text.GPIO_Init:0000000000000082 .L17
     /tmp/ccW2lbbs.s:126    .text.GPIO_Init:000000000000007a .L18
     /tmp/ccW2lbbs.s:167    .text.GPIO_Init:00000000000000e6 .L19
     /tmp/ccW2lbbs.s:113    .text.GPIO_Init:0000000000000052 .L22
     /tmp/ccW2lbbs.s:158    .text.GPIO_Init:00000000000000d0 .L11
     /tmp/ccW2lbbs.s:154    .text.GPIO_Init:00000000000000c8 .L24
     /tmp/ccW2lbbs.s:171    .text.GPIO_Init:00000000000000ee .L25
GAS LISTING /tmp/ccW2lbbs.s 			page 16


     /tmp/ccW2lbbs.s:139    .text.GPIO_Init:000000000000009a .L27
     /tmp/ccW2lbbs.s:98     .text.GPIO_Init:0000000000000032 .L14
     /tmp/ccW2lbbs.s:119    .text.GPIO_Init:0000000000000064 .L20
     /tmp/ccW2lbbs.s:146    .text.GPIO_Init:00000000000000b0 .L26
     /tmp/ccW2lbbs.s:200    .text.GPIO_ReadInputDataBit:0000000000000014 .L38
     /tmp/ccW2lbbs.s:222    .text.GPIO_ReadInputData:000000000000001c .L43
     /tmp/ccW2lbbs.s:218    .text.GPIO_ReadInputData:0000000000000016 .L48
     /tmp/ccW2lbbs.s:237    .text.GPIO_ReadOutputDataBit:0000000000000014 .L50
     /tmp/ccW2lbbs.s:259    .text.GPIO_ReadOutputData:000000000000001c .L55
     /tmp/ccW2lbbs.s:255    .text.GPIO_ReadOutputData:0000000000000016 .L60
     /tmp/ccW2lbbs.s:274    .text.GPIO_SetBits:0000000000000014 .L62
     /tmp/ccW2lbbs.s:289    .text.GPIO_ResetBits:0000000000000014 .L67
     /tmp/ccW2lbbs.s:304    .text.GPIO_WriteBit:0000000000000014 .L72
     /tmp/ccW2lbbs.s:308    .text.GPIO_WriteBit:000000000000001a .L73
     /tmp/ccW2lbbs.s:323    .text.GPIO_Write:0000000000000014 .L79
     /tmp/ccW2lbbs.s:338    .text.GPIO_PinLockConfig:0000000000000014 .L84
     /tmp/ccW2lbbs.s:376    .text.GPIO_EventOutputCmd:0000000000000010 .L90
     /tmp/ccW2lbbs.s:373    .text.GPIO_EventOutputCmd:000000000000000c .L92
     /tmp/ccW2lbbs.s:405    .text.GPIO_PinRemapConfig:000000000000003a .L94
     /tmp/ccW2lbbs.s:436    .text.GPIO_PinRemapConfig:000000000000008c .L118
     /tmp/ccW2lbbs.s:486    .text.GPIO_PinRemapConfig:0000000000000104 .L98
     /tmp/ccW2lbbs.s:418    .text.GPIO_PinRemapConfig:000000000000005e .L97
     /tmp/ccW2lbbs.s:462    .text.GPIO_PinRemapConfig:00000000000000ca .L102
     /tmp/ccW2lbbs.s:482    .text.GPIO_PinRemapConfig:00000000000000fc .L103
     /tmp/ccW2lbbs.s:451    .text.GPIO_PinRemapConfig:00000000000000b2 .L100
     /tmp/ccW2lbbs.s:401    .text.GPIO_PinRemapConfig:0000000000000032 .L99
     /tmp/ccW2lbbs.s:473    .text.GPIO_PinRemapConfig:00000000000000e6 .L104
     /tmp/ccW2lbbs.s:428    .text.GPIO_PinRemapConfig:000000000000007e .L122
     /tmp/ccW2lbbs.s:433    .text.GPIO_PinRemapConfig:0000000000000088 .L119
     /tmp/ccW2lbbs.s:459    .text.GPIO_PinRemapConfig:00000000000000c6 .L101
     /tmp/ccW2lbbs.s:527    .text.GPIO_ETH_MediaInterfaceConfig:0000000000000012 .L125
     /tmp/ccW2lbbs.s:680    .text.GPIO_IPD_Unused:00000000000001d0 .L128
     /tmp/ccW2lbbs.s:574    .text.GPIO_IPD_Unused:0000000000000072 .L129
     /tmp/ccW2lbbs.s:732    .text.GPIO_IPD_Unused:000000000000027c .L130
     /tmp/ccW2lbbs.s:570    .text.GPIO_IPD_Unused:0000000000000068 .L131
     /tmp/ccW2lbbs.s:745    .text.GPIO_IPD_Unused:00000000000002a4 .L132
     /tmp/ccW2lbbs.s:565    .text.GPIO_IPD_Unused:000000000000005a .L141
     /tmp/ccW2lbbs.s:711    .text.GPIO_IPD_Unused:0000000000000236 .L134
     /tmp/ccW2lbbs.s:625    .text.GPIO_IPD_Unused:000000000000011a .L135
     /tmp/ccW2lbbs.s:650    .text.GPIO_IPD_Unused:000000000000016e .L136
     /tmp/ccW2lbbs.s:567    .text.GPIO_IPD_Unused:000000000000005e .L127
     /tmp/ccW2lbbs.s:677    .text.GPIO_IPD_Unused:00000000000001c6 .L142
     /tmp/ccW2lbbs.s:606    .text.GPIO_IPD_Unused:00000000000000e4 .L145
     /tmp/ccW2lbbs.s:619    .text.GPIO_IPD_Unused:000000000000010e .L144
     /tmp/ccW2lbbs.s:698    .text.GPIO_IPD_Unused:000000000000020c .L143

UNDEFINED SYMBOLS
__riscv_save_0
RCC_APB2PeriphResetCmd
__riscv_restore_0
__riscv_save_2
RCC_APB2PeriphClockCmd
__riscv_restore_2
