GAS LISTING /tmp/ccdxzSih.s 			page 1


   1              		.file	"ch32v20x_flash.c"
   2              		.option nopic
   3              		.attribute arch, "rv32i2p0_m2p0_a2p0_c2p0_xw"
   4              		.attribute unaligned_access, 0
   5              		.attribute stack_align, 16
   6              		.text
   7              		.section	.text.ROM_ERASE,"ax",@progbits
   8              		.align	1
  10              	ROM_ERASE:
  11 0000 A167     		li	a5,32768
  12 0002 6319F600 		bne	a2,a5,.L2
  13              	.L8:
  14 0006 37270240 		li	a4,1073881088
  15 000a 1C4B     		lw	a5,16(a4)
  16 000c B7060400 		li	a3,262144
  17              	.L13:
  18 0010 D58F     		or	a5,a5,a3
  19 0012 09A8     		j	.L14
  20              	.L2:
  21 0014 8567     		li	a5,4096
  22 0016 631FF602 		bne	a2,a5,.L4
  23 001a 37270240 		li	a4,1073881088
  24 001e 1C4B     		lw	a5,16(a4)
  25 0020 93E72700 		ori	a5,a5,2
  26              	.L14:
  27 0024 1CCB     		sw	a5,16(a4)
  28              	.L3:
  29 0026 B7270240 		li	a5,1073881088
  30 002a C8CB     		sw	a0,20(a5)
  31 002c 984B     		lw	a4,16(a5)
  32 002e 13670704 		ori	a4,a4,64
  33 0032 98CB     		sw	a4,16(a5)
  34              	.L6:
  35 0034 D847     		lw	a4,12(a5)
  36 0036 058B     		andi	a4,a4,1
  37 0038 75FF     		bne	a4,zero,.L6
  38 003a 2167     		li	a4,32768
  39 003c FD15     		addi	a1,a1,-1
  40 003e 6315E602 		bne	a2,a4,.L7
  41 0042 984B     		lw	a4,16(a5)
  42 0044 B706FCFF 		li	a3,-262144
  43 0048 FD16     		addi	a3,a3,-1
  44 004a 758F     		and	a4,a4,a3
  45 004c 98CB     		sw	a4,16(a5)
  46 004e 3295     		add	a0,a0,a2
  47 0050 DDF9     		bne	a1,zero,.L8
  48 0052 8280     		ret
  49              	.L4:
  50 0054 93070010 		li	a5,256
  51 0058 E317F6FC 		bne	a2,a5,.L3
  52 005c 37270240 		li	a4,1073881088
  53 0060 1C4B     		lw	a5,16(a4)
  54 0062 B7060200 		li	a3,131072
  55 0066 6DB7     		j	.L13
  56              	.L7:
  57 0068 0567     		li	a4,4096
  58 006a 6318E600 		bne	a2,a4,.L10
GAS LISTING /tmp/ccdxzSih.s 			page 2


  59 006e 984B     		lw	a4,16(a5)
  60 0070 3295     		add	a0,a0,a2
  61 0072 759B     		andi	a4,a4,-3
  62 0074 98CB     		sw	a4,16(a5)
  63 0076 D9FD     		bne	a1,zero,.L2
  64 0078 8280     		ret
  65              	.L10:
  66 007a 13070010 		li	a4,256
  67 007e 631BE600 		bne	a2,a4,.L11
  68 0082 984B     		lw	a4,16(a5)
  69 0084 8176     		li	a3,-131072
  70 0086 FD16     		addi	a3,a3,-1
  71 0088 758F     		and	a4,a4,a3
  72 008a 98CB     		sw	a4,16(a5)
  73 008c 13050510 		addi	a0,a0,256
  74 0090 D1F1     		bne	a1,zero,.L2
  75 0092 8280     		ret
  76              	.L11:
  77 0094 C1F1     		bne	a1,zero,.L2
  78 0096 8280     		ret
  80              		.section	.text.FLASH_Unlock,"ax",@progbits
  81              		.align	1
  82              		.globl	FLASH_Unlock
  84              	FLASH_Unlock:
  85 0000 B7076745 		li	a5,1164378112
  86 0004 37270240 		li	a4,1073881088
  87 0008 93873712 		addi	a5,a5,291
  88 000c 5CC3     		sw	a5,4(a4)
  89 000e B797EFCD 		li	a5,-839938048
  90 0012 9387B79A 		addi	a5,a5,-1621
  91 0016 5CC3     		sw	a5,4(a4)
  92 0018 8280     		ret
  94              		.section	.text.FLASH_UnlockBank1,"ax",@progbits
  95              		.align	1
  96              		.globl	FLASH_UnlockBank1
  98              	FLASH_UnlockBank1:
  99 0000 17030000 		tail	FLASH_Unlock
  99      67000300 
 101              		.section	.text.FLASH_Lock,"ax",@progbits
 102              		.align	1
 103              		.globl	FLASH_Lock
 105              	FLASH_Lock:
 106 0000 37270240 		li	a4,1073881088
 107 0004 1C4B     		lw	a5,16(a4)
 108 0006 93E70708 		ori	a5,a5,128
 109 000a 1CCB     		sw	a5,16(a4)
 110 000c 8280     		ret
 112              		.section	.text.FLASH_LockBank1,"ax",@progbits
 113              		.align	1
 114              		.globl	FLASH_LockBank1
 116              	FLASH_LockBank1:
 117 0000 17030000 		tail	FLASH_Lock
 117      67000300 
 119              		.section	.text.FLASH_GetUserOptionByte,"ax",@progbits
 120              		.align	1
 121              		.globl	FLASH_GetUserOptionByte
 123              	FLASH_GetUserOptionByte:
GAS LISTING /tmp/ccdxzSih.s 			page 3


 124 0000 B7270240 		li	a5,1073881088
 125 0004 C84F     		lw	a0,28(a5)
 126 0006 0981     		srli	a0,a0,2
 127 0008 8280     		ret
 129              		.section	.text.FLASH_GetWriteProtectionOptionByte,"ax",@progbits
 130              		.align	1
 131              		.globl	FLASH_GetWriteProtectionOptionByte
 133              	FLASH_GetWriteProtectionOptionByte:
 134 0000 B7270240 		li	a5,1073881088
 135 0004 8853     		lw	a0,32(a5)
 136 0006 8280     		ret
 138              		.section	.text.FLASH_GetReadOutProtectionStatus,"ax",@progbits
 139              		.align	1
 140              		.globl	FLASH_GetReadOutProtectionStatus
 142              	FLASH_GetReadOutProtectionStatus:
 143 0000 B7270240 		li	a5,1073881088
 144 0004 C84F     		lw	a0,28(a5)
 145 0006 0581     		srli	a0,a0,1
 146 0008 0589     		andi	a0,a0,1
 147 000a 8280     		ret
 149              		.section	.text.FLASH_ITConfig,"ax",@progbits
 150              		.align	1
 151              		.globl	FLASH_ITConfig
 153              	FLASH_ITConfig:
 154 0000 99C5     		beq	a1,zero,.L25
 155 0002 37270240 		li	a4,1073881088
 156 0006 1C4B     		lw	a5,16(a4)
 157 0008 C98F     		or	a5,a5,a0
 158 000a 1CCB     		sw	a5,16(a4)
 159 000c 8280     		ret
 160              	.L25:
 161 000e B7270240 		li	a5,1073881088
 162 0012 984B     		lw	a4,16(a5)
 163 0014 1345F5FF 		not	a0,a0
 164 0018 798D     		and	a0,a0,a4
 165 001a 88CB     		sw	a0,16(a5)
 166 001c 8280     		ret
 168              		.section	.text.FLASH_GetFlagStatus,"ax",@progbits
 169              		.align	1
 170              		.globl	FLASH_GetFlagStatus
 172              	FLASH_GetFlagStatus:
 173 0000 8547     		li	a5,1
 174 0002 6317F500 		bne	a0,a5,.L28
 175 0006 B7270240 		li	a5,1073881088
 176 000a C84F     		lw	a0,28(a5)
 177 000c 0589     		andi	a0,a0,1
 178 000e 8280     		ret
 179              	.L28:
 180 0010 B7270240 		li	a5,1073881088
 181 0014 DC47     		lw	a5,12(a5)
 182 0016 7D8D     		and	a0,a5,a0
 183 0018 3335A000 		snez	a0,a0
 184 001c 8280     		ret
 186              		.section	.text.FLASH_ClearFlag,"ax",@progbits
 187              		.align	1
 188              		.globl	FLASH_ClearFlag
 190              	FLASH_ClearFlag:
GAS LISTING /tmp/ccdxzSih.s 			page 4


 191 0000 B7270240 		li	a5,1073881088
 192 0004 C8C7     		sw	a0,12(a5)
 193 0006 8280     		ret
 195              		.section	.text.FLASH_GetStatus,"ax",@progbits
 196              		.align	1
 197              		.globl	FLASH_GetStatus
 199              	FLASH_GetStatus:
 200 0000 B7270240 		li	a5,1073881088
 201 0004 C847     		lw	a0,12(a5)
 202 0006 0589     		andi	a0,a0,1
 203 0008 11E5     		bne	a0,zero,.L31
 204 000a C847     		lw	a0,12(a5)
 205 000c 4189     		andi	a0,a0,16
 206 000e 13351500 		seqz	a0,a0
 207 0012 0D05     		addi	a0,a0,3
 208              	.L31:
 209 0014 8280     		ret
 211              		.section	.text.FLASH_GetBank1Status,"ax",@progbits
 212              		.align	1
 213              		.globl	FLASH_GetBank1Status
 215              	FLASH_GetBank1Status:
 216 0000 B7270240 		li	a5,1073881088
 217 0004 C847     		lw	a0,12(a5)
 218 0006 0589     		andi	a0,a0,1
 219 0008 11E5     		bne	a0,zero,.L34
 220 000a C847     		lw	a0,12(a5)
 221 000c 4189     		andi	a0,a0,16
 222 000e 13351500 		seqz	a0,a0
 223 0012 0D05     		addi	a0,a0,3
 224              	.L34:
 225 0014 8280     		ret
 227              		.section	.text.FLASH_WaitForLastOperation,"ax",@progbits
 228              		.align	1
 229              		.globl	FLASH_WaitForLastOperation
 231              	FLASH_WaitForLastOperation:
 232 0000 17030000 		call	t0,__riscv_save_2
 232      E7020300 
 233 0008 2A84     		mv	s0,a0
 234 000a 8544     		li	s1,1
 235 000c 97000000 		call	FLASH_GetBank1Status
 235      E7800000 
 236              	.L38:
 237 0014 631B9500 		bne	a0,s1,.L39
 238 0018 19E0     		bne	s0,zero,.L40
 239              	.L43:
 240 001a 1545     		li	a0,5
 241 001c 01A8     		j	.L37
 242              	.L40:
 243 001e 97000000 		call	FLASH_GetBank1Status
 243      E7800000 
 244 0026 7D14     		addi	s0,s0,-1
 245 0028 F5B7     		j	.L38
 246              	.L39:
 247 002a 65D8     		beq	s0,zero,.L43
 248              	.L37:
 249 002c 17030000 		tail	__riscv_restore_2
 249      67000300 
GAS LISTING /tmp/ccdxzSih.s 			page 5


 251              		.section	.text.FLASH_ErasePage,"ax",@progbits
 252              		.align	1
 253              		.globl	FLASH_ErasePage
 255              	FLASH_ErasePage:
 256 0000 17030000 		call	t0,__riscv_save_2
 256      E7020300 
 257 0008 AA84     		mv	s1,a0
 258 000a 37050B00 		li	a0,720896
 259 000e 97000000 		call	FLASH_WaitForLastOperation
 259      E7800000 
 260 0016 9147     		li	a5,4
 261 0018 6316F502 		bne	a0,a5,.L44
 262 001c 37240240 		li	s0,1073881088
 263 0020 1C48     		lw	a5,16(s0)
 264 0022 37050B00 		li	a0,720896
 265 0026 93E72700 		ori	a5,a5,2
 266 002a 1CC8     		sw	a5,16(s0)
 267 002c 44C8     		sw	s1,20(s0)
 268 002e 1C48     		lw	a5,16(s0)
 269 0030 93E70704 		ori	a5,a5,64
 270 0034 1CC8     		sw	a5,16(s0)
 271 0036 97000000 		call	FLASH_WaitForLastOperation
 271      E7800000 
 272 003e 1C48     		lw	a5,16(s0)
 273 0040 F59B     		andi	a5,a5,-3
 274 0042 1CC8     		sw	a5,16(s0)
 275              	.L44:
 276 0044 17030000 		tail	__riscv_restore_2
 276      67000300 
 278              		.section	.text.FLASH_EraseAllPages,"ax",@progbits
 279              		.align	1
 280              		.globl	FLASH_EraseAllPages
 282              	FLASH_EraseAllPages:
 283 0000 17030000 		call	t0,__riscv_save_1
 283      E7020300 
 284 0008 37050B00 		li	a0,720896
 285 000c 97000000 		call	FLASH_WaitForLastOperation
 285      E7800000 
 286 0014 9147     		li	a5,4
 287 0016 6315F502 		bne	a0,a5,.L47
 288 001a 37240240 		li	s0,1073881088
 289 001e 1C48     		lw	a5,16(s0)
 290 0020 37050B00 		li	a0,720896
 291 0024 93E74700 		ori	a5,a5,4
 292 0028 1CC8     		sw	a5,16(s0)
 293 002a 1C48     		lw	a5,16(s0)
 294 002c 93E70704 		ori	a5,a5,64
 295 0030 1CC8     		sw	a5,16(s0)
 296 0032 97000000 		call	FLASH_WaitForLastOperation
 296      E7800000 
 297 003a 1C48     		lw	a5,16(s0)
 298 003c ED9B     		andi	a5,a5,-5
 299 003e 1CC8     		sw	a5,16(s0)
 300              	.L47:
 301 0040 17030000 		tail	__riscv_restore_1
 301      67000300 
 303              		.section	.text.FLASH_EraseAllBank1Pages,"ax",@progbits
GAS LISTING /tmp/ccdxzSih.s 			page 6


 304              		.align	1
 305              		.globl	FLASH_EraseAllBank1Pages
 307              	FLASH_EraseAllBank1Pages:
 308 0000 17030000 		tail	FLASH_EraseAllPages
 308      67000300 
 310              		.section	.text.FLASH_EraseOptionBytes,"ax",@progbits
 311              		.align	1
 312              		.globl	FLASH_EraseOptionBytes
 314              	FLASH_EraseOptionBytes:
 315 0000 17030000 		call	t0,__riscv_save_3
 315      E7020300 
 316 0008 4111     		addi	sp,sp,-16
 317 000a 97000000 		call	FLASH_GetReadOutProtectionStatus
 317      E7800000 
 318 0012 9304500A 		li	s1,165
 319 0016 11C1     		beq	a0,zero,.L53
 320 0018 8144     		li	s1,0
 321              	.L53:
 322 001a 37050B00 		li	a0,720896
 323 001e 97000000 		call	FLASH_WaitForLastOperation
 323      E7800000 
 324 0026 1149     		li	s2,4
 325 0028 631C2509 		bne	a0,s2,.L52
 326 002c B7076745 		li	a5,1164378112
 327 0030 37240240 		li	s0,1073881088
 328 0034 93873712 		addi	a5,a5,291
 329 0038 1CC4     		sw	a5,8(s0)
 330 003a B797EFCD 		li	a5,-839938048
 331 003e 9387B79A 		addi	a5,a5,-1621
 332 0042 1CC4     		sw	a5,8(s0)
 333 0044 1C48     		lw	a5,16(s0)
 334 0046 37050B00 		li	a0,720896
 335 004a 93E70702 		ori	a5,a5,32
 336 004e 1CC8     		sw	a5,16(s0)
 337 0050 1C48     		lw	a5,16(s0)
 338 0052 93E70704 		ori	a5,a5,64
 339 0056 1CC8     		sw	a5,16(s0)
 340 0058 97000000 		call	FLASH_WaitForLastOperation
 340      E7800000 
 341 0060 63132503 		bne	a0,s2,.L55
 342 0064 1C48     		lw	a5,16(s0)
 343 0066 1565     		li	a0,20480
 344 0068 93F7F7FD 		andi	a5,a5,-33
 345 006c 1CC8     		sw	a5,16(s0)
 346 006e 1C48     		lw	a5,16(s0)
 347 0070 93E70701 		ori	a5,a5,16
 348 0074 1CC8     		sw	a5,16(s0)
 349 0076 B7070020 		li	a5,536870912
 350 007a 23909780 		sh	s1,-2048(a5)
 351 007e 97000000 		call	FLASH_WaitForLastOperation
 351      E7800000 
 352              	.L55:
 353 0086 9547     		li	a5,5
 354 0088 6305F500 		beq	a0,a5,.L57
 355 008c 1C48     		lw	a5,16(s0)
 356 008e BD9B     		andi	a5,a5,-17
 357 0090 1CC8     		sw	a5,16(s0)
GAS LISTING /tmp/ccdxzSih.s 			page 7


 358              	.L57:
 359 0092 37270240 		li	a4,1073881088
 360 0096 1C4B     		lw	a5,16(a4)
 361 0098 B7060020 		li	a3,536870912
 362 009c 1306F00F 		li	a2,255
 363 00a0 93E70701 		ori	a5,a5,16
 364 00a4 1CCB     		sw	a5,16(a4)
 365 00a6 A3070100 		sb	zero,15(sp)
 366 00aa 1D47     		li	a4,7
 367 00ac B7250240 		li	a1,1073881088
 368              	.L59:
 369 00b0 9C87     		lbu	a5,15(sp)
 370 00b2 637CF700 		bleu	a5,a4,.L61
 371 00b6 37270240 		li	a4,1073881088
 372 00ba 1C4B     		lw	a5,16(a4)
 373 00bc BD9B     		andi	a5,a5,-17
 374 00be 1CCB     		sw	a5,16(a4)
 375              	.L52:
 376 00c0 4101     		addi	sp,sp,16
 377 00c2 17030000 		tail	__riscv_restore_3
 377      67000300 
 378              	.L61:
 379 00ca 9C87     		lbu	a5,15(sp)
 380 00cc 8607     		slli	a5,a5,1
 381 00ce B697     		add	a5,a3,a5
 382 00d0 2390C780 		sh	a2,-2048(a5)
 383              	.L60:
 384 00d4 DC45     		lw	a5,12(a1)
 385 00d6 858B     		andi	a5,a5,1
 386 00d8 F5FF     		bne	a5,zero,.L60
 387 00da 9C87     		lbu	a5,15(sp)
 388 00dc 8507     		addi	a5,a5,1
 389 00de 93F7F70F 		andi	a5,a5,0xff
 390 00e2 DC87     		sb	a5,15(sp)
 391 00e4 F1B7     		j	.L59
 393              		.section	.text.FLASH_ProgramWord,"ax",@progbits
 394              		.align	1
 395              		.globl	FLASH_ProgramWord
 397              	FLASH_ProgramWord:
 398 0000 17030000 		call	t0,__riscv_save_4
 398      E7020300 
 399 0008 4111     		addi	sp,sp,-16
 400 000a 2A89     		mv	s2,a0
 401 000c 1565     		li	a0,20480
 402 000e AE84     		mv	s1,a1
 403 0010 02C6     		sw	zero,12(sp)
 404 0012 9149     		li	s3,4
 405 0014 97000000 		call	FLASH_WaitForLastOperation
 405      E7800000 
 406 001c 63113505 		bne	a0,s3,.L68
 407 0020 37240240 		li	s0,1073881088
 408 0024 1C48     		lw	a5,16(s0)
 409 0026 1565     		li	a0,20480
 410 0028 93E71700 		ori	a5,a5,1
 411 002c 1CC8     		sw	a5,16(s0)
 412 002e 93970401 		slli	a5,s1,16
 413 0032 C183     		srli	a5,a5,16
GAS LISTING /tmp/ccdxzSih.s 			page 8


 414 0034 2310F900 		sh	a5,0(s2)
 415 0038 97000000 		call	FLASH_WaitForLastOperation
 415      E7800000 
 416 0040 631C3501 		bne	a0,s3,.L70
 417 0044 0909     		addi	s2,s2,2
 418 0046 4AC6     		sw	s2,12(sp)
 419 0048 B247     		lw	a5,12(sp)
 420 004a C180     		srli	s1,s1,16
 421 004c 1565     		li	a0,20480
 422 004e 86A3     		sh	s1,0(a5)
 423 0050 97000000 		call	FLASH_WaitForLastOperation
 423      E7800000 
 424              	.L70:
 425 0058 1C48     		lw	a5,16(s0)
 426 005a F99B     		andi	a5,a5,-2
 427 005c 1CC8     		sw	a5,16(s0)
 428              	.L68:
 429 005e 4101     		addi	sp,sp,16
 430 0060 17030000 		tail	__riscv_restore_4
 430      67000300 
 432              		.section	.text.FLASH_ProgramHalfWord,"ax",@progbits
 433              		.align	1
 434              		.globl	FLASH_ProgramHalfWord
 436              	FLASH_ProgramHalfWord:
 437 0000 17030000 		call	t0,__riscv_save_3
 437      E7020300 
 438 0008 AA84     		mv	s1,a0
 439 000a 1565     		li	a0,20480
 440 000c 2E89     		mv	s2,a1
 441 000e 97000000 		call	FLASH_WaitForLastOperation
 441      E7800000 
 442 0016 9147     		li	a5,4
 443 0018 6312F502 		bne	a0,a5,.L72
 444 001c 37240240 		li	s0,1073881088
 445 0020 1C48     		lw	a5,16(s0)
 446 0022 1565     		li	a0,20480
 447 0024 93E71700 		ori	a5,a5,1
 448 0028 1CC8     		sw	a5,16(s0)
 449 002a 23902401 		sh	s2,0(s1)
 450 002e 97000000 		call	FLASH_WaitForLastOperation
 450      E7800000 
 451 0036 1C48     		lw	a5,16(s0)
 452 0038 F99B     		andi	a5,a5,-2
 453 003a 1CC8     		sw	a5,16(s0)
 454              	.L72:
 455 003c 17030000 		tail	__riscv_restore_3
 455      67000300 
 457              		.section	.text.FLASH_ProgramOptionByteData,"ax",@progbits
 458              		.align	1
 459              		.globl	FLASH_ProgramOptionByteData
 461              	FLASH_ProgramOptionByteData:
 462 0000 17030000 		call	t0,__riscv_save_2
 462      E7020300 
 463 0008 0111     		addi	sp,sp,-32
 464 000a 2A84     		mv	s0,a0
 465 000c 1565     		li	a0,20480
 466 000e AE84     		mv	s1,a1
GAS LISTING /tmp/ccdxzSih.s 			page 9


 467 0010 97000000 		call	FLASH_WaitForLastOperation
 467      E7800000 
 468 0018 9147     		li	a5,4
 469 001a 6311F50A 		bne	a0,a5,.L75
 470 001e B7076745 		li	a5,1164378112
 471 0022 37270240 		li	a4,1073881088
 472 0026 93873712 		addi	a5,a5,291
 473 002a 1CC7     		sw	a5,8(a4)
 474 002c B797EFCD 		li	a5,-839938048
 475 0030 9387B79A 		addi	a5,a5,-1621
 476 0034 1CC7     		sw	a5,8(a4)
 477 0036 A3070100 		sb	zero,15(sp)
 478 003a 9D46     		li	a3,7
 479 003c 37060020 		li	a2,536870912
 480              	.L77:
 481 0040 9C87     		lbu	a5,15(sp)
 482 0042 63F2F608 		bleu	a5,a3,.L78
 483 0046 B7270240 		li	a5,1073881088
 484 004a 984B     		lw	a4,16(a5)
 485 004c 13670702 		ori	a4,a4,32
 486 0050 98CB     		sw	a4,16(a5)
 487 0052 984B     		lw	a4,16(a5)
 488 0054 13670704 		ori	a4,a4,64
 489 0058 98CB     		sw	a4,16(a5)
 490 005a 37270240 		li	a4,1073881088
 491              	.L79:
 492 005e 5C47     		lw	a5,12(a4)
 493 0060 858B     		andi	a5,a5,1
 494 0062 F5FF     		bne	a5,zero,.L79
 495 0064 37270240 		li	a4,1073881088
 496 0068 1C4B     		lw	a5,16(a4)
 497 006a 9D46     		li	a3,7
 498 006c 37060020 		li	a2,536870912
 499 0070 93F7F7FD 		andi	a5,a5,-33
 500 0074 1CCB     		sw	a5,16(a4)
 501 0076 B71700E0 		li	a5,-536866816
 502 007a 93870780 		addi	a5,a5,-2048
 503 007e 3E94     		add	s0,s0,a5
 504 0080 7998     		andi	s0,s0,-2
 505 0082 93070402 		addi	a5,s0,32
 506 0086 33842700 		add	s0,a5,sp
 507 008a 93C7F4FF 		not	a5,s1
 508 008e C207     		slli	a5,a5,16
 509 0090 C183     		srli	a5,a5,16
 510 0092 A207     		slli	a5,a5,8
 511 0094 B3E59700 		or	a1,a5,s1
 512 0098 1C4B     		lw	a5,16(a4)
 513 009a 2318B4FE 		sh	a1,-16(s0)
 514 009e B7250240 		li	a1,1073881088
 515 00a2 93E70701 		ori	a5,a5,16
 516 00a6 1CCB     		sw	a5,16(a4)
 517 00a8 A3070100 		sb	zero,15(sp)
 518              	.L80:
 519 00ac 9C87     		lbu	a5,15(sp)
 520 00ae 63FEF602 		bleu	a5,a3,.L82
 521 00b2 37270240 		li	a4,1073881088
 522 00b6 1C4B     		lw	a5,16(a4)
GAS LISTING /tmp/ccdxzSih.s 			page 10


 523 00b8 BD9B     		andi	a5,a5,-17
 524 00ba 1CCB     		sw	a5,16(a4)
 525              	.L75:
 526 00bc 0561     		addi	sp,sp,32
 527 00be 17030000 		tail	__riscv_restore_2
 527      67000300 
 528              	.L78:
 529 00c6 9887     		lbu	a4,15(sp)
 530 00c8 9C87     		lbu	a5,15(sp)
 531 00ca 0607     		slli	a4,a4,1
 532 00cc 3297     		add	a4,a2,a4
 533 00ce 03570780 		lhu	a4,-2048(a4)
 534 00d2 8607     		slli	a5,a5,1
 535 00d4 93870702 		addi	a5,a5,32
 536 00d8 8A97     		add	a5,a5,sp
 537 00da 2398E7FE 		sh	a4,-16(a5)
 538 00de 9C87     		lbu	a5,15(sp)
 539 00e0 8507     		addi	a5,a5,1
 540 00e2 93F7F70F 		andi	a5,a5,0xff
 541 00e6 DC87     		sb	a5,15(sp)
 542 00e8 A1BF     		j	.L77
 543              	.L82:
 544 00ea 9887     		lbu	a4,15(sp)
 545 00ec 9C87     		lbu	a5,15(sp)
 546 00ee 0607     		slli	a4,a4,1
 547 00f0 13070702 		addi	a4,a4,32
 548 00f4 0A97     		add	a4,a4,sp
 549 00f6 035707FF 		lhu	a4,-16(a4)
 550 00fa 8607     		slli	a5,a5,1
 551 00fc B297     		add	a5,a2,a5
 552 00fe 2390E780 		sh	a4,-2048(a5)
 553              	.L81:
 554 0102 DC45     		lw	a5,12(a1)
 555 0104 858B     		andi	a5,a5,1
 556 0106 F5FF     		bne	a5,zero,.L81
 557 0108 9C87     		lbu	a5,15(sp)
 558 010a 8507     		addi	a5,a5,1
 559 010c 93F7F70F 		andi	a5,a5,0xff
 560 0110 DC87     		sb	a5,15(sp)
 561 0112 69BF     		j	.L80
 563              		.section	.text.FLASH_EnableWriteProtection,"ax",@progbits
 564              		.align	1
 565              		.globl	FLASH_EnableWriteProtection
 567              	FLASH_EnableWriteProtection:
 568 0000 17030000 		call	t0,__riscv_save_1
 568      E7020300 
 569 0008 0111     		addi	sp,sp,-32
 570 000a 2A84     		mv	s0,a0
 571 000c 1565     		li	a0,20480
 572 000e 97000000 		call	FLASH_WaitForLastOperation
 572      E7800000 
 573 0016 9147     		li	a5,4
 574 0018 631FF508 		bne	a0,a5,.L86
 575 001c B7076745 		li	a5,1164378112
 576 0020 37270240 		li	a4,1073881088
 577 0024 93873712 		addi	a5,a5,291
 578 0028 1CC7     		sw	a5,8(a4)
GAS LISTING /tmp/ccdxzSih.s 			page 11


 579 002a B797EFCD 		li	a5,-839938048
 580 002e 9387B79A 		addi	a5,a5,-1621
 581 0032 1CC7     		sw	a5,8(a4)
 582 0034 A3070100 		sb	zero,15(sp)
 583 0038 9D46     		li	a3,7
 584 003a 37060020 		li	a2,536870912
 585              	.L88:
 586 003e 9C87     		lbu	a5,15(sp)
 587 0040 63F0F608 		bleu	a5,a3,.L89
 588 0044 B7270240 		li	a5,1073881088
 589 0048 984B     		lw	a4,16(a5)
 590 004a 13670702 		ori	a4,a4,32
 591 004e 98CB     		sw	a4,16(a5)
 592 0050 984B     		lw	a4,16(a5)
 593 0052 13670704 		ori	a4,a4,64
 594 0056 98CB     		sw	a4,16(a5)
 595 0058 37270240 		li	a4,1073881088
 596              	.L90:
 597 005c 5C47     		lw	a5,12(a4)
 598 005e 858B     		andi	a5,a5,1
 599 0060 F5FF     		bne	a5,zero,.L90
 600 0062 37270240 		li	a4,1073881088
 601 0066 144B     		lw	a3,16(a4)
 602 0068 9347F4FF 		not	a5,s0
 603 006c 37060020 		li	a2,536870912
 604 0070 93F6F6FD 		andi	a3,a3,-33
 605 0074 14CB     		sw	a3,16(a4)
 606 0076 93F6F70F 		andi	a3,a5,255
 607 007a F484     		sh	a3,24(sp)
 608 007c 93D68700 		srli	a3,a5,8
 609 0080 93F6F60F 		andi	a3,a3,255
 610 0084 F485     		sh	a3,26(sp)
 611 0086 93D60701 		srli	a3,a5,16
 612 008a E183     		srli	a5,a5,24
 613 008c FC87     		sh	a5,30(sp)
 614 008e 1C4B     		lw	a5,16(a4)
 615 0090 93F6F60F 		andi	a3,a3,255
 616 0094 F486     		sh	a3,28(sp)
 617 0096 93E70701 		ori	a5,a5,16
 618 009a 1CCB     		sw	a5,16(a4)
 619 009c A3070100 		sb	zero,15(sp)
 620 00a0 9D46     		li	a3,7
 621 00a2 B7250240 		li	a1,1073881088
 622              	.L91:
 623 00a6 9C87     		lbu	a5,15(sp)
 624 00a8 63FEF602 		bleu	a5,a3,.L93
 625 00ac 37270240 		li	a4,1073881088
 626 00b0 1C4B     		lw	a5,16(a4)
 627 00b2 BD9B     		andi	a5,a5,-17
 628 00b4 1CCB     		sw	a5,16(a4)
 629              	.L86:
 630 00b6 0561     		addi	sp,sp,32
 631 00b8 17030000 		tail	__riscv_restore_1
 631      67000300 
 632              	.L89:
 633 00c0 9887     		lbu	a4,15(sp)
 634 00c2 9C87     		lbu	a5,15(sp)
GAS LISTING /tmp/ccdxzSih.s 			page 12


 635 00c4 0607     		slli	a4,a4,1
 636 00c6 3297     		add	a4,a2,a4
 637 00c8 03570780 		lhu	a4,-2048(a4)
 638 00cc 8607     		slli	a5,a5,1
 639 00ce 93870702 		addi	a5,a5,32
 640 00d2 8A97     		add	a5,a5,sp
 641 00d4 2398E7FE 		sh	a4,-16(a5)
 642 00d8 9C87     		lbu	a5,15(sp)
 643 00da 8507     		addi	a5,a5,1
 644 00dc 93F7F70F 		andi	a5,a5,0xff
 645 00e0 DC87     		sb	a5,15(sp)
 646 00e2 B1BF     		j	.L88
 647              	.L93:
 648 00e4 9887     		lbu	a4,15(sp)
 649 00e6 9C87     		lbu	a5,15(sp)
 650 00e8 0607     		slli	a4,a4,1
 651 00ea 13070702 		addi	a4,a4,32
 652 00ee 0A97     		add	a4,a4,sp
 653 00f0 035707FF 		lhu	a4,-16(a4)
 654 00f4 8607     		slli	a5,a5,1
 655 00f6 B297     		add	a5,a2,a5
 656 00f8 2390E780 		sh	a4,-2048(a5)
 657              	.L92:
 658 00fc DC45     		lw	a5,12(a1)
 659 00fe 858B     		andi	a5,a5,1
 660 0100 F5FF     		bne	a5,zero,.L92
 661 0102 9C87     		lbu	a5,15(sp)
 662 0104 8507     		addi	a5,a5,1
 663 0106 93F7F70F 		andi	a5,a5,0xff
 664 010a DC87     		sb	a5,15(sp)
 665 010c 69BF     		j	.L91
 667              		.section	.text.FLASH_ReadOutProtection,"ax",@progbits
 668              		.align	1
 669              		.globl	FLASH_ReadOutProtection
 671              	FLASH_ReadOutProtection:
 672 0000 17030000 		call	t0,__riscv_save_1
 672      E7020300 
 673 0008 0111     		addi	sp,sp,-32
 674 000a 2A84     		mv	s0,a0
 675 000c 37050B00 		li	a0,720896
 676 0010 97000000 		call	FLASH_WaitForLastOperation
 676      E7800000 
 677 0018 9147     		li	a5,4
 678 001a 6313F508 		bne	a0,a5,.L97
 679 001e B7076745 		li	a5,1164378112
 680 0022 37270240 		li	a4,1073881088
 681 0026 93873712 		addi	a5,a5,291
 682 002a 1CC7     		sw	a5,8(a4)
 683 002c B797EFCD 		li	a5,-839938048
 684 0030 9387B79A 		addi	a5,a5,-1621
 685 0034 1CC7     		sw	a5,8(a4)
 686 0036 A3070100 		sb	zero,15(sp)
 687 003a 9D46     		li	a3,7
 688 003c 37060020 		li	a2,536870912
 689              	.L99:
 690 0040 9C87     		lbu	a5,15(sp)
 691 0042 63F4F606 		bleu	a5,a3,.L100
GAS LISTING /tmp/ccdxzSih.s 			page 13


 692 0046 B7270240 		li	a5,1073881088
 693 004a 984B     		lw	a4,16(a5)
 694 004c 13670702 		ori	a4,a4,32
 695 0050 98CB     		sw	a4,16(a5)
 696 0052 984B     		lw	a4,16(a5)
 697 0054 13670704 		ori	a4,a4,64
 698 0058 98CB     		sw	a4,16(a5)
 699              	.L101:
 700 005a D847     		lw	a4,12(a5)
 701 005c 058B     		andi	a4,a4,1
 702 005e 75FF     		bne	a4,zero,.L101
 703 0060 984B     		lw	a4,16(a5)
 704 0062 1377F7FD 		andi	a4,a4,-33
 705 0066 98CB     		sw	a4,16(a5)
 706 0068 9307F00F 		li	a5,255
 707 006c 01E4     		bne	s0,zero,.L102
 708 006e 9967     		li	a5,24576
 709 0070 938757AA 		addi	a5,a5,-1371
 710              	.L102:
 711 0074 37270240 		li	a4,1073881088
 712 0078 FC80     		sh	a5,16(sp)
 713 007a 1C4B     		lw	a5,16(a4)
 714 007c 9D46     		li	a3,7
 715 007e 37060020 		li	a2,536870912
 716 0082 93E70701 		ori	a5,a5,16
 717 0086 1CCB     		sw	a5,16(a4)
 718 0088 A3070100 		sb	zero,15(sp)
 719 008c B7250240 		li	a1,1073881088
 720              	.L103:
 721 0090 9C87     		lbu	a5,15(sp)
 722 0092 63FEF602 		bleu	a5,a3,.L105
 723 0096 37270240 		li	a4,1073881088
 724 009a 1C4B     		lw	a5,16(a4)
 725 009c BD9B     		andi	a5,a5,-17
 726 009e 1CCB     		sw	a5,16(a4)
 727              	.L97:
 728 00a0 0561     		addi	sp,sp,32
 729 00a2 17030000 		tail	__riscv_restore_1
 729      67000300 
 730              	.L100:
 731 00aa 9887     		lbu	a4,15(sp)
 732 00ac 9C87     		lbu	a5,15(sp)
 733 00ae 0607     		slli	a4,a4,1
 734 00b0 3297     		add	a4,a2,a4
 735 00b2 03570780 		lhu	a4,-2048(a4)
 736 00b6 8607     		slli	a5,a5,1
 737 00b8 93870702 		addi	a5,a5,32
 738 00bc 8A97     		add	a5,a5,sp
 739 00be 2398E7FE 		sh	a4,-16(a5)
 740 00c2 9C87     		lbu	a5,15(sp)
 741 00c4 8507     		addi	a5,a5,1
 742 00c6 93F7F70F 		andi	a5,a5,0xff
 743 00ca DC87     		sb	a5,15(sp)
 744 00cc 95BF     		j	.L99
 745              	.L105:
 746 00ce 9887     		lbu	a4,15(sp)
 747 00d0 9C87     		lbu	a5,15(sp)
GAS LISTING /tmp/ccdxzSih.s 			page 14


 748 00d2 0607     		slli	a4,a4,1
 749 00d4 13070702 		addi	a4,a4,32
 750 00d8 0A97     		add	a4,a4,sp
 751 00da 035707FF 		lhu	a4,-16(a4)
 752 00de 8607     		slli	a5,a5,1
 753 00e0 B297     		add	a5,a2,a5
 754 00e2 2390E780 		sh	a4,-2048(a5)
 755              	.L104:
 756 00e6 DC45     		lw	a5,12(a1)
 757 00e8 858B     		andi	a5,a5,1
 758 00ea F5FF     		bne	a5,zero,.L104
 759 00ec 9C87     		lbu	a5,15(sp)
 760 00ee 8507     		addi	a5,a5,1
 761 00f0 93F7F70F 		andi	a5,a5,0xff
 762 00f4 DC87     		sb	a5,15(sp)
 763 00f6 69BF     		j	.L103
 765              		.section	.text.FLASH_UserOptionByteConfig,"ax",@progbits
 766              		.align	1
 767              		.globl	FLASH_UserOptionByteConfig
 769              	FLASH_UserOptionByteConfig:
 770 0000 17030000 		call	t0,__riscv_save_3
 770      E7020300 
 771 0008 B7076745 		li	a5,1164378112
 772 000c 37270240 		li	a4,1073881088
 773 0010 93873712 		addi	a5,a5,291
 774 0014 1CC7     		sw	a5,8(a4)
 775 0016 B797EFCD 		li	a5,-839938048
 776 001a 9387B79A 		addi	a5,a5,-1621
 777 001e 1CC7     		sw	a5,8(a4)
 778 0020 0111     		addi	sp,sp,-32
 779 0022 2A89     		mv	s2,a0
 780 0024 1565     		li	a0,20480
 781 0026 AE84     		mv	s1,a1
 782 0028 3284     		mv	s0,a2
 783 002a 97000000 		call	FLASH_WaitForLastOperation
 783      E7800000 
 784 0032 9147     		li	a5,4
 785 0034 631BF506 		bne	a0,a5,.L110
 786 0038 A3070100 		sb	zero,15(sp)
 787 003c 9D46     		li	a3,7
 788 003e 37060020 		li	a2,536870912
 789              	.L112:
 790 0042 9C87     		lbu	a5,15(sp)
 791 0044 63F8F606 		bleu	a5,a3,.L113
 792 0048 37270240 		li	a4,1073881088
 793 004c 144B     		lw	a3,16(a4)
 794 004e BC81     		lhu	a5,18(sp)
 795 0050 93E60602 		ori	a3,a3,32
 796 0054 14CB     		sw	a3,16(a4)
 797 0056 144B     		lw	a3,16(a4)
 798 0058 E19B     		andi	a5,a5,-8
 799 005a C207     		slli	a5,a5,16
 800 005c 93E60604 		ori	a3,a3,64
 801 0060 14CB     		sw	a3,16(a4)
 802 0062 C183     		srli	a5,a5,16
 803 0064 B7260240 		li	a3,1073881088
 804              	.L114:
GAS LISTING /tmp/ccdxzSih.s 			page 15


 805 0068 D846     		lw	a4,12(a3)
 806 006a 058B     		andi	a4,a4,1
 807 006c 75FF     		bne	a4,zero,.L114
 808 006e 37270240 		li	a4,1073881088
 809 0072 144B     		lw	a3,16(a4)
 810 0074 B3E72701 		or	a5,a5,s2
 811 0078 DD8C     		or	s1,s1,a5
 812 007a 93F6F6FD 		andi	a3,a3,-33
 813 007e 14CB     		sw	a3,16(a4)
 814 0080 1C4B     		lw	a5,16(a4)
 815 0082 458C     		or	s0,s0,s1
 816 0084 E081     		sh	s0,18(sp)
 817 0086 93E70701 		ori	a5,a5,16
 818 008a 1CCB     		sw	a5,16(a4)
 819 008c A3070100 		sb	zero,15(sp)
 820 0090 9D46     		li	a3,7
 821 0092 37060020 		li	a2,536870912
 822 0096 B7250240 		li	a1,1073881088
 823              	.L115:
 824 009a 9C87     		lbu	a5,15(sp)
 825 009c 63FEF602 		bleu	a5,a3,.L117
 826 00a0 37270240 		li	a4,1073881088
 827 00a4 1C4B     		lw	a5,16(a4)
 828 00a6 BD9B     		andi	a5,a5,-17
 829 00a8 1CCB     		sw	a5,16(a4)
 830              	.L110:
 831 00aa 0561     		addi	sp,sp,32
 832 00ac 17030000 		tail	__riscv_restore_3
 832      67000300 
 833              	.L113:
 834 00b4 9887     		lbu	a4,15(sp)
 835 00b6 9C87     		lbu	a5,15(sp)
 836 00b8 0607     		slli	a4,a4,1
 837 00ba 3297     		add	a4,a2,a4
 838 00bc 03570780 		lhu	a4,-2048(a4)
 839 00c0 8607     		slli	a5,a5,1
 840 00c2 93870702 		addi	a5,a5,32
 841 00c6 8A97     		add	a5,a5,sp
 842 00c8 2398E7FE 		sh	a4,-16(a5)
 843 00cc 9C87     		lbu	a5,15(sp)
 844 00ce 8507     		addi	a5,a5,1
 845 00d0 93F7F70F 		andi	a5,a5,0xff
 846 00d4 DC87     		sb	a5,15(sp)
 847 00d6 B5B7     		j	.L112
 848              	.L117:
 849 00d8 9887     		lbu	a4,15(sp)
 850 00da 9C87     		lbu	a5,15(sp)
 851 00dc 0607     		slli	a4,a4,1
 852 00de 13070702 		addi	a4,a4,32
 853 00e2 0A97     		add	a4,a4,sp
 854 00e4 035707FF 		lhu	a4,-16(a4)
 855 00e8 8607     		slli	a5,a5,1
 856 00ea B297     		add	a5,a2,a5
 857 00ec 2390E780 		sh	a4,-2048(a5)
 858              	.L116:
 859 00f0 DC45     		lw	a5,12(a1)
 860 00f2 858B     		andi	a5,a5,1
GAS LISTING /tmp/ccdxzSih.s 			page 16


 861 00f4 F5FF     		bne	a5,zero,.L116
 862 00f6 9C87     		lbu	a5,15(sp)
 863 00f8 8507     		addi	a5,a5,1
 864 00fa 93F7F70F 		andi	a5,a5,0xff
 865 00fe DC87     		sb	a5,15(sp)
 866 0100 69BF     		j	.L115
 868              		.section	.text.FLASH_WaitForLastBank1Operation,"ax",@progbits
 869              		.align	1
 870              		.globl	FLASH_WaitForLastBank1Operation
 872              	FLASH_WaitForLastBank1Operation:
 873 0000 17030000 		tail	FLASH_WaitForLastOperation
 873      67000300 
 875              		.section	.text.FLASH_Unlock_Fast,"ax",@progbits
 876              		.align	1
 877              		.globl	FLASH_Unlock_Fast
 879              	FLASH_Unlock_Fast:
 880 0000 B7066745 		li	a3,1164378112
 881 0004 B7270240 		li	a5,1073881088
 882 0008 93863612 		addi	a3,a3,291
 883 000c 3797EFCD 		li	a4,-839938048
 884 0010 D4C3     		sw	a3,4(a5)
 885 0012 1307B79A 		addi	a4,a4,-1621
 886 0016 D8C3     		sw	a4,4(a5)
 887 0018 D4D3     		sw	a3,36(a5)
 888 001a D8D3     		sw	a4,36(a5)
 889 001c 8280     		ret
 891              		.section	.text.FLASH_Lock_Fast,"ax",@progbits
 892              		.align	1
 893              		.globl	FLASH_Lock_Fast
 895              	FLASH_Lock_Fast:
 896 0000 37270240 		li	a4,1073881088
 897 0004 1C4B     		lw	a5,16(a4)
 898 0006 A166     		li	a3,32768
 899 0008 D58F     		or	a5,a5,a3
 900 000a 1CCB     		sw	a5,16(a4)
 901 000c 8280     		ret
 903              		.section	.text.FLASH_ErasePage_Fast,"ax",@progbits
 904              		.align	1
 905              		.globl	FLASH_ErasePage_Fast
 907              	FLASH_ErasePage_Fast:
 908 0000 B7270240 		li	a5,1073881088
 909 0004 984B     		lw	a4,16(a5)
 910 0006 B7060200 		li	a3,131072
 911 000a 137505F0 		andi	a0,a0,-256
 912 000e 558F     		or	a4,a4,a3
 913 0010 98CB     		sw	a4,16(a5)
 914 0012 C8CB     		sw	a0,20(a5)
 915 0014 984B     		lw	a4,16(a5)
 916 0016 13670704 		ori	a4,a4,64
 917 001a 98CB     		sw	a4,16(a5)
 918              	.L126:
 919 001c D847     		lw	a4,12(a5)
 920 001e 058B     		andi	a4,a4,1
 921 0020 75FF     		bne	a4,zero,.L126
 922 0022 984B     		lw	a4,16(a5)
 923 0024 8176     		li	a3,-131072
 924 0026 FD16     		addi	a3,a3,-1
GAS LISTING /tmp/ccdxzSih.s 			page 17


 925 0028 758F     		and	a4,a4,a3
 926 002a 98CB     		sw	a4,16(a5)
 927 002c 8280     		ret
 929              		.section	.text.FLASH_EraseBlock_32K_Fast,"ax",@progbits
 930              		.align	1
 931              		.globl	FLASH_EraseBlock_32K_Fast
 933              	FLASH_EraseBlock_32K_Fast:
 934 0000 E177     		li	a5,-32768
 935 0002 7D8D     		and	a0,a0,a5
 936 0004 B7270240 		li	a5,1073881088
 937 0008 984B     		lw	a4,16(a5)
 938 000a B7060400 		li	a3,262144
 939 000e 558F     		or	a4,a4,a3
 940 0010 98CB     		sw	a4,16(a5)
 941 0012 C8CB     		sw	a0,20(a5)
 942 0014 984B     		lw	a4,16(a5)
 943 0016 13670704 		ori	a4,a4,64
 944 001a 98CB     		sw	a4,16(a5)
 945              	.L129:
 946 001c D847     		lw	a4,12(a5)
 947 001e 058B     		andi	a4,a4,1
 948 0020 75FF     		bne	a4,zero,.L129
 949 0022 984B     		lw	a4,16(a5)
 950 0024 B706FCFF 		li	a3,-262144
 951 0028 FD16     		addi	a3,a3,-1
 952 002a 758F     		and	a4,a4,a3
 953 002c 98CB     		sw	a4,16(a5)
 954 002e 8280     		ret
 956              		.section	.text.FLASH_ProgramPage_Fast,"ax",@progbits
 957              		.align	1
 958              		.globl	FLASH_ProgramPage_Fast
 960              	FLASH_ProgramPage_Fast:
 961 0000 37270240 		li	a4,1073881088
 962 0004 1C4B     		lw	a5,16(a4)
 963 0006 C166     		li	a3,65536
 964 0008 137505F0 		andi	a0,a0,-256
 965 000c D58F     		or	a5,a5,a3
 966 000e 1CCB     		sw	a5,16(a4)
 967              	.L132:
 968 0010 5C47     		lw	a5,12(a4)
 969 0012 858B     		andi	a5,a5,1
 970 0014 F5FF     		bne	a5,zero,.L132
 971 0016 37270240 		li	a4,1073881088
 972              	.L133:
 973 001a 5C47     		lw	a5,12(a4)
 974 001c 898B     		andi	a5,a5,2
 975 001e F5FF     		bne	a5,zero,.L133
 976 0020 37270240 		li	a4,1073881088
 977 0024 13060010 		li	a2,256
 978              	.L135:
 979 0028 B386F500 		add	a3,a1,a5
 980 002c 03A80600 		lw	a6,0(a3)
 981 0030 B386A700 		add	a3,a5,a0
 982 0034 23A00601 		sw	a6,0(a3)
 983              	.L134:
 984 0038 5447     		lw	a3,12(a4)
 985 003a 898A     		andi	a3,a3,2
GAS LISTING /tmp/ccdxzSih.s 			page 18


 986 003c F5FE     		bne	a3,zero,.L134
 987 003e 9107     		addi	a5,a5,4
 988 0040 E394C7FE 		bne	a5,a2,.L135
 989 0044 1C4B     		lw	a5,16(a4)
 990 0046 B7062000 		li	a3,2097152
 991 004a D58F     		or	a5,a5,a3
 992 004c 1CCB     		sw	a5,16(a4)
 993 004e B7270240 		li	a5,1073881088
 994              	.L136:
 995 0052 D847     		lw	a4,12(a5)
 996 0054 058B     		andi	a4,a4,1
 997 0056 75FF     		bne	a4,zero,.L136
 998 0058 984B     		lw	a4,16(a5)
 999 005a C176     		li	a3,-65536
 1000 005c FD16     		addi	a3,a3,-1
 1001 005e 758F     		and	a4,a4,a3
 1002 0060 98CB     		sw	a4,16(a5)
 1003 0062 8280     		ret
 1005              		.section	.text.FLASH_Access_Clock_Cfg,"ax",@progbits
 1006              		.align	1
 1007              		.globl	FLASH_Access_Clock_Cfg
 1009              	FLASH_Access_Clock_Cfg:
 1010 0000 B7270240 		li	a5,1073881088
 1011 0004 984B     		lw	a4,16(a5)
 1012 0006 B70600FE 		li	a3,-33554432
 1013 000a FD16     		addi	a3,a3,-1
 1014 000c 758F     		and	a4,a4,a3
 1015 000e 98CB     		sw	a4,16(a5)
 1016 0010 984B     		lw	a4,16(a5)
 1017 0012 498F     		or	a4,a4,a0
 1018 0014 98CB     		sw	a4,16(a5)
 1019 0016 8280     		ret
 1021              		.section	.text.FLASH_Enhance_Mode,"ax",@progbits
 1022              		.align	1
 1023              		.globl	FLASH_Enhance_Mode
 1025              	FLASH_Enhance_Mode:
 1026 0000 09C9     		beq	a0,zero,.L144
 1027 0002 37270240 		li	a4,1073881088
 1028 0006 1C4B     		lw	a5,16(a4)
 1029 0008 B7060001 		li	a3,16777216
 1030 000c D58F     		or	a5,a5,a3
 1031 000e 1CCB     		sw	a5,16(a4)
 1032 0010 8280     		ret
 1033              	.L144:
 1034 0012 B7270240 		li	a5,1073881088
 1035 0016 984B     		lw	a4,16(a5)
 1036 0018 B70600FF 		li	a3,-16777216
 1037 001c FD16     		addi	a3,a3,-1
 1038 001e 758F     		and	a4,a4,a3
 1039 0020 98CB     		sw	a4,16(a5)
 1040 0022 984B     		lw	a4,16(a5)
 1041 0024 B7064000 		li	a3,4194304
 1042 0028 558F     		or	a4,a4,a3
 1043 002a 98CB     		sw	a4,16(a5)
 1044 002c 8280     		ret
 1046              		.section	.text.FLASH_GetMACAddress,"ax",@progbits
 1047              		.align	1
GAS LISTING /tmp/ccdxzSih.s 			page 19


 1048              		.globl	FLASH_GetMACAddress
 1050              	FLASH_GetMACAddress:
 1051 0000 37F7FF1F 		li	a4,536866816
 1052 0004 8327877E 		lw	a5,2024(a4)
 1053 0008 93D68700 		srli	a3,a5,8
 1054 000c 1CA1     		sb	a5,0(a0)
 1055 000e 14B1     		sb	a3,1(a0)
 1056 0010 93D60701 		srli	a3,a5,16
 1057 0014 E183     		srli	a5,a5,24
 1058 0016 34A1     		sb	a3,2(a0)
 1059 0018 3CB1     		sb	a5,3(a0)
 1060 001a 8327C77E 		lw	a5,2028(a4)
 1061 001e 5CA1     		sb	a5,4(a0)
 1062 0020 A183     		srli	a5,a5,8
 1063 0022 5CB1     		sb	a5,5(a0)
 1064 0024 8280     		ret
 1066              		.section	.text.FLASH_ROM_ERASE,"ax",@progbits
 1067              		.align	1
 1068              		.globl	FLASH_ROM_ERASE
 1070              	FLASH_ROM_ERASE:
 1071 0000 B70700F8 		li	a5,-134217728
 1072 0004 AA97     		add	a5,a0,a5
 1073 0006 37870300 		li	a4,229376
 1074 000a 63F7E718 		bgeu	a5,a4,.L165
 1075 000e 17030000 		call	t0,__riscv_save_7
 1075      E7020300 
 1076 0016 3307B500 		add	a4,a0,a1
 1077 001a B7860308 		li	a3,134447104
 1078 001e 2A89     		mv	s2,a0
 1079 0020 9307D00F 		li	a5,253
 1080 0024 63E1E614 		bgtu	a4,a3,.L147
 1081 0028 B364B500 		or	s1,a0,a1
 1082 002c 93F4F40F 		andi	s1,s1,255
 1083 0030 9307E00F 		li	a5,254
 1084 0034 63990412 		bne	s1,zero,.L147
 1085 0038 63870512 		beq	a1,zero,.L147
 1086 003c B7066745 		li	a3,1164378112
 1087 0040 B7270240 		li	a5,1073881088
 1088 0044 93863612 		addi	a3,a3,291
 1089 0048 3797EFCD 		li	a4,-839938048
 1090 004c D4C3     		sw	a3,4(a5)
 1091 004e 1307B79A 		addi	a4,a4,-1621
 1092 0052 D8C3     		sw	a4,4(a5)
 1093 0054 D4D3     		sw	a3,36(a5)
 1094 0056 D8D3     		sw	a4,36(a5)
 1095 0058 A167     		li	a5,32768
 1096 005a 63E9F504 		bltu	a1,a5,.L149
 1097 005e 1387F7FF 		addi	a4,a5,-1
 1098 0062 698F     		and	a4,a0,a4
 1099 0064 338AE740 		sub	s4,a5,a4
 1100 0068 9D8D     		sub	a1,a1,a5
 1101 006a B3094501 		add	s3,a0,s4
 1102 006e 3384E500 		add	s0,a1,a4
 1103 0072 630FFA0E 		beq	s4,a5,.L150
 1104 0076 D284     		mv	s1,s4
 1105 0078 6367F404 		bltu	s0,a5,.L153
 1106              	.L155:
GAS LISTING /tmp/ccdxzSih.s 			page 20


 1107 007c B3878900 		add	a5,s3,s0
 1108 0080 13971701 		slli	a4,a5,17
 1109 0084 135B1701 		srli	s6,a4,17
 1110 0088 CE8A     		mv	s5,s3
 1111 008a 01C7     		beq	a4,zero,.L158
 1112 008c E17A     		li	s5,-32768
 1113 008e B3FA5701 		and	s5,a5,s5
 1114              	.L158:
 1115 0092 B3056441 		sub	a1,s0,s6
 1116 0096 4E85     		mv	a0,s3
 1117 0098 2166     		li	a2,32768
 1118 009a BD81     		srli	a1,a1,15
 1119 009c 97000000 		call	ROM_ERASE
 1119      E7800000 
 1120 00a4 D284     		mv	s1,s4
 1121 00a6 5A84     		mv	s0,s6
 1122 00a8 D689     		mv	s3,s5
 1123 00aa 31A8     		j	.L153
 1124              	.L149:
 1125 00ac 0567     		li	a4,4096
 1126 00ae 63E6E508 		bltu	a1,a4,.L152
 1127 00b2 9307F7FF 		addi	a5,a4,-1
 1128 00b6 E98F     		and	a5,a0,a5
 1129 00b8 B304F740 		sub	s1,a4,a5
 1130 00bc 998D     		sub	a1,a1,a4
 1131 00be B3099500 		add	s3,a0,s1
 1132 00c2 3384F500 		add	s0,a1,a5
 1133              	.L153:
 1134 00c6 8567     		li	a5,4096
 1135 00c8 63E5F402 		bltu	s1,a5,.L159
 1136 00cc 138AF7FF 		addi	s4,a5,-1
 1137 00d0 337A4901 		and	s4,s2,s4
 1138 00d4 63040A00 		beq	s4,zero,.L160
 1139 00d8 338A4741 		sub	s4,a5,s4
 1140              	.L160:
 1141 00dc B3854441 		sub	a1,s1,s4
 1142 00e0 0566     		li	a2,4096
 1143 00e2 B181     		srli	a1,a1,12
 1144 00e4 33052A01 		add	a0,s4,s2
 1145 00e8 97000000 		call	ROM_ERASE
 1145      E7800000 
 1146 00f0 D284     		mv	s1,s4
 1147              	.L159:
 1148 00f2 8567     		li	a5,4096
 1149 00f4 6368F402 		bltu	s0,a5,.L161
 1150              	.L156:
 1151 00f8 B3073401 		add	a5,s0,s3
 1152 00fc 13974701 		slli	a4,a5,20
 1153 0100 935A4701 		srli	s5,a4,20
 1154 0104 4E8A     		mv	s4,s3
 1155 0106 01C7     		beq	a4,zero,.L162
 1156 0108 7D7A     		li	s4,-4096
 1157 010a 33FA4701 		and	s4,a5,s4
 1158              	.L162:
 1159 010e B3055441 		sub	a1,s0,s5
 1160 0112 4E85     		mv	a0,s3
 1161 0114 0566     		li	a2,4096
GAS LISTING /tmp/ccdxzSih.s 			page 21


 1162 0116 B181     		srli	a1,a1,12
 1163 0118 97000000 		call	ROM_ERASE
 1163      E7800000 
 1164 0120 5684     		mv	s0,s5
 1165 0122 D289     		mv	s3,s4
 1166              	.L161:
 1167 0124 ADC0     		beq	s1,zero,.L157
 1168 0126 13060010 		li	a2,256
 1169 012a 93D58400 		srli	a1,s1,8
 1170 012e 4A85     		mv	a0,s2
 1171 0130 97000000 		call	ROM_ERASE
 1171      E7800000 
 1172 0138 B9A0     		j	.L157
 1173              	.L152:
 1174 013a 9307F00F 		li	a5,255
 1175 013e 63F9B700 		bleu	a1,a5,.L154
 1176 0142 13060010 		li	a2,256
 1177 0146 A181     		srli	a1,a1,8
 1178              	.L186:
 1179 0148 97000000 		call	ROM_ERASE
 1179      E7800000 
 1180              	.L154:
 1181 0150 B7270240 		li	a5,1073881088
 1182 0154 984B     		lw	a4,16(a5)
 1183 0156 A166     		li	a3,32768
 1184 0158 558F     		or	a4,a4,a3
 1185 015a 98CB     		sw	a4,16(a5)
 1186 015c 984B     		lw	a4,16(a5)
 1187 015e 13670708 		ori	a4,a4,128
 1188 0162 98CB     		sw	a4,16(a5)
 1189 0164 9147     		li	a5,4
 1190              	.L147:
 1191 0166 3E85     		mv	a0,a5
 1192 0168 17030000 		tail	__riscv_restore_7
 1192      67000300 
 1193              	.L150:
 1194 0170 2166     		li	a2,32768
 1195 0172 8545     		li	a1,1
 1196 0174 97000000 		call	ROM_ERASE
 1196      E7800000 
 1197 017c 637C4401 		bgeu	s0,s4,.L169
 1198 0180 8567     		li	a5,4096
 1199 0182 E37BF4F6 		bgeu	s0,a5,.L156
 1200              	.L157:
 1201 0186 69D4     		beq	s0,zero,.L154
 1202 0188 13060010 		li	a2,256
 1203 018c 93558400 		srli	a1,s0,8
 1204 0190 4E85     		mv	a0,s3
 1205 0192 5DBF     		j	.L186
 1206              	.L169:
 1207 0194 014A     		li	s4,0
 1208 0196 DDB5     		j	.L155
 1209              	.L165:
 1210 0198 9307F00F 		li	a5,255
 1211 019c 3E85     		mv	a0,a5
 1212 019e 8280     		ret
 1214              		.section	.text.FLASH_ROM_WRITE,"ax",@progbits
GAS LISTING /tmp/ccdxzSih.s 			page 22


 1215              		.align	1
 1216              		.globl	FLASH_ROM_WRITE
 1218              	FLASH_ROM_WRITE:
 1219 0000 370700F8 		li	a4,-134217728
 1220 0004 2A97     		add	a4,a0,a4
 1221 0006 B7860300 		li	a3,229376
 1222 000a AA87     		mv	a5,a0
 1223 000c 6371D70C 		bgeu	a4,a3,.L195
 1224 0010 3307C500 		add	a4,a0,a2
 1225 0014 B7860308 		li	a3,134447104
 1226 0018 1305D00F 		li	a0,253
 1227 001c 63EBE60A 		bgtu	a4,a3,.L187
 1228 0020 33E7C700 		or	a4,a5,a2
 1229 0024 1377F70F 		andi	a4,a4,255
 1230 0028 1305E00F 		li	a0,254
 1231 002c 5DE3     		bne	a4,zero,.L187
 1232 002e 55C2     		beq	a2,zero,.L187
 1233 0030 37056745 		li	a0,1164378112
 1234 0034 37270240 		li	a4,1073881088
 1235 0038 13053512 		addi	a0,a0,291
 1236 003c B796EFCD 		li	a3,-839938048
 1237 0040 48C3     		sw	a0,4(a4)
 1238 0042 9386B69A 		addi	a3,a3,-1621
 1239 0046 54C3     		sw	a3,4(a4)
 1240 0048 48D3     		sw	a0,36(a4)
 1241 004a 54D3     		sw	a3,36(a4)
 1242 004c C176     		li	a3,-65536
 1243 004e 3E85     		mv	a0,a5
 1244 0050 9D8D     		sub	a1,a1,a5
 1245 0052 2182     		srli	a2,a2,8
 1246 0054 B7270240 		li	a5,1073881088
 1247 0058 C168     		li	a7,65536
 1248 005a 13030010 		li	t1,256
 1249 005e 370E2000 		li	t3,2097152
 1250 0062 FD16     		addi	a3,a3,-1
 1251              	.L194:
 1252 0064 984B     		lw	a4,16(a5)
 1253 0066 B38EA500 		add	t4,a1,a0
 1254 006a 33671701 		or	a4,a4,a7
 1255 006e 98CB     		sw	a4,16(a5)
 1256              	.L189:
 1257 0070 D847     		lw	a4,12(a5)
 1258 0072 058B     		andi	a4,a4,1
 1259 0074 75FF     		bne	a4,zero,.L189
 1260              	.L190:
 1261 0076 D847     		lw	a4,12(a5)
 1262 0078 098B     		andi	a4,a4,2
 1263 007a 75FF     		bne	a4,zero,.L190
 1264              	.L192:
 1265 007c 3388EE00 		add	a6,t4,a4
 1266 0080 032F0800 		lw	t5,0(a6)
 1267 0084 3308E500 		add	a6,a0,a4
 1268 0088 2320E801 		sw	t5,0(a6)
 1269              	.L191:
 1270 008c 03A8C700 		lw	a6,12(a5)
 1271 0090 13782800 		andi	a6,a6,2
 1272 0094 E31C08FE 		bne	a6,zero,.L191
GAS LISTING /tmp/ccdxzSih.s 			page 23


 1273 0098 1107     		addi	a4,a4,4
 1274 009a E31167FE 		bne	a4,t1,.L192
 1275 009e 984B     		lw	a4,16(a5)
 1276 00a0 13050510 		addi	a0,a0,256
 1277 00a4 3367C701 		or	a4,a4,t3
 1278 00a8 98CB     		sw	a4,16(a5)
 1279              	.L193:
 1280 00aa D847     		lw	a4,12(a5)
 1281 00ac 058B     		andi	a4,a4,1
 1282 00ae 75FF     		bne	a4,zero,.L193
 1283 00b0 984B     		lw	a4,16(a5)
 1284 00b2 7D16     		addi	a2,a2,-1
 1285 00b4 758F     		and	a4,a4,a3
 1286 00b6 98CB     		sw	a4,16(a5)
 1287 00b8 55F6     		bne	a2,zero,.L194
 1288 00ba 984B     		lw	a4,16(a5)
 1289 00bc A166     		li	a3,32768
 1290 00be 1145     		li	a0,4
 1291 00c0 558F     		or	a4,a4,a3
 1292 00c2 98CB     		sw	a4,16(a5)
 1293 00c4 984B     		lw	a4,16(a5)
 1294 00c6 13670708 		ori	a4,a4,128
 1295 00ca 98CB     		sw	a4,16(a5)
 1296 00cc 8280     		ret
 1297              	.L195:
 1298 00ce 1305F00F 		li	a0,255
 1299              	.L187:
 1300 00d2 8280     		ret
 1302              		.ident	"GCC: (xPack GNU RISC-V Embedded GCC x86_64) 12.2.0"
GAS LISTING /tmp/ccdxzSih.s 			page 24


DEFINED SYMBOLS
                            *ABS*:0000000000000000 ch32v20x_flash.c
     /tmp/ccdxzSih.s:10     .text.ROM_ERASE:0000000000000000 ROM_ERASE
     /tmp/ccdxzSih.s:11     .text.ROM_ERASE:0000000000000000 $x
     /tmp/ccdxzSih.s:84     .text.FLASH_Unlock:0000000000000000 FLASH_Unlock
     /tmp/ccdxzSih.s:85     .text.FLASH_Unlock:0000000000000000 $x
     /tmp/ccdxzSih.s:98     .text.FLASH_UnlockBank1:0000000000000000 FLASH_UnlockBank1
     /tmp/ccdxzSih.s:99     .text.FLASH_UnlockBank1:0000000000000000 $x
     /tmp/ccdxzSih.s:105    .text.FLASH_Lock:0000000000000000 FLASH_Lock
     /tmp/ccdxzSih.s:106    .text.FLASH_Lock:0000000000000000 $x
     /tmp/ccdxzSih.s:116    .text.FLASH_LockBank1:0000000000000000 FLASH_LockBank1
     /tmp/ccdxzSih.s:117    .text.FLASH_LockBank1:0000000000000000 $x
     /tmp/ccdxzSih.s:123    .text.FLASH_GetUserOptionByte:0000000000000000 FLASH_GetUserOptionByte
     /tmp/ccdxzSih.s:124    .text.FLASH_GetUserOptionByte:0000000000000000 $x
     /tmp/ccdxzSih.s:133    .text.FLASH_GetWriteProtectionOptionByte:0000000000000000 FLASH_GetWriteProtectionOptionByte
     /tmp/ccdxzSih.s:134    .text.FLASH_GetWriteProtectionOptionByte:0000000000000000 $x
     /tmp/ccdxzSih.s:142    .text.FLASH_GetReadOutProtectionStatus:0000000000000000 FLASH_GetReadOutProtectionStatus
     /tmp/ccdxzSih.s:143    .text.FLASH_GetReadOutProtectionStatus:0000000000000000 $x
     /tmp/ccdxzSih.s:153    .text.FLASH_ITConfig:0000000000000000 FLASH_ITConfig
     /tmp/ccdxzSih.s:154    .text.FLASH_ITConfig:0000000000000000 $x
     /tmp/ccdxzSih.s:172    .text.FLASH_GetFlagStatus:0000000000000000 FLASH_GetFlagStatus
     /tmp/ccdxzSih.s:173    .text.FLASH_GetFlagStatus:0000000000000000 $x
     /tmp/ccdxzSih.s:190    .text.FLASH_ClearFlag:0000000000000000 FLASH_ClearFlag
     /tmp/ccdxzSih.s:191    .text.FLASH_ClearFlag:0000000000000000 $x
     /tmp/ccdxzSih.s:199    .text.FLASH_GetStatus:0000000000000000 FLASH_GetStatus
     /tmp/ccdxzSih.s:200    .text.FLASH_GetStatus:0000000000000000 $x
     /tmp/ccdxzSih.s:215    .text.FLASH_GetBank1Status:0000000000000000 FLASH_GetBank1Status
     /tmp/ccdxzSih.s:216    .text.FLASH_GetBank1Status:0000000000000000 $x
     /tmp/ccdxzSih.s:231    .text.FLASH_WaitForLastOperation:0000000000000000 FLASH_WaitForLastOperation
     /tmp/ccdxzSih.s:232    .text.FLASH_WaitForLastOperation:0000000000000000 $x
     /tmp/ccdxzSih.s:255    .text.FLASH_ErasePage:0000000000000000 FLASH_ErasePage
     /tmp/ccdxzSih.s:256    .text.FLASH_ErasePage:0000000000000000 $x
     /tmp/ccdxzSih.s:282    .text.FLASH_EraseAllPages:0000000000000000 FLASH_EraseAllPages
     /tmp/ccdxzSih.s:283    .text.FLASH_EraseAllPages:0000000000000000 $x
     /tmp/ccdxzSih.s:307    .text.FLASH_EraseAllBank1Pages:0000000000000000 FLASH_EraseAllBank1Pages
     /tmp/ccdxzSih.s:308    .text.FLASH_EraseAllBank1Pages:0000000000000000 $x
     /tmp/ccdxzSih.s:314    .text.FLASH_EraseOptionBytes:0000000000000000 FLASH_EraseOptionBytes
     /tmp/ccdxzSih.s:315    .text.FLASH_EraseOptionBytes:0000000000000000 $x
     /tmp/ccdxzSih.s:397    .text.FLASH_ProgramWord:0000000000000000 FLASH_ProgramWord
     /tmp/ccdxzSih.s:398    .text.FLASH_ProgramWord:0000000000000000 $x
     /tmp/ccdxzSih.s:436    .text.FLASH_ProgramHalfWord:0000000000000000 FLASH_ProgramHalfWord
     /tmp/ccdxzSih.s:437    .text.FLASH_ProgramHalfWord:0000000000000000 $x
     /tmp/ccdxzSih.s:461    .text.FLASH_ProgramOptionByteData:0000000000000000 FLASH_ProgramOptionByteData
     /tmp/ccdxzSih.s:462    .text.FLASH_ProgramOptionByteData:0000000000000000 $x
     /tmp/ccdxzSih.s:567    .text.FLASH_EnableWriteProtection:0000000000000000 FLASH_EnableWriteProtection
     /tmp/ccdxzSih.s:568    .text.FLASH_EnableWriteProtection:0000000000000000 $x
     /tmp/ccdxzSih.s:671    .text.FLASH_ReadOutProtection:0000000000000000 FLASH_ReadOutProtection
     /tmp/ccdxzSih.s:672    .text.FLASH_ReadOutProtection:0000000000000000 $x
     /tmp/ccdxzSih.s:769    .text.FLASH_UserOptionByteConfig:0000000000000000 FLASH_UserOptionByteConfig
     /tmp/ccdxzSih.s:770    .text.FLASH_UserOptionByteConfig:0000000000000000 $x
     /tmp/ccdxzSih.s:872    .text.FLASH_WaitForLastBank1Operation:0000000000000000 FLASH_WaitForLastBank1Operation
     /tmp/ccdxzSih.s:873    .text.FLASH_WaitForLastBank1Operation:0000000000000000 $x
     /tmp/ccdxzSih.s:879    .text.FLASH_Unlock_Fast:0000000000000000 FLASH_Unlock_Fast
     /tmp/ccdxzSih.s:880    .text.FLASH_Unlock_Fast:0000000000000000 $x
     /tmp/ccdxzSih.s:895    .text.FLASH_Lock_Fast:0000000000000000 FLASH_Lock_Fast
     /tmp/ccdxzSih.s:896    .text.FLASH_Lock_Fast:0000000000000000 $x
     /tmp/ccdxzSih.s:907    .text.FLASH_ErasePage_Fast:0000000000000000 FLASH_ErasePage_Fast
GAS LISTING /tmp/ccdxzSih.s 			page 25


     /tmp/ccdxzSih.s:908    .text.FLASH_ErasePage_Fast:0000000000000000 $x
     /tmp/ccdxzSih.s:933    .text.FLASH_EraseBlock_32K_Fast:0000000000000000 FLASH_EraseBlock_32K_Fast
     /tmp/ccdxzSih.s:934    .text.FLASH_EraseBlock_32K_Fast:0000000000000000 $x
     /tmp/ccdxzSih.s:960    .text.FLASH_ProgramPage_Fast:0000000000000000 FLASH_ProgramPage_Fast
     /tmp/ccdxzSih.s:961    .text.FLASH_ProgramPage_Fast:0000000000000000 $x
     /tmp/ccdxzSih.s:1009   .text.FLASH_Access_Clock_Cfg:0000000000000000 FLASH_Access_Clock_Cfg
     /tmp/ccdxzSih.s:1010   .text.FLASH_Access_Clock_Cfg:0000000000000000 $x
     /tmp/ccdxzSih.s:1025   .text.FLASH_Enhance_Mode:0000000000000000 FLASH_Enhance_Mode
     /tmp/ccdxzSih.s:1026   .text.FLASH_Enhance_Mode:0000000000000000 $x
     /tmp/ccdxzSih.s:1050   .text.FLASH_GetMACAddress:0000000000000000 FLASH_GetMACAddress
     /tmp/ccdxzSih.s:1051   .text.FLASH_GetMACAddress:0000000000000000 $x
     /tmp/ccdxzSih.s:1070   .text.FLASH_ROM_ERASE:0000000000000000 FLASH_ROM_ERASE
     /tmp/ccdxzSih.s:1071   .text.FLASH_ROM_ERASE:0000000000000000 $x
     /tmp/ccdxzSih.s:1218   .text.FLASH_ROM_WRITE:0000000000000000 FLASH_ROM_WRITE
     /tmp/ccdxzSih.s:1219   .text.FLASH_ROM_WRITE:0000000000000000 $x
     /tmp/ccdxzSih.s:20     .text.ROM_ERASE:0000000000000014 .L2
     /tmp/ccdxzSih.s:26     .text.ROM_ERASE:0000000000000024 .L14
     /tmp/ccdxzSih.s:49     .text.ROM_ERASE:0000000000000054 .L4
     /tmp/ccdxzSih.s:34     .text.ROM_ERASE:0000000000000034 .L6
     /tmp/ccdxzSih.s:56     .text.ROM_ERASE:0000000000000068 .L7
     /tmp/ccdxzSih.s:13     .text.ROM_ERASE:0000000000000006 .L8
     /tmp/ccdxzSih.s:28     .text.ROM_ERASE:0000000000000026 .L3
     /tmp/ccdxzSih.s:17     .text.ROM_ERASE:0000000000000010 .L13
     /tmp/ccdxzSih.s:65     .text.ROM_ERASE:000000000000007a .L10
     /tmp/ccdxzSih.s:76     .text.ROM_ERASE:0000000000000094 .L11
     /tmp/ccdxzSih.s:160    .text.FLASH_ITConfig:000000000000000e .L25
     /tmp/ccdxzSih.s:179    .text.FLASH_GetFlagStatus:0000000000000010 .L28
     /tmp/ccdxzSih.s:208    .text.FLASH_GetStatus:0000000000000014 .L31
     /tmp/ccdxzSih.s:224    .text.FLASH_GetBank1Status:0000000000000014 .L34
     /tmp/ccdxzSih.s:246    .text.FLASH_WaitForLastOperation:000000000000002a .L39
     /tmp/ccdxzSih.s:242    .text.FLASH_WaitForLastOperation:000000000000001e .L40
     /tmp/ccdxzSih.s:248    .text.FLASH_WaitForLastOperation:000000000000002c .L37
     /tmp/ccdxzSih.s:236    .text.FLASH_WaitForLastOperation:0000000000000014 .L38
     /tmp/ccdxzSih.s:239    .text.FLASH_WaitForLastOperation:000000000000001a .L43
     /tmp/ccdxzSih.s:275    .text.FLASH_ErasePage:0000000000000044 .L44
     /tmp/ccdxzSih.s:300    .text.FLASH_EraseAllPages:0000000000000040 .L47
     /tmp/ccdxzSih.s:321    .text.FLASH_EraseOptionBytes:000000000000001a .L53
     /tmp/ccdxzSih.s:375    .text.FLASH_EraseOptionBytes:00000000000000c0 .L52
     /tmp/ccdxzSih.s:352    .text.FLASH_EraseOptionBytes:0000000000000086 .L55
     /tmp/ccdxzSih.s:358    .text.FLASH_EraseOptionBytes:0000000000000092 .L57
     /tmp/ccdxzSih.s:378    .text.FLASH_EraseOptionBytes:00000000000000ca .L61
     /tmp/ccdxzSih.s:383    .text.FLASH_EraseOptionBytes:00000000000000d4 .L60
     /tmp/ccdxzSih.s:368    .text.FLASH_EraseOptionBytes:00000000000000b0 .L59
     /tmp/ccdxzSih.s:428    .text.FLASH_ProgramWord:000000000000005e .L68
     /tmp/ccdxzSih.s:424    .text.FLASH_ProgramWord:0000000000000058 .L70
     /tmp/ccdxzSih.s:454    .text.FLASH_ProgramHalfWord:000000000000003c .L72
     /tmp/ccdxzSih.s:525    .text.FLASH_ProgramOptionByteData:00000000000000bc .L75
     /tmp/ccdxzSih.s:528    .text.FLASH_ProgramOptionByteData:00000000000000c6 .L78
     /tmp/ccdxzSih.s:491    .text.FLASH_ProgramOptionByteData:000000000000005e .L79
     /tmp/ccdxzSih.s:543    .text.FLASH_ProgramOptionByteData:00000000000000ea .L82
     /tmp/ccdxzSih.s:480    .text.FLASH_ProgramOptionByteData:0000000000000040 .L77
     /tmp/ccdxzSih.s:553    .text.FLASH_ProgramOptionByteData:0000000000000102 .L81
     /tmp/ccdxzSih.s:518    .text.FLASH_ProgramOptionByteData:00000000000000ac .L80
     /tmp/ccdxzSih.s:629    .text.FLASH_EnableWriteProtection:00000000000000b6 .L86
     /tmp/ccdxzSih.s:632    .text.FLASH_EnableWriteProtection:00000000000000c0 .L89
     /tmp/ccdxzSih.s:596    .text.FLASH_EnableWriteProtection:000000000000005c .L90
     /tmp/ccdxzSih.s:647    .text.FLASH_EnableWriteProtection:00000000000000e4 .L93
GAS LISTING /tmp/ccdxzSih.s 			page 26


     /tmp/ccdxzSih.s:585    .text.FLASH_EnableWriteProtection:000000000000003e .L88
     /tmp/ccdxzSih.s:657    .text.FLASH_EnableWriteProtection:00000000000000fc .L92
     /tmp/ccdxzSih.s:622    .text.FLASH_EnableWriteProtection:00000000000000a6 .L91
     /tmp/ccdxzSih.s:727    .text.FLASH_ReadOutProtection:00000000000000a0 .L97
     /tmp/ccdxzSih.s:730    .text.FLASH_ReadOutProtection:00000000000000aa .L100
     /tmp/ccdxzSih.s:699    .text.FLASH_ReadOutProtection:000000000000005a .L101
     /tmp/ccdxzSih.s:710    .text.FLASH_ReadOutProtection:0000000000000074 .L102
     /tmp/ccdxzSih.s:745    .text.FLASH_ReadOutProtection:00000000000000ce .L105
     /tmp/ccdxzSih.s:689    .text.FLASH_ReadOutProtection:0000000000000040 .L99
     /tmp/ccdxzSih.s:755    .text.FLASH_ReadOutProtection:00000000000000e6 .L104
     /tmp/ccdxzSih.s:720    .text.FLASH_ReadOutProtection:0000000000000090 .L103
     /tmp/ccdxzSih.s:830    .text.FLASH_UserOptionByteConfig:00000000000000aa .L110
     /tmp/ccdxzSih.s:833    .text.FLASH_UserOptionByteConfig:00000000000000b4 .L113
     /tmp/ccdxzSih.s:804    .text.FLASH_UserOptionByteConfig:0000000000000068 .L114
     /tmp/ccdxzSih.s:848    .text.FLASH_UserOptionByteConfig:00000000000000d8 .L117
     /tmp/ccdxzSih.s:789    .text.FLASH_UserOptionByteConfig:0000000000000042 .L112
     /tmp/ccdxzSih.s:858    .text.FLASH_UserOptionByteConfig:00000000000000f0 .L116
     /tmp/ccdxzSih.s:823    .text.FLASH_UserOptionByteConfig:000000000000009a .L115
     /tmp/ccdxzSih.s:918    .text.FLASH_ErasePage_Fast:000000000000001c .L126
     /tmp/ccdxzSih.s:945    .text.FLASH_EraseBlock_32K_Fast:000000000000001c .L129
     /tmp/ccdxzSih.s:967    .text.FLASH_ProgramPage_Fast:0000000000000010 .L132
     /tmp/ccdxzSih.s:972    .text.FLASH_ProgramPage_Fast:000000000000001a .L133
     /tmp/ccdxzSih.s:983    .text.FLASH_ProgramPage_Fast:0000000000000038 .L134
     /tmp/ccdxzSih.s:978    .text.FLASH_ProgramPage_Fast:0000000000000028 .L135
     /tmp/ccdxzSih.s:994    .text.FLASH_ProgramPage_Fast:0000000000000052 .L136
     /tmp/ccdxzSih.s:1033   .text.FLASH_Enhance_Mode:0000000000000012 .L144
     /tmp/ccdxzSih.s:1209   .text.FLASH_ROM_ERASE:0000000000000198 .L165
     /tmp/ccdxzSih.s:1190   .text.FLASH_ROM_ERASE:0000000000000166 .L147
     /tmp/ccdxzSih.s:1124   .text.FLASH_ROM_ERASE:00000000000000ac .L149
     /tmp/ccdxzSih.s:1193   .text.FLASH_ROM_ERASE:0000000000000170 .L150
     /tmp/ccdxzSih.s:1133   .text.FLASH_ROM_ERASE:00000000000000c6 .L153
     /tmp/ccdxzSih.s:1114   .text.FLASH_ROM_ERASE:0000000000000092 .L158
     /tmp/ccdxzSih.s:1173   .text.FLASH_ROM_ERASE:000000000000013a .L152
     /tmp/ccdxzSih.s:1147   .text.FLASH_ROM_ERASE:00000000000000f2 .L159
     /tmp/ccdxzSih.s:1140   .text.FLASH_ROM_ERASE:00000000000000dc .L160
     /tmp/ccdxzSih.s:1166   .text.FLASH_ROM_ERASE:0000000000000124 .L161
     /tmp/ccdxzSih.s:1158   .text.FLASH_ROM_ERASE:000000000000010e .L162
     /tmp/ccdxzSih.s:1200   .text.FLASH_ROM_ERASE:0000000000000186 .L157
     /tmp/ccdxzSih.s:1180   .text.FLASH_ROM_ERASE:0000000000000150 .L154
     /tmp/ccdxzSih.s:1206   .text.FLASH_ROM_ERASE:0000000000000194 .L169
     /tmp/ccdxzSih.s:1150   .text.FLASH_ROM_ERASE:00000000000000f8 .L156
     /tmp/ccdxzSih.s:1178   .text.FLASH_ROM_ERASE:0000000000000148 .L186
     /tmp/ccdxzSih.s:1106   .text.FLASH_ROM_ERASE:000000000000007c .L155
     /tmp/ccdxzSih.s:1297   .text.FLASH_ROM_WRITE:00000000000000ce .L195
     /tmp/ccdxzSih.s:1299   .text.FLASH_ROM_WRITE:00000000000000d2 .L187
     /tmp/ccdxzSih.s:1256   .text.FLASH_ROM_WRITE:0000000000000070 .L189
     /tmp/ccdxzSih.s:1260   .text.FLASH_ROM_WRITE:0000000000000076 .L190
     /tmp/ccdxzSih.s:1269   .text.FLASH_ROM_WRITE:000000000000008c .L191
     /tmp/ccdxzSih.s:1264   .text.FLASH_ROM_WRITE:000000000000007c .L192
     /tmp/ccdxzSih.s:1279   .text.FLASH_ROM_WRITE:00000000000000aa .L193
     /tmp/ccdxzSih.s:1251   .text.FLASH_ROM_WRITE:0000000000000064 .L194

UNDEFINED SYMBOLS
__riscv_save_2
__riscv_restore_2
__riscv_save_1
__riscv_restore_1
GAS LISTING /tmp/ccdxzSih.s 			page 27


__riscv_save_3
__riscv_restore_3
__riscv_save_4
__riscv_restore_4
__riscv_save_7
__riscv_restore_7
