GAS LISTING /tmp/ccv7ZNST.s 			page 1


   1              		.file	"ch32v20x_rcc.c"
   2              		.option nopic
   3              		.attribute arch, "rv32i2p0_m2p0_a2p0_c2p0_xw"
   4              		.attribute unaligned_access, 0
   5              		.attribute stack_align, 16
   6              		.text
   7              		.section	.text.RCC_DeInit,"ax",@progbits
   8              		.align	1
   9              		.globl	RCC_DeInit
  11              	RCC_DeInit:
  12 0000 B7170240 		li	a5,1073876992
  13 0004 9843     		lw	a4,0(a5)
  14 0006 B706FFF0 		li	a3,-251723776
  15 000a 13671700 		ori	a4,a4,1
  16 000e 98C3     		sw	a4,0(a5)
  17 0010 D843     		lw	a4,4(a5)
  18 0012 758F     		and	a4,a4,a3
  19 0014 D8C3     		sw	a4,4(a5)
  20 0016 9843     		lw	a4,0(a5)
  21 0018 B706F7FE 		li	a3,-17367040
  22 001c FD16     		addi	a3,a3,-1
  23 001e 758F     		and	a4,a4,a3
  24 0020 98C3     		sw	a4,0(a5)
  25 0022 9843     		lw	a4,0(a5)
  26 0024 B706FCFF 		li	a3,-262144
  27 0028 FD16     		addi	a3,a3,-1
  28 002a 758F     		and	a4,a4,a3
  29 002c 98C3     		sw	a4,0(a5)
  30 002e D843     		lw	a4,4(a5)
  31 0030 B70601FF 		li	a3,-16711680
  32 0034 FD16     		addi	a3,a3,-1
  33 0036 758F     		and	a4,a4,a3
  34 0038 D8C3     		sw	a4,4(a5)
  35 003a 37079F00 		li	a4,10420224
  36 003e 98C7     		sw	a4,8(a5)
  37 0040 8280     		ret
  39              		.section	.text.RCC_HSEConfig,"ax",@progbits
  40              		.align	1
  41              		.globl	RCC_HSEConfig
  43              	RCC_HSEConfig:
  44 0000 B7170240 		li	a5,1073876992
  45 0004 9843     		lw	a4,0(a5)
  46 0006 C176     		li	a3,-65536
  47 0008 FD16     		addi	a3,a3,-1
  48 000a 758F     		and	a4,a4,a3
  49 000c 98C3     		sw	a4,0(a5)
  50 000e 9843     		lw	a4,0(a5)
  51 0010 B706FCFF 		li	a3,-262144
  52 0014 FD16     		addi	a3,a3,-1
  53 0016 758F     		and	a4,a4,a3
  54 0018 98C3     		sw	a4,0(a5)
  55 001a 4167     		li	a4,65536
  56 001c 6307E500 		beq	a0,a4,.L3
  57 0020 37070400 		li	a4,262144
  58 0024 6307E500 		beq	a0,a4,.L4
  59 0028 8280     		ret
  60              	.L3:
GAS LISTING /tmp/ccv7ZNST.s 			page 2


  61 002a 9843     		lw	a4,0(a5)
  62 002c 498F     		or	a4,a4,a0
  63              	.L6:
  64 002e 98C3     		sw	a4,0(a5)
  65 0030 8280     		ret
  66              	.L4:
  67 0032 9843     		lw	a4,0(a5)
  68 0034 B7060500 		li	a3,327680
  69 0038 558F     		or	a4,a4,a3
  70 003a D5BF     		j	.L6
  72              		.section	.text.RCC_AdjustHSICalibrationValue,"ax",@progbits
  73              		.align	1
  74              		.globl	RCC_AdjustHSICalibrationValue
  76              	RCC_AdjustHSICalibrationValue:
  77 0000 37170240 		li	a4,1073876992
  78 0004 1C43     		lw	a5,0(a4)
  79 0006 0E05     		slli	a0,a0,3
  80 0008 93F777F0 		andi	a5,a5,-249
  81 000c 5D8D     		or	a0,a0,a5
  82 000e 08C3     		sw	a0,0(a4)
  83 0010 8280     		ret
  85              		.section	.text.RCC_HSICmd,"ax",@progbits
  86              		.align	1
  87              		.globl	RCC_HSICmd
  89              	RCC_HSICmd:
  90 0000 37170240 		li	a4,1073876992
  91 0004 1C43     		lw	a5,0(a4)
  92 0006 09C5     		beq	a0,zero,.L9
  93 0008 93E71700 		ori	a5,a5,1
  94              	.L11:
  95 000c 1CC3     		sw	a5,0(a4)
  96 000e 8280     		ret
  97              	.L9:
  98 0010 F99B     		andi	a5,a5,-2
  99 0012 EDBF     		j	.L11
 101              		.section	.text.RCC_PLLConfig,"ax",@progbits
 102              		.align	1
 103              		.globl	RCC_PLLConfig
 105              	RCC_PLLConfig:
 106 0000 B7160240 		li	a3,1073876992
 107 0004 DC42     		lw	a5,4(a3)
 108 0006 3707C1FF 		li	a4,-4128768
 109 000a 7D17     		addi	a4,a4,-1
 110 000c F98F     		and	a5,a5,a4
 111 000e CD8F     		or	a5,a5,a1
 112 0010 5D8D     		or	a0,a0,a5
 113 0012 C8C2     		sw	a0,4(a3)
 114 0014 8280     		ret
 116              		.section	.text.RCC_PLLCmd,"ax",@progbits
 117              		.align	1
 118              		.globl	RCC_PLLCmd
 120              	RCC_PLLCmd:
 121 0000 09C9     		beq	a0,zero,.L14
 122 0002 37170240 		li	a4,1073876992
 123 0006 1C43     		lw	a5,0(a4)
 124 0008 B7060001 		li	a3,16777216
 125 000c D58F     		or	a5,a5,a3
GAS LISTING /tmp/ccv7ZNST.s 			page 3


 126 000e 1CC3     		sw	a5,0(a4)
 127 0010 8280     		ret
 128              	.L14:
 129 0012 B7160240 		li	a3,1073876992
 130 0016 9C42     		lw	a5,0(a3)
 131 0018 370700FF 		li	a4,-16777216
 132 001c 7D17     		addi	a4,a4,-1
 133 001e F98F     		and	a5,a5,a4
 134 0020 9CC2     		sw	a5,0(a3)
 135 0022 8280     		ret
 137              		.section	.text.RCC_SYSCLKConfig,"ax",@progbits
 138              		.align	1
 139              		.globl	RCC_SYSCLKConfig
 141              	RCC_SYSCLKConfig:
 142 0000 37170240 		li	a4,1073876992
 143 0004 5C43     		lw	a5,4(a4)
 144 0006 F19B     		andi	a5,a5,-4
 145 0008 C98F     		or	a5,a5,a0
 146 000a 5CC3     		sw	a5,4(a4)
 147 000c 8280     		ret
 149              		.section	.text.RCC_GetSYSCLKSource,"ax",@progbits
 150              		.align	1
 151              		.globl	RCC_GetSYSCLKSource
 153              	RCC_GetSYSCLKSource:
 154 0000 B7170240 		li	a5,1073876992
 155 0004 C843     		lw	a0,4(a5)
 156 0006 3189     		andi	a0,a0,12
 157 0008 8280     		ret
 159              		.section	.text.RCC_HCLKConfig,"ax",@progbits
 160              		.align	1
 161              		.globl	RCC_HCLKConfig
 163              	RCC_HCLKConfig:
 164 0000 37170240 		li	a4,1073876992
 165 0004 5C43     		lw	a5,4(a4)
 166 0006 93F7F7F0 		andi	a5,a5,-241
 167 000a C98F     		or	a5,a5,a0
 168 000c 5CC3     		sw	a5,4(a4)
 169 000e 8280     		ret
 171              		.section	.text.RCC_PCLK1Config,"ax",@progbits
 172              		.align	1
 173              		.globl	RCC_PCLK1Config
 175              	RCC_PCLK1Config:
 176 0000 37170240 		li	a4,1073876992
 177 0004 5C43     		lw	a5,4(a4)
 178 0006 93F7F78F 		andi	a5,a5,-1793
 179 000a C98F     		or	a5,a5,a0
 180 000c 5CC3     		sw	a5,4(a4)
 181 000e 8280     		ret
 183              		.section	.text.RCC_PCLK2Config,"ax",@progbits
 184              		.align	1
 185              		.globl	RCC_PCLK2Config
 187              	RCC_PCLK2Config:
 188 0000 B7160240 		li	a3,1073876992
 189 0004 DC42     		lw	a5,4(a3)
 190 0006 7177     		li	a4,-16384
 191 0008 1307F77F 		addi	a4,a4,2047
 192 000c F98F     		and	a5,a5,a4
GAS LISTING /tmp/ccv7ZNST.s 			page 4


 193 000e 0E05     		slli	a0,a0,3
 194 0010 5D8D     		or	a0,a0,a5
 195 0012 C8C2     		sw	a0,4(a3)
 196 0014 8280     		ret
 198              		.section	.text.RCC_ITConfig,"ax",@progbits
 199              		.align	1
 200              		.globl	RCC_ITConfig
 202              	RCC_ITConfig:
 203 0000 37170240 		li	a4,1073876992
 204 0004 1C37     		lbu	a5,9(a4)
 205 0006 81C5     		beq	a1,zero,.L22
 206 0008 C98F     		or	a5,a5,a0
 207              	.L24:
 208 000a 1CB7     		sb	a5,9(a4)
 209 000c 8280     		ret
 210              	.L22:
 211 000e 1345F5FF 		not	a0,a0
 212 0012 E98F     		and	a5,a5,a0
 213 0014 DDBF     		j	.L24
 215              		.section	.text.RCC_USBCLKConfig,"ax",@progbits
 216              		.align	1
 217              		.globl	RCC_USBCLKConfig
 219              	RCC_USBCLKConfig:
 220 0000 B7170240 		li	a5,1073876992
 221 0004 D843     		lw	a4,4(a5)
 222 0006 B70640FF 		li	a3,-12582912
 223 000a FD16     		addi	a3,a3,-1
 224 000c 758F     		and	a4,a4,a3
 225 000e D8C3     		sw	a4,4(a5)
 226 0010 D843     		lw	a4,4(a5)
 227 0012 5A05     		slli	a0,a0,22
 228 0014 598D     		or	a0,a0,a4
 229 0016 C8C3     		sw	a0,4(a5)
 230 0018 8280     		ret
 232              		.section	.text.RCC_ADCCLKConfig,"ax",@progbits
 233              		.align	1
 234              		.globl	RCC_ADCCLKConfig
 236              	RCC_ADCCLKConfig:
 237 0000 B7160240 		li	a3,1073876992
 238 0004 DC42     		lw	a5,4(a3)
 239 0006 5177     		li	a4,-49152
 240 0008 7D17     		addi	a4,a4,-1
 241 000a F98F     		and	a5,a5,a4
 242 000c C98F     		or	a5,a5,a0
 243 000e DCC2     		sw	a5,4(a3)
 244 0010 8280     		ret
 246              		.section	.text.RCC_LSEConfig,"ax",@progbits
 247              		.align	1
 248              		.globl	RCC_LSEConfig
 250              	RCC_LSEConfig:
 251 0000 B7170240 		li	a5,1073876992
 252 0004 23800702 		sb	zero,32(a5)
 253 0008 23800702 		sb	zero,32(a5)
 254 000c 0547     		li	a4,1
 255 000e 6306E500 		beq	a0,a4,.L28
 256 0012 1147     		li	a4,4
 257 0014 6306E500 		beq	a0,a4,.L29
GAS LISTING /tmp/ccv7ZNST.s 			page 5


 258 0018 8280     		ret
 259              	.L28:
 260 001a 2380A702 		sb	a0,32(a5)
 261 001e 8280     		ret
 262              	.L29:
 263 0020 1547     		li	a4,5
 264 0022 2380E702 		sb	a4,32(a5)
 265 0026 8280     		ret
 267              		.section	.text.RCC_LSICmd,"ax",@progbits
 268              		.align	1
 269              		.globl	RCC_LSICmd
 271              	RCC_LSICmd:
 272 0000 37170240 		li	a4,1073876992
 273 0004 5C53     		lw	a5,36(a4)
 274 0006 09C5     		beq	a0,zero,.L32
 275 0008 93E71700 		ori	a5,a5,1
 276              	.L34:
 277 000c 5CD3     		sw	a5,36(a4)
 278 000e 8280     		ret
 279              	.L32:
 280 0010 F99B     		andi	a5,a5,-2
 281 0012 EDBF     		j	.L34
 283              		.section	.text.RCC_RTCCLKConfig,"ax",@progbits
 284              		.align	1
 285              		.globl	RCC_RTCCLKConfig
 287              	RCC_RTCCLKConfig:
 288 0000 37170240 		li	a4,1073876992
 289 0004 1C53     		lw	a5,32(a4)
 290 0006 C98F     		or	a5,a5,a0
 291 0008 1CD3     		sw	a5,32(a4)
 292 000a 8280     		ret
 294              		.section	.text.RCC_RTCCLKCmd,"ax",@progbits
 295              		.align	1
 296              		.globl	RCC_RTCCLKCmd
 298              	RCC_RTCCLKCmd:
 299 0000 01C9     		beq	a0,zero,.L37
 300 0002 37170240 		li	a4,1073876992
 301 0006 1C53     		lw	a5,32(a4)
 302 0008 A166     		li	a3,32768
 303 000a D58F     		or	a5,a5,a3
 304 000c 1CD3     		sw	a5,32(a4)
 305 000e 8280     		ret
 306              	.L37:
 307 0010 B7160240 		li	a3,1073876992
 308 0014 9C52     		lw	a5,32(a3)
 309 0016 6177     		li	a4,-32768
 310 0018 7D17     		addi	a4,a4,-1
 311 001a F98F     		and	a5,a5,a4
 312 001c 9CD2     		sw	a5,32(a3)
 313 001e 8280     		ret
 315              		.section	.text.RCC_GetClocksFreq,"ax",@progbits
 316              		.align	1
 317              		.globl	RCC_GetClocksFreq
 319              	RCC_GetClocksFreq:
 320 0000 37170240 		li	a4,1073876992
 321 0004 5C43     		lw	a5,4(a4)
 322 0006 A146     		li	a3,8
GAS LISTING /tmp/ccv7ZNST.s 			page 6


 323 0008 B18B     		andi	a5,a5,12
 324 000a 6392D70A 		bne	a5,a3,.L45
 325 000e 5C43     		lw	a5,4(a4)
 326 0010 5843     		lw	a4,4(a4)
 327 0012 C166     		li	a3,65536
 328 0014 C983     		srli	a5,a5,18
 329 0016 BD8B     		andi	a5,a5,15
 330 0018 758F     		and	a4,a4,a3
 331 001a 8907     		addi	a5,a5,2
 332 001c C546     		li	a3,17
 333 001e 6393D700 		bne	a5,a3,.L41
 334 0022 C947     		li	a5,18
 335              	.L41:
 336 0024 01EF     		bne	a4,zero,.L42
 337 0026 37470240 		li	a4,1073889280
 338 002a 03270780 		lw	a4,-2048(a4)
 339 002e 418B     		andi	a4,a4,16
 340 0030 09CF     		beq	a4,zero,.L43
 341              	.L44:
 342 0032 37177A00 		li	a4,7999488
 343 0036 13070720 		addi	a4,a4,512
 344 003a 21A8     		j	.L46
 345              	.L42:
 346 003c 37170240 		li	a4,1073876992
 347 0040 5843     		lw	a4,4(a4)
 348 0042 B7060200 		li	a3,131072
 349 0046 758F     		and	a4,a4,a3
 350 0048 6DD7     		beq	a4,zero,.L44
 351              	.L43:
 352 004a 37173D00 		li	a4,4001792
 353 004e 13070790 		addi	a4,a4,-1792
 354              	.L46:
 355 0052 B387E702 		mul	a5,a5,a4
 356              	.L40:
 357 0056 1CC1     		sw	a5,0(a0)
 358 0058 37160240 		li	a2,1073876992
 359 005c 5442     		lw	a3,4(a2)
 360 005e 37070000 		lui	a4,%hi(APBAHBPrescTable)
 361 0062 13070700 		addi	a4,a4,%lo(APBAHBPrescTable)
 362 0066 9182     		srli	a3,a3,4
 363 0068 BD8A     		andi	a3,a3,15
 364 006a BA96     		add	a3,a4,a3
 365 006c 9422     		lbu	a3,0(a3)
 366 006e B3D7D700 		srl	a5,a5,a3
 367 0072 5CC1     		sw	a5,4(a0)
 368 0074 5442     		lw	a3,4(a2)
 369 0076 A182     		srli	a3,a3,8
 370 0078 9D8A     		andi	a3,a3,7
 371 007a BA96     		add	a3,a4,a3
 372 007c 9422     		lbu	a3,0(a3)
 373 007e B3D6D700 		srl	a3,a5,a3
 374 0082 14C5     		sw	a3,8(a0)
 375 0084 5442     		lw	a3,4(a2)
 376 0086 AD82     		srli	a3,a3,11
 377 0088 9D8A     		andi	a3,a3,7
 378 008a 3697     		add	a4,a4,a3
 379 008c 1823     		lbu	a4,0(a4)
GAS LISTING /tmp/ccv7ZNST.s 			page 7


 380 008e B7060000 		lui	a3,%hi(ADCPrescTable)
 381 0092 93860600 		addi	a3,a3,%lo(ADCPrescTable)
 382 0096 B3D7E700 		srl	a5,a5,a4
 383 009a 5CC5     		sw	a5,12(a0)
 384 009c 5842     		lw	a4,4(a2)
 385 009e 3983     		srli	a4,a4,14
 386 00a0 0D8B     		andi	a4,a4,3
 387 00a2 3697     		add	a4,a4,a3
 388 00a4 1823     		lbu	a4,0(a4)
 389 00a6 B3D7E702 		divu	a5,a5,a4
 390 00aa 1CC9     		sw	a5,16(a0)
 391 00ac 8280     		ret
 392              	.L45:
 393 00ae B7177A00 		li	a5,7999488
 394 00b2 93870720 		addi	a5,a5,512
 395 00b6 45B7     		j	.L40
 397              		.section	.text.RCC_AHBPeriphClockCmd,"ax",@progbits
 398              		.align	1
 399              		.globl	RCC_AHBPeriphClockCmd
 401              	RCC_AHBPeriphClockCmd:
 402 0000 99C5     		beq	a1,zero,.L48
 403 0002 37170240 		li	a4,1073876992
 404 0006 5C4B     		lw	a5,20(a4)
 405 0008 C98F     		or	a5,a5,a0
 406 000a 5CCB     		sw	a5,20(a4)
 407 000c 8280     		ret
 408              	.L48:
 409 000e B7170240 		li	a5,1073876992
 410 0012 D84B     		lw	a4,20(a5)
 411 0014 1345F5FF 		not	a0,a0
 412 0018 798D     		and	a0,a0,a4
 413 001a C8CB     		sw	a0,20(a5)
 414 001c 8280     		ret
 416              		.section	.text.RCC_APB2PeriphClockCmd,"ax",@progbits
 417              		.align	1
 418              		.globl	RCC_APB2PeriphClockCmd
 420              	RCC_APB2PeriphClockCmd:
 421 0000 99C5     		beq	a1,zero,.L51
 422 0002 37170240 		li	a4,1073876992
 423 0006 1C4F     		lw	a5,24(a4)
 424 0008 C98F     		or	a5,a5,a0
 425 000a 1CCF     		sw	a5,24(a4)
 426 000c 8280     		ret
 427              	.L51:
 428 000e B7170240 		li	a5,1073876992
 429 0012 984F     		lw	a4,24(a5)
 430 0014 1345F5FF 		not	a0,a0
 431 0018 798D     		and	a0,a0,a4
 432 001a 88CF     		sw	a0,24(a5)
 433 001c 8280     		ret
 435              		.section	.text.RCC_APB1PeriphClockCmd,"ax",@progbits
 436              		.align	1
 437              		.globl	RCC_APB1PeriphClockCmd
 439              	RCC_APB1PeriphClockCmd:
 440 0000 99C5     		beq	a1,zero,.L54
 441 0002 37170240 		li	a4,1073876992
 442 0006 5C4F     		lw	a5,28(a4)
GAS LISTING /tmp/ccv7ZNST.s 			page 8


 443 0008 C98F     		or	a5,a5,a0
 444 000a 5CCF     		sw	a5,28(a4)
 445 000c 8280     		ret
 446              	.L54:
 447 000e B7170240 		li	a5,1073876992
 448 0012 D84F     		lw	a4,28(a5)
 449 0014 1345F5FF 		not	a0,a0
 450 0018 798D     		and	a0,a0,a4
 451 001a C8CF     		sw	a0,28(a5)
 452 001c 8280     		ret
 454              		.section	.text.RCC_APB2PeriphResetCmd,"ax",@progbits
 455              		.align	1
 456              		.globl	RCC_APB2PeriphResetCmd
 458              	RCC_APB2PeriphResetCmd:
 459 0000 99C5     		beq	a1,zero,.L57
 460 0002 37170240 		li	a4,1073876992
 461 0006 5C47     		lw	a5,12(a4)
 462 0008 C98F     		or	a5,a5,a0
 463 000a 5CC7     		sw	a5,12(a4)
 464 000c 8280     		ret
 465              	.L57:
 466 000e B7170240 		li	a5,1073876992
 467 0012 D847     		lw	a4,12(a5)
 468 0014 1345F5FF 		not	a0,a0
 469 0018 798D     		and	a0,a0,a4
 470 001a C8C7     		sw	a0,12(a5)
 471 001c 8280     		ret
 473              		.section	.text.RCC_APB1PeriphResetCmd,"ax",@progbits
 474              		.align	1
 475              		.globl	RCC_APB1PeriphResetCmd
 477              	RCC_APB1PeriphResetCmd:
 478 0000 99C5     		beq	a1,zero,.L60
 479 0002 37170240 		li	a4,1073876992
 480 0006 1C4B     		lw	a5,16(a4)
 481 0008 C98F     		or	a5,a5,a0
 482 000a 1CCB     		sw	a5,16(a4)
 483 000c 8280     		ret
 484              	.L60:
 485 000e B7170240 		li	a5,1073876992
 486 0012 984B     		lw	a4,16(a5)
 487 0014 1345F5FF 		not	a0,a0
 488 0018 798D     		and	a0,a0,a4
 489 001a 88CB     		sw	a0,16(a5)
 490 001c 8280     		ret
 492              		.section	.text.RCC_BackupResetCmd,"ax",@progbits
 493              		.align	1
 494              		.globl	RCC_BackupResetCmd
 496              	RCC_BackupResetCmd:
 497 0000 01C9     		beq	a0,zero,.L63
 498 0002 37170240 		li	a4,1073876992
 499 0006 1C53     		lw	a5,32(a4)
 500 0008 C166     		li	a3,65536
 501 000a D58F     		or	a5,a5,a3
 502 000c 1CD3     		sw	a5,32(a4)
 503 000e 8280     		ret
 504              	.L63:
 505 0010 B7160240 		li	a3,1073876992
GAS LISTING /tmp/ccv7ZNST.s 			page 9


 506 0014 9C52     		lw	a5,32(a3)
 507 0016 4177     		li	a4,-65536
 508 0018 7D17     		addi	a4,a4,-1
 509 001a F98F     		and	a5,a5,a4
 510 001c 9CD2     		sw	a5,32(a3)
 511 001e 8280     		ret
 513              		.section	.text.RCC_ClockSecuritySystemCmd,"ax",@progbits
 514              		.align	1
 515              		.globl	RCC_ClockSecuritySystemCmd
 517              	RCC_ClockSecuritySystemCmd:
 518 0000 09C9     		beq	a0,zero,.L66
 519 0002 37170240 		li	a4,1073876992
 520 0006 1C43     		lw	a5,0(a4)
 521 0008 B7060800 		li	a3,524288
 522 000c D58F     		or	a5,a5,a3
 523 000e 1CC3     		sw	a5,0(a4)
 524 0010 8280     		ret
 525              	.L66:
 526 0012 B7160240 		li	a3,1073876992
 527 0016 9C42     		lw	a5,0(a3)
 528 0018 3707F8FF 		li	a4,-524288
 529 001c 7D17     		addi	a4,a4,-1
 530 001e F98F     		and	a5,a5,a4
 531 0020 9CC2     		sw	a5,0(a3)
 532 0022 8280     		ret
 534              		.section	.text.RCC_MCOConfig,"ax",@progbits
 535              		.align	1
 536              		.globl	RCC_MCOConfig
 538              	RCC_MCOConfig:
 539 0000 B7170240 		li	a5,1073876992
 540 0004 E8B3     		sb	a0,7(a5)
 541 0006 8280     		ret
 543              		.section	.text.RCC_GetFlagStatus,"ax",@progbits
 544              		.align	1
 545              		.globl	RCC_GetFlagStatus
 547              	RCC_GetFlagStatus:
 548 0000 93575500 		srli	a5,a0,5
 549 0004 0547     		li	a4,1
 550 0006 6399E700 		bne	a5,a4,.L70
 551 000a B7170240 		li	a5,1073876992
 552 000e 9C43     		lw	a5,0(a5)
 553              	.L71:
 554 0010 33D5A700 		srl	a0,a5,a0
 555 0014 0589     		andi	a0,a0,1
 556 0016 8280     		ret
 557              	.L70:
 558 0018 0947     		li	a4,2
 559 001a 6396E700 		bne	a5,a4,.L72
 560 001e B7170240 		li	a5,1073876992
 561 0022 9C53     		lw	a5,32(a5)
 562 0024 F5B7     		j	.L71
 563              	.L72:
 564 0026 B7170240 		li	a5,1073876992
 565 002a DC53     		lw	a5,36(a5)
 566 002c D5B7     		j	.L71
 568              		.section	.text.RCC_WaitForHSEStartUp,"ax",@progbits
 569              		.align	1
GAS LISTING /tmp/ccv7ZNST.s 			page 10


 570              		.globl	RCC_WaitForHSEStartUp
 572              	RCC_WaitForHSEStartUp:
 573 0000 17030000 		call	t0,__riscv_save_1
 573      E7020300 
 574 0008 4111     		addi	sp,sp,-16
 575 000a 02C6     		sw	zero,12(sp)
 576 000c 0564     		li	s0,4096
 577              	.L75:
 578 000e 13051003 		li	a0,49
 579 0012 97000000 		call	RCC_GetFlagStatus
 579      E7800000 
 580 001a B247     		lw	a5,12(sp)
 581 001c 8507     		addi	a5,a5,1
 582 001e 3EC6     		sw	a5,12(sp)
 583 0020 B247     		lw	a5,12(sp)
 584 0022 63838700 		beq	a5,s0,.L74
 585 0026 65D5     		beq	a0,zero,.L75
 586              	.L74:
 587 0028 13051003 		li	a0,49
 588 002c 97000000 		call	RCC_GetFlagStatus
 588      E7800000 
 589 0034 3335A000 		snez	a0,a0
 590 0038 4101     		addi	sp,sp,16
 591 003a 17030000 		tail	__riscv_restore_1
 591      67000300 
 593              		.section	.text.RCC_ClearFlag,"ax",@progbits
 594              		.align	1
 595              		.globl	RCC_ClearFlag
 597              	RCC_ClearFlag:
 598 0000 37170240 		li	a4,1073876992
 599 0004 5C53     		lw	a5,36(a4)
 600 0006 B7060001 		li	a3,16777216
 601 000a D58F     		or	a5,a5,a3
 602 000c 5CD3     		sw	a5,36(a4)
 603 000e 8280     		ret
 605              		.section	.text.RCC_GetITStatus,"ax",@progbits
 606              		.align	1
 607              		.globl	RCC_GetITStatus
 609              	RCC_GetITStatus:
 610 0000 B7170240 		li	a5,1073876992
 611 0004 9C47     		lw	a5,8(a5)
 612 0006 7D8D     		and	a0,a0,a5
 613 0008 3335A000 		snez	a0,a0
 614 000c 8280     		ret
 616              		.section	.text.RCC_ClearITPendingBit,"ax",@progbits
 617              		.align	1
 618              		.globl	RCC_ClearITPendingBit
 620              	RCC_ClearITPendingBit:
 621 0000 B7170240 		li	a5,1073876992
 622 0004 A8A7     		sb	a0,10(a5)
 623 0006 8280     		ret
 625              		.section	.text.RCC_ADCCLKADJcmd,"ax",@progbits
 626              		.align	1
 627              		.globl	RCC_ADCCLKADJcmd
 629              	RCC_ADCCLKADJcmd:
 630 0000 37170240 		li	a4,1073876992
 631 0004 5C43     		lw	a5,4(a4)
GAS LISTING /tmp/ccv7ZNST.s 			page 11


 632 0006 11C5     		beq	a0,zero,.L83
 633 0008 B7060080 		li	a3,-2147483648
 634 000c D58F     		or	a5,a5,a3
 635              	.L85:
 636 000e 5CC3     		sw	a5,4(a4)
 637 0010 8280     		ret
 638              	.L83:
 639 0012 8607     		slli	a5,a5,1
 640 0014 8583     		srli	a5,a5,1
 641 0016 E5BF     		j	.L85
 643              		.section	.text.RCC_ETHDIVConfig,"ax",@progbits
 644              		.align	1
 645              		.globl	RCC_ETHDIVConfig
 647              	RCC_ETHDIVConfig:
 648 0000 B7170240 		li	a5,1073876992
 649 0004 D843     		lw	a4,4(a5)
 650 0006 B70600F0 		li	a3,-268435456
 651 000a FD16     		addi	a3,a3,-1
 652 000c 758F     		and	a4,a4,a3
 653 000e D8C3     		sw	a4,4(a5)
 654 0010 D843     		lw	a4,4(a5)
 655 0012 7205     		slli	a0,a0,28
 656 0014 598D     		or	a0,a0,a4
 657 0016 C8C3     		sw	a0,4(a5)
 658 0018 8280     		ret
 660              		.section	.text.RCC_USB5PRE_JUDGE,"ax",@progbits
 661              		.align	1
 662              		.globl	RCC_USB5PRE_JUDGE
 664              	RCC_USB5PRE_JUDGE:
 665 0000 0145     		li	a0,0
 666 0002 8280     		ret
 668              		.section	.sdata.ADCPrescTable,"aw"
 669              		.align	2
 672              	ADCPrescTable:
 673 0000 02040608 		.ascii	"\002\004\006\b"
 674              		.section	.data.APBAHBPrescTable,"aw"
 675              		.align	2
 678              	APBAHBPrescTable:
 679 0000 00       		.string	""
 680 0001 00       		.string	""
 681 0002 00       		.string	""
 682 0003 00       		.string	""
 683 0004 01020304 		.ascii	"\001\002\003\004\001\002\003\004\006\007\b\t"
 683      01020304 
 683      06070809 
 684              		.ident	"GCC: (xPack GNU RISC-V Embedded GCC x86_64) 12.2.0"
GAS LISTING /tmp/ccv7ZNST.s 			page 12


DEFINED SYMBOLS
                            *ABS*:0000000000000000 ch32v20x_rcc.c
     /tmp/ccv7ZNST.s:11     .text.RCC_DeInit:0000000000000000 RCC_DeInit
     /tmp/ccv7ZNST.s:12     .text.RCC_DeInit:0000000000000000 $x
     /tmp/ccv7ZNST.s:43     .text.RCC_HSEConfig:0000000000000000 RCC_HSEConfig
     /tmp/ccv7ZNST.s:44     .text.RCC_HSEConfig:0000000000000000 $x
     /tmp/ccv7ZNST.s:76     .text.RCC_AdjustHSICalibrationValue:0000000000000000 RCC_AdjustHSICalibrationValue
     /tmp/ccv7ZNST.s:77     .text.RCC_AdjustHSICalibrationValue:0000000000000000 $x
     /tmp/ccv7ZNST.s:89     .text.RCC_HSICmd:0000000000000000 RCC_HSICmd
     /tmp/ccv7ZNST.s:90     .text.RCC_HSICmd:0000000000000000 $x
     /tmp/ccv7ZNST.s:105    .text.RCC_PLLConfig:0000000000000000 RCC_PLLConfig
     /tmp/ccv7ZNST.s:106    .text.RCC_PLLConfig:0000000000000000 $x
     /tmp/ccv7ZNST.s:120    .text.RCC_PLLCmd:0000000000000000 RCC_PLLCmd
     /tmp/ccv7ZNST.s:121    .text.RCC_PLLCmd:0000000000000000 $x
     /tmp/ccv7ZNST.s:141    .text.RCC_SYSCLKConfig:0000000000000000 RCC_SYSCLKConfig
     /tmp/ccv7ZNST.s:142    .text.RCC_SYSCLKConfig:0000000000000000 $x
     /tmp/ccv7ZNST.s:153    .text.RCC_GetSYSCLKSource:0000000000000000 RCC_GetSYSCLKSource
     /tmp/ccv7ZNST.s:154    .text.RCC_GetSYSCLKSource:0000000000000000 $x
     /tmp/ccv7ZNST.s:163    .text.RCC_HCLKConfig:0000000000000000 RCC_HCLKConfig
     /tmp/ccv7ZNST.s:164    .text.RCC_HCLKConfig:0000000000000000 $x
     /tmp/ccv7ZNST.s:175    .text.RCC_PCLK1Config:0000000000000000 RCC_PCLK1Config
     /tmp/ccv7ZNST.s:176    .text.RCC_PCLK1Config:0000000000000000 $x
     /tmp/ccv7ZNST.s:187    .text.RCC_PCLK2Config:0000000000000000 RCC_PCLK2Config
     /tmp/ccv7ZNST.s:188    .text.RCC_PCLK2Config:0000000000000000 $x
     /tmp/ccv7ZNST.s:202    .text.RCC_ITConfig:0000000000000000 RCC_ITConfig
     /tmp/ccv7ZNST.s:203    .text.RCC_ITConfig:0000000000000000 $x
     /tmp/ccv7ZNST.s:219    .text.RCC_USBCLKConfig:0000000000000000 RCC_USBCLKConfig
     /tmp/ccv7ZNST.s:220    .text.RCC_USBCLKConfig:0000000000000000 $x
     /tmp/ccv7ZNST.s:236    .text.RCC_ADCCLKConfig:0000000000000000 RCC_ADCCLKConfig
     /tmp/ccv7ZNST.s:237    .text.RCC_ADCCLKConfig:0000000000000000 $x
     /tmp/ccv7ZNST.s:250    .text.RCC_LSEConfig:0000000000000000 RCC_LSEConfig
     /tmp/ccv7ZNST.s:251    .text.RCC_LSEConfig:0000000000000000 $x
     /tmp/ccv7ZNST.s:271    .text.RCC_LSICmd:0000000000000000 RCC_LSICmd
     /tmp/ccv7ZNST.s:272    .text.RCC_LSICmd:0000000000000000 $x
     /tmp/ccv7ZNST.s:287    .text.RCC_RTCCLKConfig:0000000000000000 RCC_RTCCLKConfig
     /tmp/ccv7ZNST.s:288    .text.RCC_RTCCLKConfig:0000000000000000 $x
     /tmp/ccv7ZNST.s:298    .text.RCC_RTCCLKCmd:0000000000000000 RCC_RTCCLKCmd
     /tmp/ccv7ZNST.s:299    .text.RCC_RTCCLKCmd:0000000000000000 $x
     /tmp/ccv7ZNST.s:319    .text.RCC_GetClocksFreq:0000000000000000 RCC_GetClocksFreq
     /tmp/ccv7ZNST.s:320    .text.RCC_GetClocksFreq:0000000000000000 $x
     /tmp/ccv7ZNST.s:678    .data.APBAHBPrescTable:0000000000000000 APBAHBPrescTable
     /tmp/ccv7ZNST.s:672    .sdata.ADCPrescTable:0000000000000000 ADCPrescTable
     /tmp/ccv7ZNST.s:401    .text.RCC_AHBPeriphClockCmd:0000000000000000 RCC_AHBPeriphClockCmd
     /tmp/ccv7ZNST.s:402    .text.RCC_AHBPeriphClockCmd:0000000000000000 $x
     /tmp/ccv7ZNST.s:420    .text.RCC_APB2PeriphClockCmd:0000000000000000 RCC_APB2PeriphClockCmd
     /tmp/ccv7ZNST.s:421    .text.RCC_APB2PeriphClockCmd:0000000000000000 $x
     /tmp/ccv7ZNST.s:439    .text.RCC_APB1PeriphClockCmd:0000000000000000 RCC_APB1PeriphClockCmd
     /tmp/ccv7ZNST.s:440    .text.RCC_APB1PeriphClockCmd:0000000000000000 $x
     /tmp/ccv7ZNST.s:458    .text.RCC_APB2PeriphResetCmd:0000000000000000 RCC_APB2PeriphResetCmd
     /tmp/ccv7ZNST.s:459    .text.RCC_APB2PeriphResetCmd:0000000000000000 $x
     /tmp/ccv7ZNST.s:477    .text.RCC_APB1PeriphResetCmd:0000000000000000 RCC_APB1PeriphResetCmd
     /tmp/ccv7ZNST.s:478    .text.RCC_APB1PeriphResetCmd:0000000000000000 $x
     /tmp/ccv7ZNST.s:496    .text.RCC_BackupResetCmd:0000000000000000 RCC_BackupResetCmd
     /tmp/ccv7ZNST.s:497    .text.RCC_BackupResetCmd:0000000000000000 $x
     /tmp/ccv7ZNST.s:517    .text.RCC_ClockSecuritySystemCmd:0000000000000000 RCC_ClockSecuritySystemCmd
     /tmp/ccv7ZNST.s:518    .text.RCC_ClockSecuritySystemCmd:0000000000000000 $x
     /tmp/ccv7ZNST.s:538    .text.RCC_MCOConfig:0000000000000000 RCC_MCOConfig
GAS LISTING /tmp/ccv7ZNST.s 			page 13


     /tmp/ccv7ZNST.s:539    .text.RCC_MCOConfig:0000000000000000 $x
     /tmp/ccv7ZNST.s:547    .text.RCC_GetFlagStatus:0000000000000000 RCC_GetFlagStatus
     /tmp/ccv7ZNST.s:548    .text.RCC_GetFlagStatus:0000000000000000 $x
     /tmp/ccv7ZNST.s:572    .text.RCC_WaitForHSEStartUp:0000000000000000 RCC_WaitForHSEStartUp
     /tmp/ccv7ZNST.s:573    .text.RCC_WaitForHSEStartUp:0000000000000000 $x
     /tmp/ccv7ZNST.s:597    .text.RCC_ClearFlag:0000000000000000 RCC_ClearFlag
     /tmp/ccv7ZNST.s:598    .text.RCC_ClearFlag:0000000000000000 $x
     /tmp/ccv7ZNST.s:609    .text.RCC_GetITStatus:0000000000000000 RCC_GetITStatus
     /tmp/ccv7ZNST.s:610    .text.RCC_GetITStatus:0000000000000000 $x
     /tmp/ccv7ZNST.s:620    .text.RCC_ClearITPendingBit:0000000000000000 RCC_ClearITPendingBit
     /tmp/ccv7ZNST.s:621    .text.RCC_ClearITPendingBit:0000000000000000 $x
     /tmp/ccv7ZNST.s:629    .text.RCC_ADCCLKADJcmd:0000000000000000 RCC_ADCCLKADJcmd
     /tmp/ccv7ZNST.s:630    .text.RCC_ADCCLKADJcmd:0000000000000000 $x
     /tmp/ccv7ZNST.s:647    .text.RCC_ETHDIVConfig:0000000000000000 RCC_ETHDIVConfig
     /tmp/ccv7ZNST.s:648    .text.RCC_ETHDIVConfig:0000000000000000 $x
     /tmp/ccv7ZNST.s:664    .text.RCC_USB5PRE_JUDGE:0000000000000000 RCC_USB5PRE_JUDGE
     /tmp/ccv7ZNST.s:665    .text.RCC_USB5PRE_JUDGE:0000000000000000 $x
     /tmp/ccv7ZNST.s:60     .text.RCC_HSEConfig:000000000000002a .L3
     /tmp/ccv7ZNST.s:66     .text.RCC_HSEConfig:0000000000000032 .L4
     /tmp/ccv7ZNST.s:63     .text.RCC_HSEConfig:000000000000002e .L6
     /tmp/ccv7ZNST.s:97     .text.RCC_HSICmd:0000000000000010 .L9
     /tmp/ccv7ZNST.s:94     .text.RCC_HSICmd:000000000000000c .L11
     /tmp/ccv7ZNST.s:128    .text.RCC_PLLCmd:0000000000000012 .L14
     /tmp/ccv7ZNST.s:210    .text.RCC_ITConfig:000000000000000e .L22
     /tmp/ccv7ZNST.s:207    .text.RCC_ITConfig:000000000000000a .L24
     /tmp/ccv7ZNST.s:259    .text.RCC_LSEConfig:000000000000001a .L28
     /tmp/ccv7ZNST.s:262    .text.RCC_LSEConfig:0000000000000020 .L29
     /tmp/ccv7ZNST.s:279    .text.RCC_LSICmd:0000000000000010 .L32
     /tmp/ccv7ZNST.s:276    .text.RCC_LSICmd:000000000000000c .L34
     /tmp/ccv7ZNST.s:306    .text.RCC_RTCCLKCmd:0000000000000010 .L37
     /tmp/ccv7ZNST.s:392    .text.RCC_GetClocksFreq:00000000000000ae .L45
     /tmp/ccv7ZNST.s:335    .text.RCC_GetClocksFreq:0000000000000024 .L41
     /tmp/ccv7ZNST.s:345    .text.RCC_GetClocksFreq:000000000000003c .L42
     /tmp/ccv7ZNST.s:351    .text.RCC_GetClocksFreq:000000000000004a .L43
     /tmp/ccv7ZNST.s:354    .text.RCC_GetClocksFreq:0000000000000052 .L46
     /tmp/ccv7ZNST.s:341    .text.RCC_GetClocksFreq:0000000000000032 .L44
     /tmp/ccv7ZNST.s:356    .text.RCC_GetClocksFreq:0000000000000056 .L40
     /tmp/ccv7ZNST.s:408    .text.RCC_AHBPeriphClockCmd:000000000000000e .L48
     /tmp/ccv7ZNST.s:427    .text.RCC_APB2PeriphClockCmd:000000000000000e .L51
     /tmp/ccv7ZNST.s:446    .text.RCC_APB1PeriphClockCmd:000000000000000e .L54
     /tmp/ccv7ZNST.s:465    .text.RCC_APB2PeriphResetCmd:000000000000000e .L57
     /tmp/ccv7ZNST.s:484    .text.RCC_APB1PeriphResetCmd:000000000000000e .L60
     /tmp/ccv7ZNST.s:504    .text.RCC_BackupResetCmd:0000000000000010 .L63
     /tmp/ccv7ZNST.s:525    .text.RCC_ClockSecuritySystemCmd:0000000000000012 .L66
     /tmp/ccv7ZNST.s:557    .text.RCC_GetFlagStatus:0000000000000018 .L70
     /tmp/ccv7ZNST.s:563    .text.RCC_GetFlagStatus:0000000000000026 .L72
     /tmp/ccv7ZNST.s:553    .text.RCC_GetFlagStatus:0000000000000010 .L71
     /tmp/ccv7ZNST.s:586    .text.RCC_WaitForHSEStartUp:0000000000000028 .L74
     /tmp/ccv7ZNST.s:577    .text.RCC_WaitForHSEStartUp:000000000000000e .L75
     /tmp/ccv7ZNST.s:638    .text.RCC_ADCCLKADJcmd:0000000000000012 .L83
     /tmp/ccv7ZNST.s:635    .text.RCC_ADCCLKADJcmd:000000000000000e .L85

UNDEFINED SYMBOLS
__riscv_save_1
__riscv_restore_1
