GAS LISTING /tmp/cckpuCHb.s 			page 1


   1              		.file	"ch32v20x_dma.c"
   2              		.option nopic
   3              		.attribute arch, "rv32i2p0_m2p0_a2p0_c2p0_xw"
   4              		.attribute unaligned_access, 0
   5              		.attribute stack_align, 16
   6              		.text
   7              		.section	.text.DMA_DeInit,"ax",@progbits
   8              		.align	1
   9              		.globl	DMA_DeInit
  11              	DMA_DeInit:
  12 0000 1C41     		lw	a5,0(a0)
  13 0002 4167     		li	a4,65536
  14 0004 7917     		addi	a4,a4,-2
  15 0006 F98F     		and	a5,a5,a4
  16 0008 1CC1     		sw	a5,0(a0)
  17 000a 23200500 		sw	zero,0(a0)
  18 000e 23220500 		sw	zero,4(a0)
  19 0012 23240500 		sw	zero,8(a0)
  20 0016 B7070240 		li	a5,1073872896
  21 001a 23260500 		sw	zero,12(a0)
  22 001e 13878700 		addi	a4,a5,8
  23 0022 6316E500 		bne	a0,a4,.L2
  24              	.L10:
  25 0026 D843     		lw	a4,4(a5)
  26 0028 1367F700 		ori	a4,a4,15
  27 002c 01A8     		j	.L11
  28              	.L2:
  29 002e 1387C701 		addi	a4,a5,28
  30 0032 6317E500 		bne	a0,a4,.L4
  31 0036 D843     		lw	a4,4(a5)
  32 0038 1367070F 		ori	a4,a4,240
  33              	.L11:
  34 003c D8C3     		sw	a4,4(a5)
  35 003e B1A8     		j	.L1
  36              	.L4:
  37 0040 13870703 		addi	a4,a5,48
  38 0044 6318E500 		bne	a0,a4,.L5
  39 0048 D843     		lw	a4,4(a5)
  40 004a 8566     		li	a3,4096
  41 004c 938606F0 		addi	a3,a3,-256
  42              	.L12:
  43 0050 558F     		or	a4,a4,a3
  44 0052 EDB7     		j	.L11
  45              	.L5:
  46 0054 13874704 		addi	a4,a5,68
  47 0058 6315E500 		bne	a0,a4,.L6
  48 005c D843     		lw	a4,4(a5)
  49 005e BD66     		li	a3,61440
  50 0060 C5BF     		j	.L12
  51              	.L6:
  52 0062 13878705 		addi	a4,a5,88
  53 0066 6316E500 		bne	a0,a4,.L7
  54 006a D843     		lw	a4,4(a5)
  55 006c B7060F00 		li	a3,983040
  56 0070 C5B7     		j	.L12
  57              	.L7:
  58 0072 1387C706 		addi	a4,a5,108
GAS LISTING /tmp/cckpuCHb.s 			page 2


  59 0076 6316E500 		bne	a0,a4,.L8
  60 007a D843     		lw	a4,4(a5)
  61 007c B706F000 		li	a3,15728640
  62 0080 C1BF     		j	.L12
  63              	.L8:
  64 0082 13870708 		addi	a4,a5,128
  65 0086 6316E500 		bne	a0,a4,.L9
  66 008a D843     		lw	a4,4(a5)
  67 008c B706000F 		li	a3,251658240
  68 0090 C1B7     		j	.L12
  69              	.L9:
  70 0092 13874709 		addi	a4,a5,148
  71 0096 E308E5F8 		beq	a0,a4,.L10
  72              	.L1:
  73 009a 8280     		ret
  75              		.section	.text.DMA_Init,"ax",@progbits
  76              		.align	1
  77              		.globl	DMA_Init
  79              	DMA_Init:
  80 0000 1841     		lw	a4,0(a0)
  81 0002 E177     		li	a5,-32768
  82 0004 BD07     		addi	a5,a5,15
  83 0006 9451     		lw	a3,32(a1)
  84 0008 7D8F     		and	a4,a4,a5
  85 000a 9C45     		lw	a5,8(a1)
  86 000c D58F     		or	a5,a5,a3
  87 000e 9449     		lw	a3,16(a1)
  88 0010 D58F     		or	a5,a5,a3
  89 0012 D449     		lw	a3,20(a1)
  90 0014 D58F     		or	a5,a5,a3
  91 0016 944D     		lw	a3,24(a1)
  92 0018 D58F     		or	a5,a5,a3
  93 001a D44D     		lw	a3,28(a1)
  94 001c D58F     		or	a5,a5,a3
  95 001e D451     		lw	a3,36(a1)
  96 0020 D58F     		or	a5,a5,a3
  97 0022 9455     		lw	a3,40(a1)
  98 0024 D58F     		or	a5,a5,a3
  99 0026 D98F     		or	a5,a5,a4
 100 0028 1CC1     		sw	a5,0(a0)
 101 002a DC45     		lw	a5,12(a1)
 102 002c 5CC1     		sw	a5,4(a0)
 103 002e 9C41     		lw	a5,0(a1)
 104 0030 1CC5     		sw	a5,8(a0)
 105 0032 DC41     		lw	a5,4(a1)
 106 0034 5CC5     		sw	a5,12(a0)
 107 0036 8280     		ret
 109              		.section	.text.DMA_StructInit,"ax",@progbits
 110              		.align	1
 111              		.globl	DMA_StructInit
 113              	DMA_StructInit:
 114 0000 23200500 		sw	zero,0(a0)
 115 0004 23220500 		sw	zero,4(a0)
 116 0008 23240500 		sw	zero,8(a0)
 117 000c 23260500 		sw	zero,12(a0)
 118 0010 23280500 		sw	zero,16(a0)
 119 0014 232A0500 		sw	zero,20(a0)
GAS LISTING /tmp/cckpuCHb.s 			page 3


 120 0018 232C0500 		sw	zero,24(a0)
 121 001c 232E0500 		sw	zero,28(a0)
 122 0020 23200502 		sw	zero,32(a0)
 123 0024 23220502 		sw	zero,36(a0)
 124 0028 23240502 		sw	zero,40(a0)
 125 002c 8280     		ret
 127              		.section	.text.DMA_Cmd,"ax",@progbits
 128              		.align	1
 129              		.globl	DMA_Cmd
 131              	DMA_Cmd:
 132 0000 1C41     		lw	a5,0(a0)
 133 0002 89C5     		beq	a1,zero,.L16
 134 0004 93E71700 		ori	a5,a5,1
 135              	.L18:
 136 0008 1CC1     		sw	a5,0(a0)
 137 000a 8280     		ret
 138              	.L16:
 139 000c 4167     		li	a4,65536
 140 000e 7917     		addi	a4,a4,-2
 141 0010 F98F     		and	a5,a5,a4
 142 0012 DDBF     		j	.L18
 144              		.section	.text.DMA_ITConfig,"ax",@progbits
 145              		.align	1
 146              		.globl	DMA_ITConfig
 148              	DMA_ITConfig:
 149 0000 1C41     		lw	a5,0(a0)
 150 0002 01C6     		beq	a2,zero,.L20
 151 0004 CD8F     		or	a5,a5,a1
 152 0006 1CC1     		sw	a5,0(a0)
 153 0008 8280     		ret
 154              	.L20:
 155 000a 93C5F5FF 		not	a1,a1
 156 000e FD8D     		and	a1,a1,a5
 157 0010 0CC1     		sw	a1,0(a0)
 158 0012 8280     		ret
 160              		.section	.text.DMA_SetCurrDataCounter,"ax",@progbits
 161              		.align	1
 162              		.globl	DMA_SetCurrDataCounter
 164              	DMA_SetCurrDataCounter:
 165 0000 4CC1     		sw	a1,4(a0)
 166 0002 8280     		ret
 168              		.section	.text.DMA_GetCurrDataCounter,"ax",@progbits
 169              		.align	1
 170              		.globl	DMA_GetCurrDataCounter
 172              	DMA_GetCurrDataCounter:
 173 0000 4841     		lw	a0,4(a0)
 174 0002 4205     		slli	a0,a0,16
 175 0004 4181     		srli	a0,a0,16
 176 0006 8280     		ret
 178              		.section	.text.DMA_GetFlagStatus,"ax",@progbits
 179              		.align	1
 180              		.globl	DMA_GetFlagStatus
 182              	DMA_GetFlagStatus:
 183 0000 B7070240 		li	a5,1073872896
 184 0004 9C43     		lw	a5,0(a5)
 185 0006 7D8D     		and	a0,a5,a0
 186 0008 3335A000 		snez	a0,a0
GAS LISTING /tmp/cckpuCHb.s 			page 4


 187 000c 8280     		ret
 189              		.section	.text.DMA_ClearFlag,"ax",@progbits
 190              		.align	1
 191              		.globl	DMA_ClearFlag
 193              	DMA_ClearFlag:
 194 0000 B7070240 		li	a5,1073872896
 195 0004 C8C3     		sw	a0,4(a5)
 196 0006 8280     		ret
 198              		.section	.text.DMA_GetITStatus,"ax",@progbits
 199              		.align	1
 200              		.globl	DMA_GetITStatus
 202              	DMA_GetITStatus:
 203 0000 17030000 		tail	DMA_GetFlagStatus
 203      67000300 
 205              		.section	.text.DMA_ClearITPendingBit,"ax",@progbits
 206              		.align	1
 207              		.globl	DMA_ClearITPendingBit
 209              	DMA_ClearITPendingBit:
 210 0000 B7070240 		li	a5,1073872896
 211 0004 C8C3     		sw	a0,4(a5)
 212 0006 8280     		ret
 214              		.ident	"GCC: (xPack GNU RISC-V Embedded GCC x86_64) 12.2.0"
GAS LISTING /tmp/cckpuCHb.s 			page 5


DEFINED SYMBOLS
                            *ABS*:0000000000000000 ch32v20x_dma.c
     /tmp/cckpuCHb.s:11     .text.DMA_DeInit:0000000000000000 DMA_DeInit
     /tmp/cckpuCHb.s:12     .text.DMA_DeInit:0000000000000000 $x
     /tmp/cckpuCHb.s:79     .text.DMA_Init:0000000000000000 DMA_Init
     /tmp/cckpuCHb.s:80     .text.DMA_Init:0000000000000000 $x
     /tmp/cckpuCHb.s:113    .text.DMA_StructInit:0000000000000000 DMA_StructInit
     /tmp/cckpuCHb.s:114    .text.DMA_StructInit:0000000000000000 $x
     /tmp/cckpuCHb.s:131    .text.DMA_Cmd:0000000000000000 DMA_Cmd
     /tmp/cckpuCHb.s:132    .text.DMA_Cmd:0000000000000000 $x
     /tmp/cckpuCHb.s:148    .text.DMA_ITConfig:0000000000000000 DMA_ITConfig
     /tmp/cckpuCHb.s:149    .text.DMA_ITConfig:0000000000000000 $x
     /tmp/cckpuCHb.s:164    .text.DMA_SetCurrDataCounter:0000000000000000 DMA_SetCurrDataCounter
     /tmp/cckpuCHb.s:165    .text.DMA_SetCurrDataCounter:0000000000000000 $x
     /tmp/cckpuCHb.s:172    .text.DMA_GetCurrDataCounter:0000000000000000 DMA_GetCurrDataCounter
     /tmp/cckpuCHb.s:173    .text.DMA_GetCurrDataCounter:0000000000000000 $x
     /tmp/cckpuCHb.s:182    .text.DMA_GetFlagStatus:0000000000000000 DMA_GetFlagStatus
     /tmp/cckpuCHb.s:183    .text.DMA_GetFlagStatus:0000000000000000 $x
     /tmp/cckpuCHb.s:193    .text.DMA_ClearFlag:0000000000000000 DMA_ClearFlag
     /tmp/cckpuCHb.s:194    .text.DMA_ClearFlag:0000000000000000 $x
     /tmp/cckpuCHb.s:202    .text.DMA_GetITStatus:0000000000000000 DMA_GetITStatus
     /tmp/cckpuCHb.s:203    .text.DMA_GetITStatus:0000000000000000 $x
     /tmp/cckpuCHb.s:209    .text.DMA_ClearITPendingBit:0000000000000000 DMA_ClearITPendingBit
     /tmp/cckpuCHb.s:210    .text.DMA_ClearITPendingBit:0000000000000000 $x
     /tmp/cckpuCHb.s:28     .text.DMA_DeInit:000000000000002e .L2
     /tmp/cckpuCHb.s:33     .text.DMA_DeInit:000000000000003c .L11
     /tmp/cckpuCHb.s:36     .text.DMA_DeInit:0000000000000040 .L4
     /tmp/cckpuCHb.s:72     .text.DMA_DeInit:000000000000009a .L1
     /tmp/cckpuCHb.s:45     .text.DMA_DeInit:0000000000000054 .L5
     /tmp/cckpuCHb.s:51     .text.DMA_DeInit:0000000000000062 .L6
     /tmp/cckpuCHb.s:42     .text.DMA_DeInit:0000000000000050 .L12
     /tmp/cckpuCHb.s:57     .text.DMA_DeInit:0000000000000072 .L7
     /tmp/cckpuCHb.s:63     .text.DMA_DeInit:0000000000000082 .L8
     /tmp/cckpuCHb.s:69     .text.DMA_DeInit:0000000000000092 .L9
     /tmp/cckpuCHb.s:24     .text.DMA_DeInit:0000000000000026 .L10
     /tmp/cckpuCHb.s:138    .text.DMA_Cmd:000000000000000c .L16
     /tmp/cckpuCHb.s:135    .text.DMA_Cmd:0000000000000008 .L18
     /tmp/cckpuCHb.s:154    .text.DMA_ITConfig:000000000000000a .L20

NO UNDEFINED SYMBOLS
