GAS LISTING /tmp/cco2B5hd.s 			page 1


   1              		.file	"ch32v20x_can.c"
   2              		.option nopic
   3              		.attribute arch, "rv32i2p0_m2p0_a2p0_c2p0_xw"
   4              		.attribute unaligned_access, 0
   5              		.attribute stack_align, 16
   6              		.text
   7              		.section	.text.CAN_DeInit,"ax",@progbits
   8              		.align	1
   9              		.globl	CAN_DeInit
  11              	CAN_DeInit:
  12 0000 17030000 		call	t0,__riscv_save_0
  12      E7020300 
  13 0008 B7670040 		li	a5,1073766400
  14 000c 93870740 		addi	a5,a5,1024
  15 0010 8545     		li	a1,1
  16 0012 6313F502 		bne	a0,a5,.L2
  17 0016 37050002 		li	a0,33554432
  18 001a 97000000 		call	RCC_APB1PeriphResetCmd
  18      E7800000 
  19 0022 8145     		li	a1,0
  20 0024 37050002 		li	a0,33554432
  21              	.L5:
  22 0028 97000000 		call	RCC_APB1PeriphResetCmd
  22      E7800000 
  23 0030 17030000 		tail	__riscv_restore_0
  23      67000300 
  24              	.L2:
  25 0038 37050004 		li	a0,67108864
  26 003c 97000000 		call	RCC_APB1PeriphResetCmd
  26      E7800000 
  27 0044 8145     		li	a1,0
  28 0046 37050004 		li	a0,67108864
  29 004a F9BF     		j	.L5
  31              		.section	.text.CAN_Init,"ax",@progbits
  32              		.align	1
  33              		.globl	CAN_Init
  35              	CAN_Init:
  36 0000 1841     		lw	a4,0(a0)
  37 0002 AA87     		mv	a5,a0
  38 0004 759B     		andi	a4,a4,-3
  39 0006 18C1     		sw	a4,0(a0)
  40 0008 1841     		lw	a4,0(a0)
  41 000a 13671700 		ori	a4,a4,1
  42 000e 18C1     		sw	a4,0(a0)
  43 0010 4167     		li	a4,65536
  44              	.L8:
  45 0012 D443     		lw	a3,4(a5)
  46 0014 858A     		andi	a3,a3,1
  47 0016 99E2     		bne	a3,zero,.L7
  48 0018 7D17     		addi	a4,a4,-1
  49 001a 65FF     		bne	a4,zero,.L8
  50              	.L7:
  51 001c D843     		lw	a4,4(a5)
  52 001e 0145     		li	a0,0
  53 0020 058B     		andi	a4,a4,1
  54 0022 49CF     		beq	a4,zero,.L9
  55 0024 9445     		lw	a3,8(a1)
GAS LISTING /tmp/cco2B5hd.s 			page 2


  56 0026 0547     		li	a4,1
  57 0028 639BE608 		bne	a3,a4,.L10
  58 002c 9843     		lw	a4,0(a5)
  59 002e 13670708 		ori	a4,a4,128
  60              	.L31:
  61 0032 D445     		lw	a3,12(a1)
  62 0034 98C3     		sw	a4,0(a5)
  63 0036 0547     		li	a4,1
  64 0038 6397E608 		bne	a3,a4,.L12
  65 003c 9843     		lw	a4,0(a5)
  66 003e 13670704 		ori	a4,a4,64
  67              	.L32:
  68 0042 9449     		lw	a3,16(a1)
  69 0044 98C3     		sw	a4,0(a5)
  70 0046 0547     		li	a4,1
  71 0048 6393E608 		bne	a3,a4,.L14
  72 004c 9843     		lw	a4,0(a5)
  73 004e 13670702 		ori	a4,a4,32
  74              	.L33:
  75 0052 D449     		lw	a3,20(a1)
  76 0054 98C3     		sw	a4,0(a5)
  77 0056 0547     		li	a4,1
  78 0058 639FE606 		bne	a3,a4,.L16
  79 005c 9843     		lw	a4,0(a5)
  80 005e 13670701 		ori	a4,a4,16
  81              	.L34:
  82 0062 944D     		lw	a3,24(a1)
  83 0064 98C3     		sw	a4,0(a5)
  84 0066 0547     		li	a4,1
  85 0068 639AE606 		bne	a3,a4,.L18
  86 006c 9843     		lw	a4,0(a5)
  87 006e 13678700 		ori	a4,a4,8
  88              	.L35:
  89 0072 D44D     		lw	a3,28(a1)
  90 0074 98C3     		sw	a4,0(a5)
  91 0076 0547     		li	a4,1
  92 0078 6395E606 		bne	a3,a4,.L20
  93 007c 9843     		lw	a4,0(a5)
  94 007e 13674700 		ori	a4,a4,4
  95              	.L36:
  96 0082 98C3     		sw	a4,0(a5)
  97 0084 B821     		lbu	a4,2(a1)
  98 0086 B431     		lbu	a3,3(a1)
  99 0088 7A07     		slli	a4,a4,30
 100 008a E206     		slli	a3,a3,24
 101 008c 558F     		or	a4,a4,a3
 102 008e D421     		lbu	a3,4(a1)
 103 0090 C206     		slli	a3,a3,16
 104 0092 558F     		or	a4,a4,a3
 105 0094 D431     		lbu	a3,5(a1)
 106 0096 D206     		slli	a3,a3,20
 107 0098 558F     		or	a4,a4,a3
 108 009a 9621     		lhu	a3,0(a1)
 109 009c FD16     		addi	a3,a3,-1
 110 009e 558F     		or	a4,a4,a3
 111 00a0 D8CF     		sw	a4,28(a5)
 112 00a2 9843     		lw	a4,0(a5)
GAS LISTING /tmp/cco2B5hd.s 			page 3


 113 00a4 799B     		andi	a4,a4,-2
 114 00a6 98C3     		sw	a4,0(a5)
 115 00a8 4167     		li	a4,65536
 116              	.L23:
 117 00aa D443     		lw	a3,4(a5)
 118 00ac 858A     		andi	a3,a3,1
 119 00ae 99C2     		beq	a3,zero,.L22
 120 00b0 7D17     		addi	a4,a4,-1
 121 00b2 65FF     		bne	a4,zero,.L23
 122              	.L22:
 123 00b4 C843     		lw	a0,4(a5)
 124 00b6 1345F5FF 		not	a0,a0
 125 00ba 0589     		andi	a0,a0,1
 126              	.L9:
 127 00bc 8280     		ret
 128              	.L10:
 129 00be 9843     		lw	a4,0(a5)
 130 00c0 1377F7F7 		andi	a4,a4,-129
 131 00c4 BDB7     		j	.L31
 132              	.L12:
 133 00c6 9843     		lw	a4,0(a5)
 134 00c8 1377F7FB 		andi	a4,a4,-65
 135 00cc 9DBF     		j	.L32
 136              	.L14:
 137 00ce 9843     		lw	a4,0(a5)
 138 00d0 1377F7FD 		andi	a4,a4,-33
 139 00d4 BDBF     		j	.L33
 140              	.L16:
 141 00d6 9843     		lw	a4,0(a5)
 142 00d8 3D9B     		andi	a4,a4,-17
 143 00da 61B7     		j	.L34
 144              	.L18:
 145 00dc 9843     		lw	a4,0(a5)
 146 00de 5D9B     		andi	a4,a4,-9
 147 00e0 49BF     		j	.L35
 148              	.L20:
 149 00e2 9843     		lw	a4,0(a5)
 150 00e4 6D9B     		andi	a4,a4,-5
 151 00e6 71BF     		j	.L36
 153              		.section	.text.CAN_FilterInit,"ax",@progbits
 154              		.align	1
 155              		.globl	CAN_FilterInit
 157              	CAN_FilterInit:
 158 0000 37670040 		li	a4,1073766400
 159 0004 13060740 		addi	a2,a4,1024
 160 0008 13070760 		addi	a4,a4,1536
 161 000c 1443     		lw	a3,0(a4)
 162 000e 3C25     		lbu	a5,10(a0)
 163 0010 8548     		li	a7,1
 164 0012 93E61600 		ori	a3,a3,1
 165 0016 14C3     		sw	a3,0(a4)
 166 0018 0328C701 		lw	a6,28(a4)
 167 001c B395F800 		sll	a1,a7,a5
 168 0020 93C6F5FF 		not	a3,a1
 169 0024 3378D800 		and	a6,a6,a3
 170 0028 232E0701 		sw	a6,28(a4)
 171 002c 5825     		lbu	a4,12(a0)
GAS LISTING /tmp/cco2B5hd.s 			page 4


 172 002e 45E7     		bne	a4,zero,.L38
 173 0030 0327C620 		lw	a4,524(a2)
 174 0034 03582500 		lhu	a6,2(a0)
 175 0038 8E07     		slli	a5,a5,3
 176 003a 758F     		and	a4,a3,a4
 177 003c 2326E620 		sw	a4,524(a2)
 178 0040 7A21     		lhu	a4,6(a0)
 179 0042 B297     		add	a5,a5,a2
 180 0044 1221     		lhu	a2,0(a0)
 181 0046 4207     		slli	a4,a4,16
 182 0048 33670701 		or	a4,a4,a6
 183 004c 23A0E724 		sw	a4,576(a5)
 184 0050 5A21     		lhu	a4,4(a0)
 185 0052 4207     		slli	a4,a4,16
 186              	.L48:
 187 0054 518F     		or	a4,a4,a2
 188 0056 23A2E724 		sw	a4,580(a5)
 189              	.L39:
 190 005a B7270240 		li	a5,1073881088
 191 005e 985B     		lw	a4,48(a5)
 192 0060 B707000F 		li	a5,251658240
 193 0064 F98F     		and	a5,a5,a4
 194 0066 99EF     		bne	a5,zero,.L40
 195 0068 37670040 		li	a4,1073766400
 196 006c 93070730 		addi	a5,a4,768
 197 0070 13070740 		addi	a4,a4,1024
 198              	.L41:
 199 0074 9223     		lhu	a2,0(a5)
 200 0076 9107     		addi	a5,a5,4
 201 0078 4206     		slli	a2,a2,16
 202 007a 4182     		srli	a2,a2,16
 203 007c 239EC7EE 		sh	a2,-260(a5)
 204 0080 E39AE7FE 		bne	a5,a4,.L41
 205              	.L40:
 206 0084 3835     		lbu	a4,11(a0)
 207 0086 B7670040 		li	a5,1073766400
 208 008a 93870740 		addi	a5,a5,1024
 209 008e 2DEB     		bne	a4,zero,.L42
 210 0090 03A74720 		lw	a4,516(a5)
 211 0094 758F     		and	a4,a3,a4
 212              	.L49:
 213 0096 23A2E720 		sw	a4,516(a5)
 214 009a 1A25     		lhu	a4,8(a0)
 215 009c B7670040 		li	a5,1073766400
 216 00a0 93870740 		addi	a5,a5,1024
 217 00a4 35E3     		bne	a4,zero,.L44
 218 00a6 03A74721 		lw	a4,532(a5)
 219 00aa F98E     		and	a3,a3,a4
 220 00ac 23AAD720 		sw	a3,532(a5)
 221              	.L45:
 222 00b0 1849     		lw	a4,16(a0)
 223 00b2 8547     		li	a5,1
 224 00b4 6319F700 		bne	a4,a5,.L46
 225 00b8 B7670040 		li	a5,1073766400
 226 00bc 03A7C761 		lw	a4,1564(a5)
 227 00c0 4D8F     		or	a4,a4,a1
 228 00c2 23AEE760 		sw	a4,1564(a5)
GAS LISTING /tmp/cco2B5hd.s 			page 5


 229              	.L46:
 230 00c6 B7670040 		li	a5,1073766400
 231 00ca 03A70760 		lw	a4,1536(a5)
 232 00ce 799B     		andi	a4,a4,-2
 233 00d0 23A0E760 		sw	a4,1536(a5)
 234 00d4 8280     		ret
 235              	.L38:
 236 00d6 E31217F9 		bne	a4,a7,.L39
 237 00da 0327C620 		lw	a4,524(a2)
 238 00de 03582500 		lhu	a6,2(a0)
 239 00e2 8E07     		slli	a5,a5,3
 240 00e4 4D8F     		or	a4,a4,a1
 241 00e6 2326E620 		sw	a4,524(a2)
 242 00ea 1A21     		lhu	a4,0(a0)
 243 00ec B297     		add	a5,a5,a2
 244 00ee 7221     		lhu	a2,6(a0)
 245 00f0 4207     		slli	a4,a4,16
 246 00f2 33670701 		or	a4,a4,a6
 247 00f6 23A0E724 		sw	a4,576(a5)
 248 00fa 5A21     		lhu	a4,4(a0)
 249 00fc 4207     		slli	a4,a4,16
 250 00fe 99BF     		j	.L48
 251              	.L42:
 252 0100 03A74720 		lw	a4,516(a5)
 253 0104 4D8F     		or	a4,a4,a1
 254 0106 41BF     		j	.L49
 255              	.L44:
 256 0108 8546     		li	a3,1
 257 010a E313D7FA 		bne	a4,a3,.L45
 258 010e 03A74721 		lw	a4,532(a5)
 259 0112 4D8F     		or	a4,a4,a1
 260 0114 23AAE720 		sw	a4,532(a5)
 261 0118 61BF     		j	.L45
 263              		.section	.text.CAN_StructInit,"ax",@progbits
 264              		.align	1
 265              		.globl	CAN_StructInit
 267              	CAN_StructInit:
 268 0000 8547     		li	a5,1
 269 0002 1CC1     		sw	a5,0(a0)
 270 0004 93073020 		li	a5,515
 271 0008 23240500 		sw	zero,8(a0)
 272 000c 23260500 		sw	zero,12(a0)
 273 0010 23280500 		sw	zero,16(a0)
 274 0014 232A0500 		sw	zero,20(a0)
 275 0018 232C0500 		sw	zero,24(a0)
 276 001c 232E0500 		sw	zero,28(a0)
 277 0020 5EA1     		sh	a5,4(a0)
 278 0022 8280     		ret
 280              		.section	.text.CAN_SlaveStartBank,"ax",@progbits
 281              		.align	1
 282              		.globl	CAN_SlaveStartBank
 284              	CAN_SlaveStartBank:
 285 0000 B7670040 		li	a5,1073766400
 286 0004 93870760 		addi	a5,a5,1536
 287 0008 9843     		lw	a4,0(a5)
 288 000a F176     		li	a3,-16384
 289 000c 9386160F 		addi	a3,a3,241
GAS LISTING /tmp/cco2B5hd.s 			page 6


 290 0010 13671700 		ori	a4,a4,1
 291 0014 98C3     		sw	a4,0(a5)
 292 0016 9843     		lw	a4,0(a5)
 293 0018 2205     		slli	a0,a0,8
 294 001a 758F     		and	a4,a4,a3
 295 001c 98C3     		sw	a4,0(a5)
 296 001e 9843     		lw	a4,0(a5)
 297 0020 598D     		or	a0,a0,a4
 298 0022 88C3     		sw	a0,0(a5)
 299 0024 9843     		lw	a4,0(a5)
 300 0026 799B     		andi	a4,a4,-2
 301 0028 98C3     		sw	a4,0(a5)
 302 002a 8280     		ret
 304              		.section	.text.CAN_DBGFreeze,"ax",@progbits
 305              		.align	1
 306              		.globl	CAN_DBGFreeze
 308              	CAN_DBGFreeze:
 309 0000 1C41     		lw	a5,0(a0)
 310 0002 89C5     		beq	a1,zero,.L53
 311 0004 4167     		li	a4,65536
 312 0006 D98F     		or	a5,a5,a4
 313              	.L55:
 314 0008 1CC1     		sw	a5,0(a0)
 315 000a 8280     		ret
 316              	.L53:
 317 000c 4177     		li	a4,-65536
 318 000e 7D17     		addi	a4,a4,-1
 319 0010 F98F     		and	a5,a5,a4
 320 0012 DDBF     		j	.L55
 322              		.section	.text.CAN_TTComModeCmd,"ax",@progbits
 323              		.align	1
 324              		.globl	CAN_TTComModeCmd
 326              	CAN_TTComModeCmd:
 327 0000 1C41     		lw	a5,0(a0)
 328 0002 9DC1     		beq	a1,zero,.L57
 329 0004 93E70708 		ori	a5,a5,128
 330 0008 1CC1     		sw	a5,0(a0)
 331 000a 13050518 		addi	a0,a0,384
 332 000e 5C41     		lw	a5,4(a0)
 333 0010 93E70710 		ori	a5,a5,256
 334 0014 5CC1     		sw	a5,4(a0)
 335 0016 5C49     		lw	a5,20(a0)
 336 0018 93E70710 		ori	a5,a5,256
 337 001c 5CC9     		sw	a5,20(a0)
 338 001e 5C51     		lw	a5,36(a0)
 339 0020 93E70710 		ori	a5,a5,256
 340              	.L59:
 341 0024 5CD1     		sw	a5,36(a0)
 342 0026 8280     		ret
 343              	.L57:
 344 0028 93F7F7F7 		andi	a5,a5,-129
 345 002c 1CC1     		sw	a5,0(a0)
 346 002e 13050518 		addi	a0,a0,384
 347 0032 5C41     		lw	a5,4(a0)
 348 0034 93F7F7EF 		andi	a5,a5,-257
 349 0038 5CC1     		sw	a5,4(a0)
 350 003a 5C49     		lw	a5,20(a0)
GAS LISTING /tmp/cco2B5hd.s 			page 7


 351 003c 93F7F7EF 		andi	a5,a5,-257
 352 0040 5CC9     		sw	a5,20(a0)
 353 0042 5C51     		lw	a5,36(a0)
 354 0044 93F7F7EF 		andi	a5,a5,-257
 355 0048 F1BF     		j	.L59
 357              		.section	.text.CAN_Transmit,"ax",@progbits
 358              		.align	1
 359              		.globl	CAN_Transmit
 361              	CAN_Transmit:
 362 0000 1845     		lw	a4,8(a0)
 363 0002 B7060004 		li	a3,67108864
 364 0006 AA87     		mv	a5,a0
 365 0008 758F     		and	a4,a4,a3
 366 000a 51E7     		bne	a4,zero,.L65
 367 000c 1845     		lw	a4,8(a0)
 368 000e B7060008 		li	a3,134217728
 369 0012 758F     		and	a4,a4,a3
 370 0014 59E3     		bne	a4,zero,.L66
 371 0016 1845     		lw	a4,8(a0)
 372 0018 B7060010 		li	a3,268435456
 373 001c 1145     		li	a0,4
 374 001e 758F     		and	a4,a4,a3
 375 0020 35CB     		beq	a4,zero,.L62
 376 0022 0945     		li	a0,2
 377              	.L61:
 378 0024 13174500 		slli	a4,a0,4
 379 0028 BA97     		add	a5,a5,a4
 380 002a 03A70718 		lw	a4,384(a5)
 381 002e 058B     		andi	a4,a4,1
 382 0030 23A0E718 		sw	a4,384(a5)
 383 0034 9425     		lbu	a3,8(a1)
 384 0036 9035     		lbu	a2,9(a1)
 385 0038 BDE2     		bne	a3,zero,.L63
 386 003a 9841     		lw	a4,0(a1)
 387 003c 83A60718 		lw	a3,384(a5)
 388 0040 5607     		slli	a4,a4,21
 389 0042 518F     		or	a4,a4,a2
 390 0044 558F     		or	a4,a4,a3
 391              	.L68:
 392 0046 23A0E718 		sw	a4,384(a5)
 393 004a B825     		lbu	a4,10(a1)
 394 004c 93870718 		addi	a5,a5,384
 395 0050 3D8B     		andi	a4,a4,15
 396 0052 B8A5     		sb	a4,10(a1)
 397 0054 D443     		lw	a3,4(a5)
 398 0056 C19A     		andi	a3,a3,-16
 399 0058 D4C3     		sw	a3,4(a5)
 400 005a D443     		lw	a3,4(a5)
 401 005c 558F     		or	a4,a4,a3
 402 005e D8C3     		sw	a4,4(a5)
 403 0060 D825     		lbu	a4,12(a1)
 404 0062 B435     		lbu	a3,11(a1)
 405 0064 2207     		slli	a4,a4,8
 406 0066 558F     		or	a4,a4,a3
 407 0068 D435     		lbu	a3,13(a1)
 408 006a C206     		slli	a3,a3,16
 409 006c D98E     		or	a3,a3,a4
GAS LISTING /tmp/cco2B5hd.s 			page 8


 410 006e F825     		lbu	a4,14(a1)
 411 0070 6207     		slli	a4,a4,24
 412 0072 558F     		or	a4,a4,a3
 413 0074 98C7     		sw	a4,8(a5)
 414 0076 9829     		lbu	a4,16(a1)
 415 0078 F435     		lbu	a3,15(a1)
 416 007a 2207     		slli	a4,a4,8
 417 007c 558F     		or	a4,a4,a3
 418 007e 9439     		lbu	a3,17(a1)
 419 0080 C206     		slli	a3,a3,16
 420 0082 D98E     		or	a3,a3,a4
 421 0084 B829     		lbu	a4,18(a1)
 422 0086 6207     		slli	a4,a4,24
 423 0088 558F     		or	a4,a4,a3
 424 008a D8C7     		sw	a4,12(a5)
 425 008c 9843     		lw	a4,0(a5)
 426 008e 13671700 		ori	a4,a4,1
 427 0092 98C3     		sw	a4,0(a5)
 428              	.L62:
 429 0094 8280     		ret
 430              	.L65:
 431 0096 0145     		li	a0,0
 432 0098 71B7     		j	.L61
 433              	.L66:
 434 009a 0545     		li	a0,1
 435 009c 61B7     		j	.L61
 436              	.L63:
 437 009e D841     		lw	a4,4(a1)
 438 00a0 03A80718 		lw	a6,384(a5)
 439 00a4 0E07     		slli	a4,a4,3
 440 00a6 518F     		or	a4,a4,a2
 441 00a8 558F     		or	a4,a4,a3
 442 00aa 33670701 		or	a4,a4,a6
 443 00ae 61BF     		j	.L68
 445              		.section	.text.CAN_TransmitStatus,"ax",@progbits
 446              		.align	1
 447              		.globl	CAN_TransmitStatus
 449              	CAN_TransmitStatus:
 450 0000 0547     		li	a4,1
 451 0002 AA87     		mv	a5,a0
 452 0004 6380E502 		beq	a1,a4,.L70
 453 0008 0947     		li	a4,2
 454 000a 638CE502 		beq	a1,a4,.L71
 455 000e 0945     		li	a0,2
 456 0010 85E9     		bne	a1,zero,.L72
 457 0012 9C47     		lw	a5,8(a5)
 458 0014 37070004 		li	a4,67108864
 459 0018 0D07     		addi	a4,a4,3
 460 001a F98F     		and	a5,a5,a4
 461 001c 0545     		li	a0,1
 462 001e 639BE702 		bne	a5,a4,.L73
 463 0022 8280     		ret
 464              	.L70:
 465 0024 1C45     		lw	a5,8(a0)
 466 0026 37070008 		li	a4,134217728
 467 002a 13070730 		addi	a4,a4,768
 468 002e B7060004 		li	a3,67108864
GAS LISTING /tmp/cco2B5hd.s 			page 9


 469 0032 F98F     		and	a5,a5,a4
 470 0034 8D06     		addi	a3,a3,3
 471 0036 63FFF600 		bleu	a5,a3,.L73
 472 003a 998F     		sub	a5,a5,a4
 473              	.L77:
 474 003c 13B51700 		seqz	a0,a5
 475              	.L72:
 476 0040 8280     		ret
 477              	.L71:
 478 0042 1C45     		lw	a5,8(a0)
 479 0044 B7060310 		li	a3,268632064
 480 0048 37070004 		li	a4,67108864
 481 004c F58F     		and	a5,a5,a3
 482 004e 0D07     		addi	a4,a4,3
 483 0050 6367F700 		bgtu	a5,a4,.L74
 484              	.L73:
 485 0054 93B71700 		seqz	a5,a5
 486 0058 13951700 		slli	a0,a5,1
 487 005c 8280     		ret
 488              	.L74:
 489 005e 958F     		sub	a5,a5,a3
 490 0060 F1BF     		j	.L77
 492              		.section	.text.CAN_CancelTransmit,"ax",@progbits
 493              		.align	1
 494              		.globl	CAN_CancelTransmit
 496              	CAN_CancelTransmit:
 497 0000 8547     		li	a5,1
 498 0002 638BF500 		beq	a1,a5,.L79
 499 0006 8947     		li	a5,2
 500 0008 638CF500 		beq	a1,a5,.L80
 501 000c 89E5     		bne	a1,zero,.L78
 502 000e 1C45     		lw	a5,8(a0)
 503 0010 93E70708 		ori	a5,a5,128
 504              	.L82:
 505 0014 1CC5     		sw	a5,8(a0)
 506              	.L78:
 507 0016 8280     		ret
 508              	.L79:
 509 0018 1C45     		lw	a5,8(a0)
 510 001a 2167     		li	a4,32768
 511              	.L83:
 512 001c D98F     		or	a5,a5,a4
 513 001e DDBF     		j	.L82
 514              	.L80:
 515 0020 1C45     		lw	a5,8(a0)
 516 0022 37078000 		li	a4,8388608
 517 0026 DDBF     		j	.L83
 519              		.section	.text.CAN_Receive,"ax",@progbits
 520              		.align	1
 521              		.globl	CAN_Receive
 523              	CAN_Receive:
 524 0000 93974500 		slli	a5,a1,4
 525 0004 AA97     		add	a5,a0,a5
 526 0006 03A7071B 		lw	a4,432(a5)
 527 000a 118B     		andi	a4,a4,4
 528 000c 18A6     		sb	a4,8(a2)
 529 000e 21EF     		bne	a4,zero,.L85
GAS LISTING /tmp/cco2B5hd.s 			page 10


 530 0010 03A7071B 		lw	a4,432(a5)
 531 0014 5583     		srli	a4,a4,21
 532 0016 18C2     		sw	a4,0(a2)
 533              	.L86:
 534 0018 93870718 		addi	a5,a5,384
 535 001c 985B     		lw	a4,48(a5)
 536 001e 098B     		andi	a4,a4,2
 537 0020 18B6     		sb	a4,9(a2)
 538 0022 D85B     		lw	a4,52(a5)
 539 0024 3D8B     		andi	a4,a4,15
 540 0026 38A6     		sb	a4,10(a2)
 541 0028 D85B     		lw	a4,52(a5)
 542 002a 2183     		srli	a4,a4,8
 543 002c 38BA     		sb	a4,19(a2)
 544 002e 985F     		lw	a4,56(a5)
 545 0030 38B6     		sb	a4,11(a2)
 546 0032 985F     		lw	a4,56(a5)
 547 0034 2183     		srli	a4,a4,8
 548 0036 58A6     		sb	a4,12(a2)
 549 0038 985F     		lw	a4,56(a5)
 550 003a 4183     		srli	a4,a4,16
 551 003c 58B6     		sb	a4,13(a2)
 552 003e 985F     		lw	a4,56(a5)
 553 0040 6183     		srli	a4,a4,24
 554 0042 78A6     		sb	a4,14(a2)
 555 0044 D85F     		lw	a4,60(a5)
 556 0046 78B6     		sb	a4,15(a2)
 557 0048 D85F     		lw	a4,60(a5)
 558 004a 2183     		srli	a4,a4,8
 559 004c 18AA     		sb	a4,16(a2)
 560 004e D85F     		lw	a4,60(a5)
 561 0050 4183     		srli	a4,a4,16
 562 0052 18BA     		sb	a4,17(a2)
 563 0054 DC5F     		lw	a5,60(a5)
 564 0056 E183     		srli	a5,a5,24
 565 0058 3CAA     		sb	a5,18(a2)
 566 005a 99E9     		bne	a1,zero,.L87
 567 005c 5C45     		lw	a5,12(a0)
 568 005e 93E70702 		ori	a5,a5,32
 569 0062 5CC5     		sw	a5,12(a0)
 570 0064 8280     		ret
 571              	.L85:
 572 0066 03A7071B 		lw	a4,432(a5)
 573 006a 0D83     		srli	a4,a4,3
 574 006c 58C2     		sw	a4,4(a2)
 575 006e 6DB7     		j	.L86
 576              	.L87:
 577 0070 1C49     		lw	a5,16(a0)
 578 0072 93E70702 		ori	a5,a5,32
 579 0076 1CC9     		sw	a5,16(a0)
 580 0078 8280     		ret
 582              		.section	.text.CAN_FIFORelease,"ax",@progbits
 583              		.align	1
 584              		.globl	CAN_FIFORelease
 586              	CAN_FIFORelease:
 587 0000 91E5     		bne	a1,zero,.L90
 588 0002 5C45     		lw	a5,12(a0)
GAS LISTING /tmp/cco2B5hd.s 			page 11


 589 0004 93E70702 		ori	a5,a5,32
 590 0008 5CC5     		sw	a5,12(a0)
 591 000a 8280     		ret
 592              	.L90:
 593 000c 1C49     		lw	a5,16(a0)
 594 000e 93E70702 		ori	a5,a5,32
 595 0012 1CC9     		sw	a5,16(a0)
 596 0014 8280     		ret
 598              		.section	.text.CAN_MessagePending,"ax",@progbits
 599              		.align	1
 600              		.globl	CAN_MessagePending
 602              	CAN_MessagePending:
 603 0000 AA87     		mv	a5,a0
 604 0002 81E5     		bne	a1,zero,.L93
 605 0004 4845     		lw	a0,12(a0)
 606              	.L96:
 607 0006 0D89     		andi	a0,a0,3
 608              	.L94:
 609 0008 8280     		ret
 610              	.L93:
 611 000a 0547     		li	a4,1
 612 000c 0145     		li	a0,0
 613 000e E39DE5FE 		bne	a1,a4,.L94
 614 0012 884B     		lw	a0,16(a5)
 615 0014 CDBF     		j	.L96
 617              		.section	.text.CAN_OperatingModeRequest,"ax",@progbits
 618              		.align	1
 619              		.globl	CAN_OperatingModeRequest
 621              	CAN_OperatingModeRequest:
 622 0000 AA87     		mv	a5,a0
 623 0002 85E5     		bne	a1,zero,.L98
 624 0004 1841     		lw	a4,0(a0)
 625 0006 0546     		li	a2,1
 626 0008 719B     		andi	a4,a4,-4
 627 000a 13671700 		ori	a4,a4,1
 628 000e 18C1     		sw	a4,0(a0)
 629 0010 4167     		li	a4,65536
 630              	.L100:
 631 0012 D443     		lw	a3,4(a5)
 632 0014 8D8A     		andi	a3,a3,3
 633 0016 6384C600 		beq	a3,a2,.L99
 634 001a 7D17     		addi	a4,a4,-1
 635 001c 7DFB     		bne	a4,zero,.L100
 636              	.L99:
 637 001e C843     		lw	a0,4(a5)
 638 0020 0D89     		andi	a0,a0,3
 639 0022 7D15     		addi	a0,a0,-1
 640              	.L114:
 641 0024 13351500 		seqz	a0,a0
 642              	.L101:
 643 0028 8280     		ret
 644              	.L98:
 645 002a 0547     		li	a4,1
 646 002c 639EE500 		bne	a1,a4,.L102
 647 0030 1841     		lw	a4,0(a0)
 648 0032 719B     		andi	a4,a4,-4
 649 0034 18C1     		sw	a4,0(a0)
GAS LISTING /tmp/cco2B5hd.s 			page 12


 650 0036 4167     		li	a4,65536
 651              	.L104:
 652 0038 D443     		lw	a3,4(a5)
 653 003a 8D8A     		andi	a3,a3,3
 654 003c 99C2     		beq	a3,zero,.L103
 655 003e 7D17     		addi	a4,a4,-1
 656 0040 65FF     		bne	a4,zero,.L104
 657              	.L103:
 658 0042 C843     		lw	a0,4(a5)
 659 0044 0D89     		andi	a0,a0,3
 660 0046 F9BF     		j	.L114
 661              	.L102:
 662 0048 0947     		li	a4,2
 663 004a 0145     		li	a0,0
 664 004c E39EE5FC 		bne	a1,a4,.L101
 665 0050 9843     		lw	a4,0(a5)
 666 0052 0946     		li	a2,2
 667 0054 719B     		andi	a4,a4,-4
 668 0056 13672700 		ori	a4,a4,2
 669 005a 98C3     		sw	a4,0(a5)
 670 005c 4167     		li	a4,65536
 671              	.L106:
 672 005e D443     		lw	a3,4(a5)
 673 0060 8D8A     		andi	a3,a3,3
 674 0062 6384C600 		beq	a3,a2,.L105
 675 0066 7D17     		addi	a4,a4,-1
 676 0068 7DFB     		bne	a4,zero,.L106
 677              	.L105:
 678 006a C843     		lw	a0,4(a5)
 679 006c 0D89     		andi	a0,a0,3
 680 006e 7915     		addi	a0,a0,-2
 681 0070 55BF     		j	.L114
 683              		.section	.text.CAN_Sleep,"ax",@progbits
 684              		.align	1
 685              		.globl	CAN_Sleep
 687              	CAN_Sleep:
 688 0000 1C41     		lw	a5,0(a0)
 689 0002 F19B     		andi	a5,a5,-4
 690 0004 93E72700 		ori	a5,a5,2
 691 0008 1CC1     		sw	a5,0(a0)
 692 000a 4841     		lw	a0,4(a0)
 693 000c 0D89     		andi	a0,a0,3
 694 000e 7915     		addi	a0,a0,-2
 695 0010 13351500 		seqz	a0,a0
 696 0014 8280     		ret
 698              		.section	.text.CAN_WakeUp,"ax",@progbits
 699              		.align	1
 700              		.globl	CAN_WakeUp
 702              	CAN_WakeUp:
 703 0000 1C41     		lw	a5,0(a0)
 704 0002 F59B     		andi	a5,a5,-3
 705 0004 1CC1     		sw	a5,0(a0)
 706 0006 C167     		li	a5,65536
 707              	.L118:
 708 0008 5841     		lw	a4,4(a0)
 709 000a 098B     		andi	a4,a4,2
 710 000c 19C3     		beq	a4,zero,.L117
GAS LISTING /tmp/cco2B5hd.s 			page 13


 711 000e FD17     		addi	a5,a5,-1
 712 0010 E5FF     		bne	a5,zero,.L118
 713              	.L117:
 714 0012 4841     		lw	a0,4(a0)
 715 0014 0581     		srli	a0,a0,1
 716 0016 13451500 		xori	a0,a0,1
 717 001a 0589     		andi	a0,a0,1
 718 001c 8280     		ret
 720              		.section	.text.CAN_GetLastErrorCode,"ax",@progbits
 721              		.align	1
 722              		.globl	CAN_GetLastErrorCode
 724              	CAN_GetLastErrorCode:
 725 0000 084D     		lw	a0,24(a0)
 726 0002 13750507 		andi	a0,a0,112
 727 0006 8280     		ret
 729              		.section	.text.CAN_GetReceiveErrorCounter,"ax",@progbits
 730              		.align	1
 731              		.globl	CAN_GetReceiveErrorCounter
 733              	CAN_GetReceiveErrorCounter:
 734 0000 084D     		lw	a0,24(a0)
 735 0002 6181     		srli	a0,a0,24
 736 0004 8280     		ret
 738              		.section	.text.CAN_GetLSBTransmitErrorCounter,"ax",@progbits
 739              		.align	1
 740              		.globl	CAN_GetLSBTransmitErrorCounter
 742              	CAN_GetLSBTransmitErrorCounter:
 743 0000 084D     		lw	a0,24(a0)
 744 0002 4181     		srli	a0,a0,16
 745 0004 1375F50F 		andi	a0,a0,0xff
 746 0008 8280     		ret
 748              		.section	.text.CAN_ITConfig,"ax",@progbits
 749              		.align	1
 750              		.globl	CAN_ITConfig
 752              	CAN_ITConfig:
 753 0000 5C49     		lw	a5,20(a0)
 754 0002 01C6     		beq	a2,zero,.L127
 755 0004 CD8F     		or	a5,a5,a1
 756 0006 5CC9     		sw	a5,20(a0)
 757 0008 8280     		ret
 758              	.L127:
 759 000a 93C5F5FF 		not	a1,a1
 760 000e FD8D     		and	a1,a1,a5
 761 0010 4CC9     		sw	a1,20(a0)
 762 0012 8280     		ret
 764              		.section	.text.CAN_GetFlagStatus,"ax",@progbits
 765              		.align	1
 766              		.globl	CAN_GetFlagStatus
 768              	CAN_GetFlagStatus:
 769 0000 B707F000 		li	a5,15728640
 770 0004 ED8F     		and	a5,a1,a5
 771 0006 99C7     		beq	a5,zero,.L130
 772 0008 084D     		lw	a0,24(a0)
 773              	.L137:
 774 000a 6D8D     		and	a0,a0,a1
 775 000c 3205     		slli	a0,a0,12
 776              	.L135:
 777 000e 3335A000 		snez	a0,a0
GAS LISTING /tmp/cco2B5hd.s 			page 14


 778 0012 8280     		ret
 779              	.L130:
 780 0014 B7070001 		li	a5,16777216
 781 0018 ED8F     		and	a5,a1,a5
 782 001a 99C3     		beq	a5,zero,.L132
 783 001c 4841     		lw	a0,4(a0)
 784 001e F5B7     		j	.L137
 785              	.L132:
 786 0020 B7070008 		li	a5,134217728
 787 0024 ED8F     		and	a5,a1,a5
 788 0026 99C3     		beq	a5,zero,.L133
 789 0028 0845     		lw	a0,8(a0)
 790 002a C5B7     		j	.L137
 791              	.L133:
 792 002c 37070002 		li	a4,33554432
 793 0030 B7071000 		li	a5,1048576
 794 0034 6D8F     		and	a4,a1,a4
 795 0036 FD17     		addi	a5,a5,-1
 796 0038 09C7     		beq	a4,zero,.L134
 797 003a 4845     		lw	a0,12(a0)
 798              	.L136:
 799 003c 6D8D     		and	a0,a0,a1
 800 003e 7D8D     		and	a0,a0,a5
 801 0040 F9B7     		j	.L135
 802              	.L134:
 803 0042 0849     		lw	a0,16(a0)
 804 0044 E5BF     		j	.L136
 806              		.section	.text.CAN_ClearFlag,"ax",@progbits
 807              		.align	1
 808              		.globl	CAN_ClearFlag
 810              	CAN_ClearFlag:
 811 0000 B707F030 		li	a5,821035008
 812 0004 93870707 		addi	a5,a5,112
 813 0008 6395F500 		bne	a1,a5,.L139
 814 000c 232C0500 		sw	zero,24(a0)
 815 0010 8280     		ret
 816              	.L139:
 817 0012 37070002 		li	a4,33554432
 818 0016 9397C500 		slli	a5,a1,12
 819 001a 6D8F     		and	a4,a1,a4
 820 001c B183     		srli	a5,a5,12
 821 001e 19C3     		beq	a4,zero,.L141
 822 0020 5CC5     		sw	a5,12(a0)
 823 0022 8280     		ret
 824              	.L141:
 825 0024 37070004 		li	a4,67108864
 826 0028 6D8F     		and	a4,a1,a4
 827 002a 19C3     		beq	a4,zero,.L142
 828 002c 1CC9     		sw	a5,16(a0)
 829 002e 8280     		ret
 830              	.L142:
 831 0030 37070008 		li	a4,134217728
 832 0034 F98D     		and	a1,a1,a4
 833 0036 99C1     		beq	a1,zero,.L143
 834 0038 1CC5     		sw	a5,8(a0)
 835 003a 8280     		ret
 836              	.L143:
GAS LISTING /tmp/cco2B5hd.s 			page 15


 837 003c 5CC1     		sw	a5,4(a0)
 838 003e 8280     		ret
 840              		.section	.text.CAN_GetITStatus,"ax",@progbits
 841              		.align	1
 842              		.globl	CAN_GetITStatus
 844              	CAN_GetITStatus:
 845 0000 5C49     		lw	a5,20(a0)
 846 0002 2A87     		mv	a4,a0
 847 0004 33F5B700 		and	a0,a5,a1
 848 0008 51CD     		beq	a0,zero,.L144
 849 000a 93070010 		li	a5,256
 850 000e 6385F50A 		beq	a1,a5,.L146
 851 0012 63EFB702 		bgtu	a1,a5,.L147
 852 0016 A147     		li	a5,8
 853 0018 6387F508 		beq	a1,a5,.L148
 854 001c 63EDB700 		bgtu	a1,a5,.L149
 855 0020 8947     		li	a5,2
 856 0022 638BF506 		beq	a1,a5,.L150
 857 0026 9147     		li	a5,4
 858 0028 638BF506 		beq	a1,a5,.L151
 859 002c 8547     		li	a5,1
 860 002e 638DF504 		beq	a1,a5,.L152
 861              	.L171:
 862 0032 0145     		li	a0,0
 863 0034 8280     		ret
 864              	.L149:
 865 0036 93070002 		li	a5,32
 866 003a 6389F506 		beq	a1,a5,.L153
 867 003e 93070004 		li	a5,64
 868 0042 6387F506 		beq	a1,a5,.L154
 869 0046 C147     		li	a5,16
 870 0048 E395F5FE 		bne	a1,a5,.L171
 871 004c 084B     		lw	a0,16(a4)
 872 004e B1A0     		j	.L172
 873              	.L147:
 874 0050 A167     		li	a5,32768
 875 0052 638CF506 		beq	a1,a5,.L156
 876 0056 63E0B702 		bgtu	a1,a5,.L157
 877 005a 93070040 		li	a5,1024
 878 005e 638FF504 		beq	a1,a5,.L158
 879 0062 93870580 		addi	a5,a1,-2048
 880 0066 B1CF     		beq	a5,zero,.L159
 881 0068 93070020 		li	a5,512
 882 006c E393F5FC 		bne	a1,a5,.L171
 883 0070 084F     		lw	a0,24(a4)
 884 0072 0581     		srli	a0,a0,1
 885 0074 3DA0     		j	.L169
 886              	.L157:
 887 0076 C167     		li	a5,65536
 888 0078 638EF502 		beq	a1,a5,.L161
 889 007c B7070200 		li	a5,131072
 890 0080 E399F5FA 		bne	a1,a5,.L171
 891 0084 4843     		lw	a0,4(a4)
 892 0086 0DA0     		j	.L173
 893              	.L152:
 894 0088 0847     		lw	a0,8(a4)
 895 008a C167     		li	a5,65536
GAS LISTING /tmp/cco2B5hd.s 			page 16


 896 008c 93871710 		addi	a5,a5,257
 897 0090 7D8D     		and	a0,a0,a5
 898              	.L170:
 899 0092 3335A000 		snez	a0,a0
 900 0096 8280     		ret
 901              	.L150:
 902 0098 4847     		lw	a0,12(a4)
 903              	.L172:
 904 009a 0D89     		andi	a0,a0,3
 905 009c DDBF     		j	.L170
 906              	.L151:
 907 009e 4847     		lw	a0,12(a4)
 908              	.L174:
 909 00a0 0D81     		srli	a0,a0,3
 910              	.L169:
 911 00a2 0589     		andi	a0,a0,1
 912              	.L144:
 913 00a4 8280     		ret
 914              	.L148:
 915 00a6 4847     		lw	a0,12(a4)
 916              	.L173:
 917 00a8 1181     		srli	a0,a0,4
 918 00aa E5BF     		j	.L169
 919              	.L153:
 920 00ac 084B     		lw	a0,16(a4)
 921 00ae CDBF     		j	.L174
 922              	.L154:
 923 00b0 084B     		lw	a0,16(a4)
 924 00b2 DDBF     		j	.L173
 925              	.L161:
 926 00b4 4843     		lw	a0,4(a4)
 927 00b6 EDB7     		j	.L174
 928              	.L146:
 929 00b8 084F     		lw	a0,24(a4)
 930 00ba E5B7     		j	.L169
 931              	.L158:
 932 00bc 084F     		lw	a0,24(a4)
 933              	.L168:
 934 00be 0981     		srli	a0,a0,2
 935 00c0 CDB7     		j	.L169
 936              	.L159:
 937 00c2 084F     		lw	a0,24(a4)
 938 00c4 13750507 		andi	a0,a0,112
 939 00c8 E9B7     		j	.L170
 940              	.L156:
 941 00ca 4843     		lw	a0,4(a4)
 942 00cc CDBF     		j	.L168
 944              		.section	.text.CAN_ClearITPendingBit,"ax",@progbits
 945              		.align	1
 946              		.globl	CAN_ClearITPendingBit
 948              	CAN_ClearITPendingBit:
 949 0000 93070020 		li	a5,512
 950 0004 6388F508 		beq	a1,a5,.L193
 951 0008 63EBB702 		bgtu	a1,a5,.L177
 952 000c 93070002 		li	a5,32
 953 0010 6386F506 		beq	a1,a5,.L178
 954 0014 63ECB700 		bgtu	a1,a5,.L179
GAS LISTING /tmp/cco2B5hd.s 			page 17


 955 0018 9147     		li	a5,4
 956 001a 638CF504 		beq	a1,a5,.L180
 957 001e A147     		li	a5,8
 958 0020 638CF504 		beq	a1,a5,.L181
 959 0024 8547     		li	a5,1
 960 0026 6381F504 		beq	a1,a5,.L182
 961 002a 8280     		ret
 962              	.L179:
 963 002c 93070004 		li	a5,64
 964 0030 6389F504 		beq	a1,a5,.L184
 965 0034 93070010 		li	a5,256
 966 0038 638EF504 		beq	a1,a5,.L193
 967 003c 8280     		ret
 968              	.L177:
 969 003e A167     		li	a5,32768
 970 0040 6388F504 		beq	a1,a5,.L186
 971 0044 63EAB700 		bgtu	a1,a5,.L187
 972 0048 93070040 		li	a5,1024
 973 004c 6384F504 		beq	a1,a5,.L193
 974 0050 93850580 		addi	a1,a1,-2048
 975 0054 95CD     		beq	a1,zero,.L186
 976 0056 8280     		ret
 977              	.L187:
 978 0058 C167     		li	a5,65536
 979 005a 6386F502 		beq	a1,a5,.L190
 980 005e B7070200 		li	a5,131072
 981 0062 6385F502 		beq	a1,a5,.L191
 982 0066 8280     		ret
 983              	.L182:
 984 0068 C167     		li	a5,65536
 985 006a 93871710 		addi	a5,a5,257
 986 006e 1CC5     		sw	a5,8(a0)
 987 0070 8280     		ret
 988              	.L180:
 989 0072 A147     		li	a5,8
 990              	.L192:
 991 0074 5CC5     		sw	a5,12(a0)
 992 0076 8280     		ret
 993              	.L181:
 994 0078 C147     		li	a5,16
 995 007a EDBF     		j	.L192
 996              	.L178:
 997 007c A147     		li	a5,8
 998              	.L195:
 999 007e 1CC9     		sw	a5,16(a0)
 1000 0080 8280     		ret
 1001              	.L184:
 1002 0082 C147     		li	a5,16
 1003 0084 EDBF     		j	.L195
 1004              	.L190:
 1005 0086 A147     		li	a5,8
 1006              	.L194:
 1007 0088 5CC1     		sw	a5,4(a0)
 1008 008a 8280     		ret
 1009              	.L191:
 1010 008c C147     		li	a5,16
 1011 008e EDBF     		j	.L194
GAS LISTING /tmp/cco2B5hd.s 			page 18


 1012              	.L186:
 1013 0090 232C0500 		sw	zero,24(a0)
 1014              	.L193:
 1015 0094 9147     		li	a5,4
 1016 0096 CDBF     		j	.L194
 1018              		.ident	"GCC: (xPack GNU RISC-V Embedded GCC x86_64) 12.2.0"
GAS LISTING /tmp/cco2B5hd.s 			page 19


DEFINED SYMBOLS
                            *ABS*:0000000000000000 ch32v20x_can.c
     /tmp/cco2B5hd.s:11     .text.CAN_DeInit:0000000000000000 CAN_DeInit
     /tmp/cco2B5hd.s:12     .text.CAN_DeInit:0000000000000000 $x
     /tmp/cco2B5hd.s:35     .text.CAN_Init:0000000000000000 CAN_Init
     /tmp/cco2B5hd.s:36     .text.CAN_Init:0000000000000000 $x
     /tmp/cco2B5hd.s:157    .text.CAN_FilterInit:0000000000000000 CAN_FilterInit
     /tmp/cco2B5hd.s:158    .text.CAN_FilterInit:0000000000000000 $x
     /tmp/cco2B5hd.s:267    .text.CAN_StructInit:0000000000000000 CAN_StructInit
     /tmp/cco2B5hd.s:268    .text.CAN_StructInit:0000000000000000 $x
     /tmp/cco2B5hd.s:284    .text.CAN_SlaveStartBank:0000000000000000 CAN_SlaveStartBank
     /tmp/cco2B5hd.s:285    .text.CAN_SlaveStartBank:0000000000000000 $x
     /tmp/cco2B5hd.s:308    .text.CAN_DBGFreeze:0000000000000000 CAN_DBGFreeze
     /tmp/cco2B5hd.s:309    .text.CAN_DBGFreeze:0000000000000000 $x
     /tmp/cco2B5hd.s:326    .text.CAN_TTComModeCmd:0000000000000000 CAN_TTComModeCmd
     /tmp/cco2B5hd.s:327    .text.CAN_TTComModeCmd:0000000000000000 $x
     /tmp/cco2B5hd.s:361    .text.CAN_Transmit:0000000000000000 CAN_Transmit
     /tmp/cco2B5hd.s:362    .text.CAN_Transmit:0000000000000000 $x
     /tmp/cco2B5hd.s:449    .text.CAN_TransmitStatus:0000000000000000 CAN_TransmitStatus
     /tmp/cco2B5hd.s:450    .text.CAN_TransmitStatus:0000000000000000 $x
     /tmp/cco2B5hd.s:496    .text.CAN_CancelTransmit:0000000000000000 CAN_CancelTransmit
     /tmp/cco2B5hd.s:497    .text.CAN_CancelTransmit:0000000000000000 $x
     /tmp/cco2B5hd.s:523    .text.CAN_Receive:0000000000000000 CAN_Receive
     /tmp/cco2B5hd.s:524    .text.CAN_Receive:0000000000000000 $x
     /tmp/cco2B5hd.s:586    .text.CAN_FIFORelease:0000000000000000 CAN_FIFORelease
     /tmp/cco2B5hd.s:587    .text.CAN_FIFORelease:0000000000000000 $x
     /tmp/cco2B5hd.s:602    .text.CAN_MessagePending:0000000000000000 CAN_MessagePending
     /tmp/cco2B5hd.s:603    .text.CAN_MessagePending:0000000000000000 $x
     /tmp/cco2B5hd.s:621    .text.CAN_OperatingModeRequest:0000000000000000 CAN_OperatingModeRequest
     /tmp/cco2B5hd.s:622    .text.CAN_OperatingModeRequest:0000000000000000 $x
     /tmp/cco2B5hd.s:687    .text.CAN_Sleep:0000000000000000 CAN_Sleep
     /tmp/cco2B5hd.s:688    .text.CAN_Sleep:0000000000000000 $x
     /tmp/cco2B5hd.s:702    .text.CAN_WakeUp:0000000000000000 CAN_WakeUp
     /tmp/cco2B5hd.s:703    .text.CAN_WakeUp:0000000000000000 $x
     /tmp/cco2B5hd.s:724    .text.CAN_GetLastErrorCode:0000000000000000 CAN_GetLastErrorCode
     /tmp/cco2B5hd.s:725    .text.CAN_GetLastErrorCode:0000000000000000 $x
     /tmp/cco2B5hd.s:733    .text.CAN_GetReceiveErrorCounter:0000000000000000 CAN_GetReceiveErrorCounter
     /tmp/cco2B5hd.s:734    .text.CAN_GetReceiveErrorCounter:0000000000000000 $x
     /tmp/cco2B5hd.s:742    .text.CAN_GetLSBTransmitErrorCounter:0000000000000000 CAN_GetLSBTransmitErrorCounter
     /tmp/cco2B5hd.s:743    .text.CAN_GetLSBTransmitErrorCounter:0000000000000000 $x
     /tmp/cco2B5hd.s:752    .text.CAN_ITConfig:0000000000000000 CAN_ITConfig
     /tmp/cco2B5hd.s:753    .text.CAN_ITConfig:0000000000000000 $x
     /tmp/cco2B5hd.s:768    .text.CAN_GetFlagStatus:0000000000000000 CAN_GetFlagStatus
     /tmp/cco2B5hd.s:769    .text.CAN_GetFlagStatus:0000000000000000 $x
     /tmp/cco2B5hd.s:810    .text.CAN_ClearFlag:0000000000000000 CAN_ClearFlag
     /tmp/cco2B5hd.s:811    .text.CAN_ClearFlag:0000000000000000 $x
     /tmp/cco2B5hd.s:844    .text.CAN_GetITStatus:0000000000000000 CAN_GetITStatus
     /tmp/cco2B5hd.s:845    .text.CAN_GetITStatus:0000000000000000 $x
     /tmp/cco2B5hd.s:948    .text.CAN_ClearITPendingBit:0000000000000000 CAN_ClearITPendingBit
     /tmp/cco2B5hd.s:949    .text.CAN_ClearITPendingBit:0000000000000000 $x
     /tmp/cco2B5hd.s:24     .text.CAN_DeInit:0000000000000038 .L2
     /tmp/cco2B5hd.s:21     .text.CAN_DeInit:0000000000000028 .L5
     /tmp/cco2B5hd.s:50     .text.CAN_Init:000000000000001c .L7
     /tmp/cco2B5hd.s:44     .text.CAN_Init:0000000000000012 .L8
     /tmp/cco2B5hd.s:126    .text.CAN_Init:00000000000000bc .L9
     /tmp/cco2B5hd.s:128    .text.CAN_Init:00000000000000be .L10
     /tmp/cco2B5hd.s:132    .text.CAN_Init:00000000000000c6 .L12
GAS LISTING /tmp/cco2B5hd.s 			page 20


     /tmp/cco2B5hd.s:136    .text.CAN_Init:00000000000000ce .L14
     /tmp/cco2B5hd.s:140    .text.CAN_Init:00000000000000d6 .L16
     /tmp/cco2B5hd.s:144    .text.CAN_Init:00000000000000dc .L18
     /tmp/cco2B5hd.s:148    .text.CAN_Init:00000000000000e2 .L20
     /tmp/cco2B5hd.s:122    .text.CAN_Init:00000000000000b4 .L22
     /tmp/cco2B5hd.s:116    .text.CAN_Init:00000000000000aa .L23
     /tmp/cco2B5hd.s:60     .text.CAN_Init:0000000000000032 .L31
     /tmp/cco2B5hd.s:67     .text.CAN_Init:0000000000000042 .L32
     /tmp/cco2B5hd.s:74     .text.CAN_Init:0000000000000052 .L33
     /tmp/cco2B5hd.s:81     .text.CAN_Init:0000000000000062 .L34
     /tmp/cco2B5hd.s:88     .text.CAN_Init:0000000000000072 .L35
     /tmp/cco2B5hd.s:95     .text.CAN_Init:0000000000000082 .L36
     /tmp/cco2B5hd.s:235    .text.CAN_FilterInit:00000000000000d6 .L38
     /tmp/cco2B5hd.s:205    .text.CAN_FilterInit:0000000000000084 .L40
     /tmp/cco2B5hd.s:198    .text.CAN_FilterInit:0000000000000074 .L41
     /tmp/cco2B5hd.s:251    .text.CAN_FilterInit:0000000000000100 .L42
     /tmp/cco2B5hd.s:255    .text.CAN_FilterInit:0000000000000108 .L44
     /tmp/cco2B5hd.s:229    .text.CAN_FilterInit:00000000000000c6 .L46
     /tmp/cco2B5hd.s:189    .text.CAN_FilterInit:000000000000005a .L39
     /tmp/cco2B5hd.s:186    .text.CAN_FilterInit:0000000000000054 .L48
     /tmp/cco2B5hd.s:212    .text.CAN_FilterInit:0000000000000096 .L49
     /tmp/cco2B5hd.s:221    .text.CAN_FilterInit:00000000000000b0 .L45
     /tmp/cco2B5hd.s:316    .text.CAN_DBGFreeze:000000000000000c .L53
     /tmp/cco2B5hd.s:313    .text.CAN_DBGFreeze:0000000000000008 .L55
     /tmp/cco2B5hd.s:343    .text.CAN_TTComModeCmd:0000000000000028 .L57
     /tmp/cco2B5hd.s:340    .text.CAN_TTComModeCmd:0000000000000024 .L59
     /tmp/cco2B5hd.s:430    .text.CAN_Transmit:0000000000000096 .L65
     /tmp/cco2B5hd.s:433    .text.CAN_Transmit:000000000000009a .L66
     /tmp/cco2B5hd.s:428    .text.CAN_Transmit:0000000000000094 .L62
     /tmp/cco2B5hd.s:436    .text.CAN_Transmit:000000000000009e .L63
     /tmp/cco2B5hd.s:377    .text.CAN_Transmit:0000000000000024 .L61
     /tmp/cco2B5hd.s:391    .text.CAN_Transmit:0000000000000046 .L68
     /tmp/cco2B5hd.s:464    .text.CAN_TransmitStatus:0000000000000024 .L70
     /tmp/cco2B5hd.s:477    .text.CAN_TransmitStatus:0000000000000042 .L71
     /tmp/cco2B5hd.s:475    .text.CAN_TransmitStatus:0000000000000040 .L72
     /tmp/cco2B5hd.s:484    .text.CAN_TransmitStatus:0000000000000054 .L73
     /tmp/cco2B5hd.s:488    .text.CAN_TransmitStatus:000000000000005e .L74
     /tmp/cco2B5hd.s:473    .text.CAN_TransmitStatus:000000000000003c .L77
     /tmp/cco2B5hd.s:508    .text.CAN_CancelTransmit:0000000000000018 .L79
     /tmp/cco2B5hd.s:514    .text.CAN_CancelTransmit:0000000000000020 .L80
     /tmp/cco2B5hd.s:506    .text.CAN_CancelTransmit:0000000000000016 .L78
     /tmp/cco2B5hd.s:504    .text.CAN_CancelTransmit:0000000000000014 .L82
     /tmp/cco2B5hd.s:511    .text.CAN_CancelTransmit:000000000000001c .L83
     /tmp/cco2B5hd.s:571    .text.CAN_Receive:0000000000000066 .L85
     /tmp/cco2B5hd.s:576    .text.CAN_Receive:0000000000000070 .L87
     /tmp/cco2B5hd.s:533    .text.CAN_Receive:0000000000000018 .L86
     /tmp/cco2B5hd.s:592    .text.CAN_FIFORelease:000000000000000c .L90
     /tmp/cco2B5hd.s:610    .text.CAN_MessagePending:000000000000000a .L93
     /tmp/cco2B5hd.s:608    .text.CAN_MessagePending:0000000000000008 .L94
     /tmp/cco2B5hd.s:606    .text.CAN_MessagePending:0000000000000006 .L96
     /tmp/cco2B5hd.s:644    .text.CAN_OperatingModeRequest:000000000000002a .L98
     /tmp/cco2B5hd.s:636    .text.CAN_OperatingModeRequest:000000000000001e .L99
     /tmp/cco2B5hd.s:630    .text.CAN_OperatingModeRequest:0000000000000012 .L100
     /tmp/cco2B5hd.s:661    .text.CAN_OperatingModeRequest:0000000000000048 .L102
     /tmp/cco2B5hd.s:657    .text.CAN_OperatingModeRequest:0000000000000042 .L103
     /tmp/cco2B5hd.s:651    .text.CAN_OperatingModeRequest:0000000000000038 .L104
     /tmp/cco2B5hd.s:640    .text.CAN_OperatingModeRequest:0000000000000024 .L114
GAS LISTING /tmp/cco2B5hd.s 			page 21


     /tmp/cco2B5hd.s:642    .text.CAN_OperatingModeRequest:0000000000000028 .L101
     /tmp/cco2B5hd.s:677    .text.CAN_OperatingModeRequest:000000000000006a .L105
     /tmp/cco2B5hd.s:671    .text.CAN_OperatingModeRequest:000000000000005e .L106
     /tmp/cco2B5hd.s:713    .text.CAN_WakeUp:0000000000000012 .L117
     /tmp/cco2B5hd.s:707    .text.CAN_WakeUp:0000000000000008 .L118
     /tmp/cco2B5hd.s:758    .text.CAN_ITConfig:000000000000000a .L127
     /tmp/cco2B5hd.s:779    .text.CAN_GetFlagStatus:0000000000000014 .L130
     /tmp/cco2B5hd.s:785    .text.CAN_GetFlagStatus:0000000000000020 .L132
     /tmp/cco2B5hd.s:773    .text.CAN_GetFlagStatus:000000000000000a .L137
     /tmp/cco2B5hd.s:791    .text.CAN_GetFlagStatus:000000000000002c .L133
     /tmp/cco2B5hd.s:802    .text.CAN_GetFlagStatus:0000000000000042 .L134
     /tmp/cco2B5hd.s:776    .text.CAN_GetFlagStatus:000000000000000e .L135
     /tmp/cco2B5hd.s:798    .text.CAN_GetFlagStatus:000000000000003c .L136
     /tmp/cco2B5hd.s:816    .text.CAN_ClearFlag:0000000000000012 .L139
     /tmp/cco2B5hd.s:824    .text.CAN_ClearFlag:0000000000000024 .L141
     /tmp/cco2B5hd.s:830    .text.CAN_ClearFlag:0000000000000030 .L142
     /tmp/cco2B5hd.s:836    .text.CAN_ClearFlag:000000000000003c .L143
     /tmp/cco2B5hd.s:912    .text.CAN_GetITStatus:00000000000000a4 .L144
     /tmp/cco2B5hd.s:928    .text.CAN_GetITStatus:00000000000000b8 .L146
     /tmp/cco2B5hd.s:873    .text.CAN_GetITStatus:0000000000000050 .L147
     /tmp/cco2B5hd.s:914    .text.CAN_GetITStatus:00000000000000a6 .L148
     /tmp/cco2B5hd.s:864    .text.CAN_GetITStatus:0000000000000036 .L149
     /tmp/cco2B5hd.s:901    .text.CAN_GetITStatus:0000000000000098 .L150
     /tmp/cco2B5hd.s:906    .text.CAN_GetITStatus:000000000000009e .L151
     /tmp/cco2B5hd.s:893    .text.CAN_GetITStatus:0000000000000088 .L152
     /tmp/cco2B5hd.s:919    .text.CAN_GetITStatus:00000000000000ac .L153
     /tmp/cco2B5hd.s:922    .text.CAN_GetITStatus:00000000000000b0 .L154
     /tmp/cco2B5hd.s:861    .text.CAN_GetITStatus:0000000000000032 .L171
     /tmp/cco2B5hd.s:903    .text.CAN_GetITStatus:000000000000009a .L172
     /tmp/cco2B5hd.s:940    .text.CAN_GetITStatus:00000000000000ca .L156
     /tmp/cco2B5hd.s:886    .text.CAN_GetITStatus:0000000000000076 .L157
     /tmp/cco2B5hd.s:931    .text.CAN_GetITStatus:00000000000000bc .L158
     /tmp/cco2B5hd.s:936    .text.CAN_GetITStatus:00000000000000c2 .L159
     /tmp/cco2B5hd.s:910    .text.CAN_GetITStatus:00000000000000a2 .L169
     /tmp/cco2B5hd.s:925    .text.CAN_GetITStatus:00000000000000b4 .L161
     /tmp/cco2B5hd.s:916    .text.CAN_GetITStatus:00000000000000a8 .L173
     /tmp/cco2B5hd.s:898    .text.CAN_GetITStatus:0000000000000092 .L170
     /tmp/cco2B5hd.s:908    .text.CAN_GetITStatus:00000000000000a0 .L174
     /tmp/cco2B5hd.s:933    .text.CAN_GetITStatus:00000000000000be .L168
     /tmp/cco2B5hd.s:1014   .text.CAN_ClearITPendingBit:0000000000000094 .L193
     /tmp/cco2B5hd.s:968    .text.CAN_ClearITPendingBit:000000000000003e .L177
     /tmp/cco2B5hd.s:996    .text.CAN_ClearITPendingBit:000000000000007c .L178
     /tmp/cco2B5hd.s:962    .text.CAN_ClearITPendingBit:000000000000002c .L179
     /tmp/cco2B5hd.s:988    .text.CAN_ClearITPendingBit:0000000000000072 .L180
     /tmp/cco2B5hd.s:993    .text.CAN_ClearITPendingBit:0000000000000078 .L181
     /tmp/cco2B5hd.s:983    .text.CAN_ClearITPendingBit:0000000000000068 .L182
     /tmp/cco2B5hd.s:1001   .text.CAN_ClearITPendingBit:0000000000000082 .L184
     /tmp/cco2B5hd.s:1012   .text.CAN_ClearITPendingBit:0000000000000090 .L186
     /tmp/cco2B5hd.s:977    .text.CAN_ClearITPendingBit:0000000000000058 .L187
     /tmp/cco2B5hd.s:1004   .text.CAN_ClearITPendingBit:0000000000000086 .L190
     /tmp/cco2B5hd.s:1009   .text.CAN_ClearITPendingBit:000000000000008c .L191
     /tmp/cco2B5hd.s:990    .text.CAN_ClearITPendingBit:0000000000000074 .L192
     /tmp/cco2B5hd.s:998    .text.CAN_ClearITPendingBit:000000000000007e .L195
     /tmp/cco2B5hd.s:1006   .text.CAN_ClearITPendingBit:0000000000000088 .L194

UNDEFINED SYMBOLS
__riscv_save_0
GAS LISTING /tmp/cco2B5hd.s 			page 22


RCC_APB1PeriphResetCmd
__riscv_restore_0
