GAS LISTING /tmp/ccw22o1f.s 			page 1


   1              		.file	"ch32v20x_spi.c"
   2              		.option nopic
   3              		.attribute arch, "rv32i2p0_m2p0_a2p0_c2p0_xw"
   4              		.attribute unaligned_access, 0
   5              		.attribute stack_align, 16
   6              		.text
   7              		.section	.text.SPI_I2S_DeInit,"ax",@progbits
   8              		.align	1
   9              		.globl	SPI_I2S_DeInit
  11              	SPI_I2S_DeInit:
  12 0000 17030000 		call	t0,__riscv_save_0
  12      E7020300 
  13 0008 B7370140 		li	a5,1073819648
  14 000c 6312F502 		bne	a0,a5,.L2
  15 0010 8545     		li	a1,1
  16 0012 0565     		li	a0,4096
  17 0014 97000000 		call	RCC_APB2PeriphResetCmd
  17      E7800000 
  18 001c 8145     		li	a1,0
  19 001e 0565     		li	a0,4096
  20 0020 97000000 		call	RCC_APB2PeriphResetCmd
  20      E7800000 
  21              	.L1:
  22 0028 17030000 		tail	__riscv_restore_0
  22      67000300 
  23              	.L2:
  24 0030 B7470040 		li	a5,1073758208
  25 0034 93870780 		addi	a5,a5,-2048
  26 0038 E318F5FE 		bne	a0,a5,.L1
  27 003c 8545     		li	a1,1
  28 003e 1165     		li	a0,16384
  29 0040 97000000 		call	RCC_APB1PeriphResetCmd
  29      E7800000 
  30 0048 8145     		li	a1,0
  31 004a 1165     		li	a0,16384
  32 004c 97000000 		call	RCC_APB1PeriphResetCmd
  32      E7800000 
  33 0054 D1BF     		j	.L1
  35              		.section	.text.SPI_Init,"ax",@progbits
  36              		.align	1
  37              		.globl	SPI_Init
  39              	SPI_Init:
  40 0000 1E21     		lhu	a5,0(a0)
  41 0002 0D67     		li	a4,12288
  42 0004 13070704 		addi	a4,a4,64
  43 0008 B621     		lhu	a3,2(a1)
  44 000a 7D8F     		and	a4,a5,a4
  45 000c 9E21     		lhu	a5,0(a1)
  46 000e D58F     		or	a5,a5,a3
  47 0010 D621     		lhu	a3,4(a1)
  48 0012 D58F     		or	a5,a5,a3
  49 0014 F621     		lhu	a3,6(a1)
  50 0016 D58F     		or	a5,a5,a3
  51 0018 9625     		lhu	a3,8(a1)
  52 001a D58F     		or	a5,a5,a3
  53 001c B625     		lhu	a3,10(a1)
  54 001e D58F     		or	a5,a5,a3
GAS LISTING /tmp/ccw22o1f.s 			page 2


  55 0020 D625     		lhu	a3,12(a1)
  56 0022 D58F     		or	a5,a5,a3
  57 0024 F625     		lhu	a3,14(a1)
  58 0026 D58F     		or	a5,a5,a3
  59 0028 D98F     		or	a5,a4,a5
  60 002a 1EA1     		sh	a5,0(a0)
  61 002c 5E2D     		lhu	a5,28(a0)
  62 002e 7D77     		li	a4,-4096
  63 0030 1307F77F 		addi	a4,a4,2047
  64 0034 F98F     		and	a5,a5,a4
  65 0036 5EAD     		sh	a5,28(a0)
  66 0038 9E29     		lhu	a5,16(a1)
  67 003a 1EA9     		sh	a5,16(a0)
  68 003c 8280     		ret
  70              		.section	.text.I2S_Init,"ax",@progbits
  71              		.align	1
  72              		.globl	I2S_Init
  74              	I2S_Init:
  75 0000 17030000 		call	t0,__riscv_save_4
  75      E7020300 
  76 0008 5E2D     		lhu	a5,28(a0)
  77 000a 7D77     		li	a4,-4096
  78 000c 13070704 		addi	a4,a4,64
  79 0010 F98F     		and	a5,a5,a4
  80 0012 5EAD     		sh	a5,28(a0)
  81 0014 8947     		li	a5,2
  82 0016 1EB1     		sh	a5,32(a0)
  83 0018 422D     		lhu	s0,28(a0)
  84 001a 9845     		lw	a4,8(a1)
  85 001c 83D94500 		lhu	s3,4(a1)
  86 0020 4204     		slli	s0,s0,16
  87 0022 0111     		addi	sp,sp,-32
  88 0024 2A89     		mv	s2,a0
  89 0026 AE84     		mv	s1,a1
  90 0028 4180     		srli	s0,s0,16
  91 002a 630CF704 		beq	a4,a5,.L7
  92 002e 6800     		addi	a0,sp,12
  93 0030 97000000 		call	RCC_GetClocksFreq
  93      E7800000 
  94 0038 F220     		lhu	a2,6(s1)
  95 003a B3393001 		snez	s3,s3
  96 003e 93070020 		li	a5,512
  97 0042 3247     		lw	a4,12(sp)
  98 0044 9444     		lw	a3,8(s1)
  99 0046 8509     		addi	s3,s3,1
 100 0048 6319F606 		bne	a2,a5,.L9
 101 004c 93578700 		srli	a5,a4,8
 102              	.L14:
 103 0050 2947     		li	a4,10
 104 0052 B387E702 		mul	a5,a5,a4
 105 0056 2947     		li	a4,10
 106 0058 1306D00F 		li	a2,253
 107 005c B3D7D702 		divu	a5,a5,a3
 108 0060 9507     		addi	a5,a5,5
 109 0062 C207     		slli	a5,a5,16
 110 0064 C183     		srli	a5,a5,16
 111 0066 B3D7E702 		divu	a5,a5,a4
GAS LISTING /tmp/ccw22o1f.s 			page 3


 112 006a 13F71700 		andi	a4,a5,1
 113 006e 8583     		srli	a5,a5,1
 114 0070 C207     		slli	a5,a5,16
 115 0072 C183     		srli	a5,a5,16
 116 0074 9386E7FF 		addi	a3,a5,-2
 117 0078 C206     		slli	a3,a3,16
 118 007a C182     		srli	a3,a3,16
 119 007c 2207     		slli	a4,a4,8
 120 007e 6374D600 		bleu	a3,a2,.L11
 121              	.L7:
 122 0082 0147     		li	a4,0
 123 0084 8947     		li	a5,2
 124              	.L11:
 125 0086 D98F     		or	a5,a5,a4
 126 0088 FA20     		lhu	a4,6(s1)
 127 008a D98F     		or	a5,a4,a5
 128 008c 2310F902 		sh	a5,32(s2)
 129 0090 BA20     		lhu	a4,2(s1)
 130 0092 9E20     		lhu	a5,0(s1)
 131 0094 D98F     		or	a5,a5,a4
 132 0096 DA20     		lhu	a4,4(s1)
 133 0098 C18F     		or	a5,s0,a5
 134 009a D98F     		or	a5,a5,a4
 135 009c DA24     		lhu	a4,12(s1)
 136 009e D98F     		or	a5,a5,a4
 137 00a0 0567     		li	a4,4096
 138 00a2 13070780 		addi	a4,a4,-2048
 139 00a6 D98F     		or	a5,a5,a4
 140 00a8 C207     		slli	a5,a5,16
 141 00aa C183     		srli	a5,a5,16
 142 00ac 231EF900 		sh	a5,28(s2)
 143 00b0 0561     		addi	sp,sp,32
 144 00b2 17030000 		tail	__riscv_restore_4
 144      67000300 
 145              	.L9:
 146 00ba 9609     		slli	s3,s3,5
 147 00bc B3573703 		divu	a5,a4,s3
 148 00c0 41BF     		j	.L14
 150              		.section	.text.SPI_StructInit,"ax",@progbits
 151              		.align	1
 152              		.globl	SPI_StructInit
 154              	SPI_StructInit:
 155 0000 9D47     		li	a5,7
 156 0002 23100500 		sh	zero,0(a0)
 157 0006 23110500 		sh	zero,2(a0)
 158 000a 23120500 		sh	zero,4(a0)
 159 000e 23130500 		sh	zero,6(a0)
 160 0012 23140500 		sh	zero,8(a0)
 161 0016 23160500 		sh	zero,12(a0)
 162 001a 23170500 		sh	zero,14(a0)
 163 001e 1EA9     		sh	a5,16(a0)
 164 0020 8280     		ret
 166              		.section	.text.I2S_StructInit,"ax",@progbits
 167              		.align	1
 168              		.globl	I2S_StructInit
 170              	I2S_StructInit:
 171 0000 8947     		li	a5,2
GAS LISTING /tmp/ccw22o1f.s 			page 4


 172 0002 23200500 		sw	zero,0(a0)
 173 0006 23220500 		sw	zero,4(a0)
 174 000a 1CC5     		sw	a5,8(a0)
 175 000c 23160500 		sh	zero,12(a0)
 176 0010 8280     		ret
 178              		.section	.text.SPI_Cmd,"ax",@progbits
 179              		.align	1
 180              		.globl	SPI_Cmd
 182              	SPI_Cmd:
 183 0000 1E21     		lhu	a5,0(a0)
 184 0002 89C5     		beq	a1,zero,.L18
 185 0004 93E70704 		ori	a5,a5,64
 186              	.L20:
 187 0008 1EA1     		sh	a5,0(a0)
 188 000a 8280     		ret
 189              	.L18:
 190 000c C207     		slli	a5,a5,16
 191 000e C183     		srli	a5,a5,16
 192 0010 93F7F7FB 		andi	a5,a5,-65
 193 0014 C207     		slli	a5,a5,16
 194 0016 C183     		srli	a5,a5,16
 195 0018 C5BF     		j	.L20
 197              		.section	.text.I2S_Cmd,"ax",@progbits
 198              		.align	1
 199              		.globl	I2S_Cmd
 201              	I2S_Cmd:
 202 0000 5E2D     		lhu	a5,28(a0)
 203 0002 89C5     		beq	a1,zero,.L22
 204 0004 93E70740 		ori	a5,a5,1024
 205              	.L24:
 206 0008 5EAD     		sh	a5,28(a0)
 207 000a 8280     		ret
 208              	.L22:
 209 000c C207     		slli	a5,a5,16
 210 000e C183     		srli	a5,a5,16
 211 0010 93F7F7BF 		andi	a5,a5,-1025
 212 0014 C207     		slli	a5,a5,16
 213 0016 C183     		srli	a5,a5,16
 214 0018 C5BF     		j	.L24
 216              		.section	.text.SPI_I2S_ITConfig,"ax",@progbits
 217              		.align	1
 218              		.globl	SPI_I2S_ITConfig
 220              	SPI_I2S_ITConfig:
 221 0000 9181     		srli	a1,a1,4
 222 0002 8547     		li	a5,1
 223 0004 B397B700 		sll	a5,a5,a1
 224 0008 5A21     		lhu	a4,4(a0)
 225 000a C207     		slli	a5,a5,16
 226 000c C183     		srli	a5,a5,16
 227 000e 01C6     		beq	a2,zero,.L26
 228 0010 D98F     		or	a5,a4,a5
 229              	.L28:
 230 0012 5EA1     		sh	a5,4(a0)
 231 0014 8280     		ret
 232              	.L26:
 233 0016 93C7F7FF 		not	a5,a5
 234 001a F98F     		and	a5,a4,a5
GAS LISTING /tmp/ccw22o1f.s 			page 5


 235 001c DDBF     		j	.L28
 237              		.section	.text.SPI_I2S_DMACmd,"ax",@progbits
 238              		.align	1
 239              		.globl	SPI_I2S_DMACmd
 241              	SPI_I2S_DMACmd:
 242 0000 5E21     		lhu	a5,4(a0)
 243 0002 01C6     		beq	a2,zero,.L30
 244 0004 CD8F     		or	a5,a5,a1
 245              	.L32:
 246 0006 5EA1     		sh	a5,4(a0)
 247 0008 8280     		ret
 248              	.L30:
 249 000a 93C5F5FF 		not	a1,a1
 250 000e ED8F     		and	a5,a5,a1
 251 0010 DDBF     		j	.L32
 253              		.section	.text.SPI_I2S_SendData,"ax",@progbits
 254              		.align	1
 255              		.globl	SPI_I2S_SendData
 257              	SPI_I2S_SendData:
 258 0000 4EA5     		sh	a1,12(a0)
 259 0002 8280     		ret
 261              		.section	.text.SPI_I2S_ReceiveData,"ax",@progbits
 262              		.align	1
 263              		.globl	SPI_I2S_ReceiveData
 265              	SPI_I2S_ReceiveData:
 266 0000 4A25     		lhu	a0,12(a0)
 267 0002 8280     		ret
 269              		.section	.text.SPI_NSSInternalSoftwareConfig,"ax",@progbits
 270              		.align	1
 271              		.globl	SPI_NSSInternalSoftwareConfig
 273              	SPI_NSSInternalSoftwareConfig:
 274 0000 C167     		li	a5,65536
 275 0002 9387F7EF 		addi	a5,a5,-257
 276 0006 6387F500 		beq	a1,a5,.L36
 277 000a 1E21     		lhu	a5,0(a0)
 278 000c 93E70710 		ori	a5,a5,256
 279              	.L38:
 280 0010 1EA1     		sh	a5,0(a0)
 281 0012 8280     		ret
 282              	.L36:
 283 0014 1E21     		lhu	a5,0(a0)
 284 0016 C207     		slli	a5,a5,16
 285 0018 C183     		srli	a5,a5,16
 286 001a 93F7F7EF 		andi	a5,a5,-257
 287 001e C207     		slli	a5,a5,16
 288 0020 C183     		srli	a5,a5,16
 289 0022 FDB7     		j	.L38
 291              		.section	.text.SPI_SSOutputCmd,"ax",@progbits
 292              		.align	1
 293              		.globl	SPI_SSOutputCmd
 295              	SPI_SSOutputCmd:
 296 0000 5E21     		lhu	a5,4(a0)
 297 0002 89C5     		beq	a1,zero,.L40
 298 0004 93E74700 		ori	a5,a5,4
 299              	.L42:
 300 0008 5EA1     		sh	a5,4(a0)
 301 000a 8280     		ret
GAS LISTING /tmp/ccw22o1f.s 			page 6


 302              	.L40:
 303 000c C207     		slli	a5,a5,16
 304 000e C183     		srli	a5,a5,16
 305 0010 ED9B     		andi	a5,a5,-5
 306 0012 C207     		slli	a5,a5,16
 307 0014 C183     		srli	a5,a5,16
 308 0016 CDBF     		j	.L42
 310              		.section	.text.SPI_DataSizeConfig,"ax",@progbits
 311              		.align	1
 312              		.globl	SPI_DataSizeConfig
 314              	SPI_DataSizeConfig:
 315 0000 1E21     		lhu	a5,0(a0)
 316 0002 7D77     		li	a4,-4096
 317 0004 1307F77F 		addi	a4,a4,2047
 318 0008 F98F     		and	a5,a5,a4
 319 000a 1EA1     		sh	a5,0(a0)
 320 000c 1E21     		lhu	a5,0(a0)
 321 000e CD8F     		or	a5,a5,a1
 322 0010 1EA1     		sh	a5,0(a0)
 323 0012 8280     		ret
 325              		.section	.text.SPI_TransmitCRC,"ax",@progbits
 326              		.align	1
 327              		.globl	SPI_TransmitCRC
 329              	SPI_TransmitCRC:
 330 0000 1E21     		lhu	a5,0(a0)
 331 0002 0567     		li	a4,4096
 332 0004 D98F     		or	a5,a5,a4
 333 0006 1EA1     		sh	a5,0(a0)
 334 0008 8280     		ret
 336              		.section	.text.SPI_CalculateCRC,"ax",@progbits
 337              		.align	1
 338              		.globl	SPI_CalculateCRC
 340              	SPI_CalculateCRC:
 341 0000 1E21     		lhu	a5,0(a0)
 342 0002 89C5     		beq	a1,zero,.L46
 343 0004 0967     		li	a4,8192
 344 0006 D98F     		or	a5,a5,a4
 345              	.L48:
 346 0008 1EA1     		sh	a5,0(a0)
 347 000a 8280     		ret
 348              	.L46:
 349 000c 7977     		li	a4,-8192
 350 000e 7D17     		addi	a4,a4,-1
 351 0010 F98F     		and	a5,a5,a4
 352 0012 DDBF     		j	.L48
 354              		.section	.text.SPI_GetCRC,"ax",@progbits
 355              		.align	1
 356              		.globl	SPI_GetCRC
 358              	SPI_GetCRC:
 359 0000 8547     		li	a5,1
 360 0002 6386F500 		beq	a1,a5,.L50
 361 0006 0A2D     		lhu	a0,24(a0)
 362              	.L52:
 363 0008 4205     		slli	a0,a0,16
 364 000a 4181     		srli	a0,a0,16
 365 000c 8280     		ret
 366              	.L50:
GAS LISTING /tmp/ccw22o1f.s 			page 7


 367 000e 4A29     		lhu	a0,20(a0)
 368 0010 E5BF     		j	.L52
 370              		.section	.text.SPI_GetCRCPolynomial,"ax",@progbits
 371              		.align	1
 372              		.globl	SPI_GetCRCPolynomial
 374              	SPI_GetCRCPolynomial:
 375 0000 0A29     		lhu	a0,16(a0)
 376 0002 8280     		ret
 378              		.section	.text.SPI_BiDirectionalLineConfig,"ax",@progbits
 379              		.align	1
 380              		.globl	SPI_BiDirectionalLineConfig
 382              	SPI_BiDirectionalLineConfig:
 383 0000 9167     		li	a5,16384
 384 0002 6397F500 		bne	a1,a5,.L55
 385 0006 1E21     		lhu	a5,0(a0)
 386 0008 1167     		li	a4,16384
 387 000a D98F     		or	a5,a5,a4
 388              	.L57:
 389 000c 1EA1     		sh	a5,0(a0)
 390 000e 8280     		ret
 391              	.L55:
 392 0010 1E21     		lhu	a5,0(a0)
 393 0012 7177     		li	a4,-16384
 394 0014 7D17     		addi	a4,a4,-1
 395 0016 F98F     		and	a5,a5,a4
 396 0018 D5BF     		j	.L57
 398              		.section	.text.SPI_I2S_GetFlagStatus,"ax",@progbits
 399              		.align	1
 400              		.globl	SPI_I2S_GetFlagStatus
 402              	SPI_I2S_GetFlagStatus:
 403 0000 0A25     		lhu	a0,8(a0)
 404 0002 6D8D     		and	a0,a0,a1
 405 0004 3335A000 		snez	a0,a0
 406 0008 8280     		ret
 408              		.section	.text.SPI_I2S_ClearFlag,"ax",@progbits
 409              		.align	1
 410              		.globl	SPI_I2S_ClearFlag
 412              	SPI_I2S_ClearFlag:
 413 0000 93C5F5FF 		not	a1,a1
 414 0004 C205     		slli	a1,a1,16
 415 0006 C181     		srli	a1,a1,16
 416 0008 0EA5     		sh	a1,8(a0)
 417 000a 8280     		ret
 419              		.section	.text.SPI_I2S_GetITStatus,"ax",@progbits
 420              		.align	1
 421              		.globl	SPI_I2S_GetITStatus
 423              	SPI_I2S_GetITStatus:
 424 0000 5E21     		lhu	a5,4(a0)
 425 0002 1625     		lhu	a3,8(a0)
 426 0004 13F6F500 		andi	a2,a1,15
 427 0008 0547     		li	a4,1
 428 000a 3316C700 		sll	a2,a4,a2
 429 000e C207     		slli	a5,a5,16
 430 0010 F18E     		and	a3,a3,a2
 431 0012 C183     		srli	a5,a5,16
 432 0014 89CA     		beq	a3,zero,.L62
 433 0016 9181     		srli	a1,a1,4
GAS LISTING /tmp/ccw22o1f.s 			page 8


 434 0018 3317B700 		sll	a4,a4,a1
 435 001c 33F5E700 		and	a0,a5,a4
 436 0020 3335A000 		snez	a0,a0
 437 0024 8280     		ret
 438              	.L62:
 439 0026 0145     		li	a0,0
 440 0028 8280     		ret
 442              		.section	.text.SPI_I2S_ClearITPendingBit,"ax",@progbits
 443              		.align	1
 444              		.globl	SPI_I2S_ClearITPendingBit
 446              	SPI_I2S_ClearITPendingBit:
 447 0000 BD89     		andi	a1,a1,15
 448 0002 8547     		li	a5,1
 449 0004 B397B700 		sll	a5,a5,a1
 450 0008 93C7F7FF 		not	a5,a5
 451 000c C207     		slli	a5,a5,16
 452 000e C183     		srli	a5,a5,16
 453 0010 1EA5     		sh	a5,8(a0)
 454 0012 8280     		ret
 456              		.ident	"GCC: (xPack GNU RISC-V Embedded GCC x86_64) 12.2.0"
GAS LISTING /tmp/ccw22o1f.s 			page 9


DEFINED SYMBOLS
                            *ABS*:0000000000000000 ch32v20x_spi.c
     /tmp/ccw22o1f.s:11     .text.SPI_I2S_DeInit:0000000000000000 SPI_I2S_DeInit
     /tmp/ccw22o1f.s:12     .text.SPI_I2S_DeInit:0000000000000000 $x
     /tmp/ccw22o1f.s:39     .text.SPI_Init:0000000000000000 SPI_Init
     /tmp/ccw22o1f.s:40     .text.SPI_Init:0000000000000000 $x
     /tmp/ccw22o1f.s:74     .text.I2S_Init:0000000000000000 I2S_Init
     /tmp/ccw22o1f.s:75     .text.I2S_Init:0000000000000000 $x
     /tmp/ccw22o1f.s:154    .text.SPI_StructInit:0000000000000000 SPI_StructInit
     /tmp/ccw22o1f.s:155    .text.SPI_StructInit:0000000000000000 $x
     /tmp/ccw22o1f.s:170    .text.I2S_StructInit:0000000000000000 I2S_StructInit
     /tmp/ccw22o1f.s:171    .text.I2S_StructInit:0000000000000000 $x
     /tmp/ccw22o1f.s:182    .text.SPI_Cmd:0000000000000000 SPI_Cmd
     /tmp/ccw22o1f.s:183    .text.SPI_Cmd:0000000000000000 $x
     /tmp/ccw22o1f.s:201    .text.I2S_Cmd:0000000000000000 I2S_Cmd
     /tmp/ccw22o1f.s:202    .text.I2S_Cmd:0000000000000000 $x
     /tmp/ccw22o1f.s:220    .text.SPI_I2S_ITConfig:0000000000000000 SPI_I2S_ITConfig
     /tmp/ccw22o1f.s:221    .text.SPI_I2S_ITConfig:0000000000000000 $x
     /tmp/ccw22o1f.s:241    .text.SPI_I2S_DMACmd:0000000000000000 SPI_I2S_DMACmd
     /tmp/ccw22o1f.s:242    .text.SPI_I2S_DMACmd:0000000000000000 $x
     /tmp/ccw22o1f.s:257    .text.SPI_I2S_SendData:0000000000000000 SPI_I2S_SendData
     /tmp/ccw22o1f.s:258    .text.SPI_I2S_SendData:0000000000000000 $x
     /tmp/ccw22o1f.s:265    .text.SPI_I2S_ReceiveData:0000000000000000 SPI_I2S_ReceiveData
     /tmp/ccw22o1f.s:266    .text.SPI_I2S_ReceiveData:0000000000000000 $x
     /tmp/ccw22o1f.s:273    .text.SPI_NSSInternalSoftwareConfig:0000000000000000 SPI_NSSInternalSoftwareConfig
     /tmp/ccw22o1f.s:274    .text.SPI_NSSInternalSoftwareConfig:0000000000000000 $x
     /tmp/ccw22o1f.s:295    .text.SPI_SSOutputCmd:0000000000000000 SPI_SSOutputCmd
     /tmp/ccw22o1f.s:296    .text.SPI_SSOutputCmd:0000000000000000 $x
     /tmp/ccw22o1f.s:314    .text.SPI_DataSizeConfig:0000000000000000 SPI_DataSizeConfig
     /tmp/ccw22o1f.s:315    .text.SPI_DataSizeConfig:0000000000000000 $x
     /tmp/ccw22o1f.s:329    .text.SPI_TransmitCRC:0000000000000000 SPI_TransmitCRC
     /tmp/ccw22o1f.s:330    .text.SPI_TransmitCRC:0000000000000000 $x
     /tmp/ccw22o1f.s:340    .text.SPI_CalculateCRC:0000000000000000 SPI_CalculateCRC
     /tmp/ccw22o1f.s:341    .text.SPI_CalculateCRC:0000000000000000 $x
     /tmp/ccw22o1f.s:358    .text.SPI_GetCRC:0000000000000000 SPI_GetCRC
     /tmp/ccw22o1f.s:359    .text.SPI_GetCRC:0000000000000000 $x
     /tmp/ccw22o1f.s:374    .text.SPI_GetCRCPolynomial:0000000000000000 SPI_GetCRCPolynomial
     /tmp/ccw22o1f.s:375    .text.SPI_GetCRCPolynomial:0000000000000000 $x
     /tmp/ccw22o1f.s:382    .text.SPI_BiDirectionalLineConfig:0000000000000000 SPI_BiDirectionalLineConfig
     /tmp/ccw22o1f.s:383    .text.SPI_BiDirectionalLineConfig:0000000000000000 $x
     /tmp/ccw22o1f.s:402    .text.SPI_I2S_GetFlagStatus:0000000000000000 SPI_I2S_GetFlagStatus
     /tmp/ccw22o1f.s:403    .text.SPI_I2S_GetFlagStatus:0000000000000000 $x
     /tmp/ccw22o1f.s:412    .text.SPI_I2S_ClearFlag:0000000000000000 SPI_I2S_ClearFlag
     /tmp/ccw22o1f.s:413    .text.SPI_I2S_ClearFlag:0000000000000000 $x
     /tmp/ccw22o1f.s:423    .text.SPI_I2S_GetITStatus:0000000000000000 SPI_I2S_GetITStatus
     /tmp/ccw22o1f.s:424    .text.SPI_I2S_GetITStatus:0000000000000000 $x
     /tmp/ccw22o1f.s:446    .text.SPI_I2S_ClearITPendingBit:0000000000000000 SPI_I2S_ClearITPendingBit
     /tmp/ccw22o1f.s:447    .text.SPI_I2S_ClearITPendingBit:0000000000000000 $x
     /tmp/ccw22o1f.s:23     .text.SPI_I2S_DeInit:0000000000000030 .L2
     /tmp/ccw22o1f.s:21     .text.SPI_I2S_DeInit:0000000000000028 .L1
     /tmp/ccw22o1f.s:121    .text.I2S_Init:0000000000000082 .L7
     /tmp/ccw22o1f.s:145    .text.I2S_Init:00000000000000ba .L9
     /tmp/ccw22o1f.s:124    .text.I2S_Init:0000000000000086 .L11
     /tmp/ccw22o1f.s:102    .text.I2S_Init:0000000000000050 .L14
     /tmp/ccw22o1f.s:189    .text.SPI_Cmd:000000000000000c .L18
     /tmp/ccw22o1f.s:186    .text.SPI_Cmd:0000000000000008 .L20
     /tmp/ccw22o1f.s:208    .text.I2S_Cmd:000000000000000c .L22
GAS LISTING /tmp/ccw22o1f.s 			page 10


     /tmp/ccw22o1f.s:205    .text.I2S_Cmd:0000000000000008 .L24
     /tmp/ccw22o1f.s:232    .text.SPI_I2S_ITConfig:0000000000000016 .L26
     /tmp/ccw22o1f.s:229    .text.SPI_I2S_ITConfig:0000000000000012 .L28
     /tmp/ccw22o1f.s:248    .text.SPI_I2S_DMACmd:000000000000000a .L30
     /tmp/ccw22o1f.s:245    .text.SPI_I2S_DMACmd:0000000000000006 .L32
     /tmp/ccw22o1f.s:282    .text.SPI_NSSInternalSoftwareConfig:0000000000000014 .L36
     /tmp/ccw22o1f.s:279    .text.SPI_NSSInternalSoftwareConfig:0000000000000010 .L38
     /tmp/ccw22o1f.s:302    .text.SPI_SSOutputCmd:000000000000000c .L40
     /tmp/ccw22o1f.s:299    .text.SPI_SSOutputCmd:0000000000000008 .L42
     /tmp/ccw22o1f.s:348    .text.SPI_CalculateCRC:000000000000000c .L46
     /tmp/ccw22o1f.s:345    .text.SPI_CalculateCRC:0000000000000008 .L48
     /tmp/ccw22o1f.s:366    .text.SPI_GetCRC:000000000000000e .L50
     /tmp/ccw22o1f.s:362    .text.SPI_GetCRC:0000000000000008 .L52
     /tmp/ccw22o1f.s:391    .text.SPI_BiDirectionalLineConfig:0000000000000010 .L55
     /tmp/ccw22o1f.s:388    .text.SPI_BiDirectionalLineConfig:000000000000000c .L57
     /tmp/ccw22o1f.s:438    .text.SPI_I2S_GetITStatus:0000000000000026 .L62

UNDEFINED SYMBOLS
__riscv_save_0
RCC_APB2PeriphResetCmd
__riscv_restore_0
RCC_APB1PeriphResetCmd
__riscv_save_4
RCC_GetClocksFreq
__riscv_restore_4
