GAS LISTING /tmp/ccJ73hdY.s 			page 1


   1              		.file	"ch32v20x_wwdg.c"
   2              		.option nopic
   3              		.attribute arch, "rv32i2p0_m2p0_a2p0_c2p0_xw"
   4              		.attribute unaligned_access, 0
   5              		.attribute stack_align, 16
   6              		.text
   7              		.section	.text.WWDG_DeInit,"ax",@progbits
   8              		.align	1
   9              		.globl	WWDG_DeInit
  11              	WWDG_DeInit:
  12 0000 17030000 		call	t0,__riscv_save_1
  12      E7020300 
  13 0008 0564     		li	s0,4096
  14 000a 13050480 		addi	a0,s0,-2048
  15 000e 8545     		li	a1,1
  16 0010 97000000 		call	RCC_APB1PeriphResetCmd
  16      E7800000 
  17 0018 8145     		li	a1,0
  18 001a 13050480 		addi	a0,s0,-2048
  19 001e 97000000 		call	RCC_APB1PeriphResetCmd
  19      E7800000 
  20 0026 17030000 		tail	__riscv_restore_1
  20      67000300 
  22              		.section	.text.WWDG_SetPrescaler,"ax",@progbits
  23              		.align	1
  24              		.globl	WWDG_SetPrescaler
  26              	WWDG_SetPrescaler:
  27 0000 37370040 		li	a4,1073754112
  28 0004 130707C0 		addi	a4,a4,-1024
  29 0008 5C43     		lw	a5,4(a4)
  30 000a 93F7F7E7 		andi	a5,a5,-385
  31 000e C98F     		or	a5,a5,a0
  32 0010 5CC3     		sw	a5,4(a4)
  33 0012 8280     		ret
  35              		.section	.text.WWDG_SetWindowValue,"ax",@progbits
  36              		.align	1
  37              		.globl	WWDG_SetWindowValue
  39              	WWDG_SetWindowValue:
  40 0000 4111     		addi	sp,sp,-16
  41 0002 B7370040 		li	a5,1073754112
  42 0006 02C6     		sw	zero,12(sp)
  43 0008 938707C0 		addi	a5,a5,-1024
  44 000c D843     		lw	a4,4(a5)
  45 000e 1375F507 		andi	a0,a0,127
  46 0012 137707F8 		andi	a4,a4,-128
  47 0016 3AC6     		sw	a4,12(sp)
  48 0018 3247     		lw	a4,12(sp)
  49 001a 598D     		or	a0,a0,a4
  50 001c 2AC6     		sw	a0,12(sp)
  51 001e 3247     		lw	a4,12(sp)
  52 0020 D8C3     		sw	a4,4(a5)
  53 0022 4101     		addi	sp,sp,16
  54 0024 8280     		jr	ra
  56              		.section	.text.WWDG_EnableIT,"ax",@progbits
  57              		.align	1
  58              		.globl	WWDG_EnableIT
  60              	WWDG_EnableIT:
GAS LISTING /tmp/ccJ73hdY.s 			page 2


  61 0000 B7370040 		li	a5,1073754112
  62 0004 938707C0 		addi	a5,a5,-1024
  63 0008 D843     		lw	a4,4(a5)
  64 000a 13670720 		ori	a4,a4,512
  65 000e D8C3     		sw	a4,4(a5)
  66 0010 8280     		ret
  68              		.section	.text.WWDG_SetCounter,"ax",@progbits
  69              		.align	1
  70              		.globl	WWDG_SetCounter
  72              	WWDG_SetCounter:
  73 0000 1375F507 		andi	a0,a0,127
  74 0004 B7370040 		li	a5,1073754112
  75 0008 23A0A7C0 		sw	a0,-1024(a5)
  76 000c 8280     		ret
  78              		.section	.text.WWDG_Enable,"ax",@progbits
  79              		.align	1
  80              		.globl	WWDG_Enable
  82              	WWDG_Enable:
  83 0000 13650508 		ori	a0,a0,128
  84 0004 B7370040 		li	a5,1073754112
  85 0008 23A0A7C0 		sw	a0,-1024(a5)
  86 000c 8280     		ret
  88              		.section	.text.WWDG_GetFlagStatus,"ax",@progbits
  89              		.align	1
  90              		.globl	WWDG_GetFlagStatus
  92              	WWDG_GetFlagStatus:
  93 0000 B7370040 		li	a5,1073754112
  94 0004 938707C0 		addi	a5,a5,-1024
  95 0008 8847     		lw	a0,8(a5)
  96 000a 8280     		ret
  98              		.section	.text.WWDG_ClearFlag,"ax",@progbits
  99              		.align	1
 100              		.globl	WWDG_ClearFlag
 102              	WWDG_ClearFlag:
 103 0000 B7370040 		li	a5,1073754112
 104 0004 938707C0 		addi	a5,a5,-1024
 105 0008 23A40700 		sw	zero,8(a5)
 106 000c 8280     		ret
 108              		.ident	"GCC: (xPack GNU RISC-V Embedded GCC x86_64) 12.2.0"
GAS LISTING /tmp/ccJ73hdY.s 			page 3


DEFINED SYMBOLS
                            *ABS*:0000000000000000 ch32v20x_wwdg.c
     /tmp/ccJ73hdY.s:11     .text.WWDG_DeInit:0000000000000000 WWDG_DeInit
     /tmp/ccJ73hdY.s:12     .text.WWDG_DeInit:0000000000000000 $x
     /tmp/ccJ73hdY.s:26     .text.WWDG_SetPrescaler:0000000000000000 WWDG_SetPrescaler
     /tmp/ccJ73hdY.s:27     .text.WWDG_SetPrescaler:0000000000000000 $x
     /tmp/ccJ73hdY.s:39     .text.WWDG_SetWindowValue:0000000000000000 WWDG_SetWindowValue
     /tmp/ccJ73hdY.s:40     .text.WWDG_SetWindowValue:0000000000000000 $x
     /tmp/ccJ73hdY.s:60     .text.WWDG_EnableIT:0000000000000000 WWDG_EnableIT
     /tmp/ccJ73hdY.s:61     .text.WWDG_EnableIT:0000000000000000 $x
     /tmp/ccJ73hdY.s:72     .text.WWDG_SetCounter:0000000000000000 WWDG_SetCounter
     /tmp/ccJ73hdY.s:73     .text.WWDG_SetCounter:0000000000000000 $x
     /tmp/ccJ73hdY.s:82     .text.WWDG_Enable:0000000000000000 WWDG_Enable
     /tmp/ccJ73hdY.s:83     .text.WWDG_Enable:0000000000000000 $x
     /tmp/ccJ73hdY.s:92     .text.WWDG_GetFlagStatus:0000000000000000 WWDG_GetFlagStatus
     /tmp/ccJ73hdY.s:93     .text.WWDG_GetFlagStatus:0000000000000000 $x
     /tmp/ccJ73hdY.s:102    .text.WWDG_ClearFlag:0000000000000000 WWDG_ClearFlag
     /tmp/ccJ73hdY.s:103    .text.WWDG_ClearFlag:0000000000000000 $x

UNDEFINED SYMBOLS
__riscv_save_1
RCC_APB1PeriphResetCmd
__riscv_restore_1
