GAS LISTING /tmp/ccCl0iui.s 			page 1


   1              		.file	"ch32v20x_opa.c"
   2              		.option nopic
   3              		.attribute arch, "rv32i2p0_m2p0_a2p0_c2p0_xw"
   4              		.attribute unaligned_access, 0
   5              		.attribute stack_align, 16
   6              		.text
   7              		.section	.text.OPA_DeInit,"ax",@progbits
   8              		.align	1
   9              		.globl	OPA_DeInit
  11              	OPA_DeInit:
  12 0000 B7470240 		li	a5,1073889280
  13 0004 23A20780 		sw	zero,-2044(a5)
  14 0008 8280     		ret
  16              		.section	.text.OPA_Init,"ax",@progbits
  17              		.align	1
  18              		.globl	OPA_Init
  20              	OPA_Init:
  21 0000 1041     		lw	a2,0(a0)
  22 0002 B7460240 		li	a3,1073889280
  23 0006 93864680 		addi	a3,a3,-2044
  24 000a 9C42     		lw	a5,0(a3)
  25 000c 0A06     		slli	a2,a2,2
  26 000e 3D47     		li	a4,15
  27 0010 3317C700 		sll	a4,a4,a2
  28 0014 1347F7FF 		not	a4,a4
  29 0018 0C45     		lw	a1,8(a0)
  30 001a 7D8F     		and	a4,a4,a5
  31 001c 5C41     		lw	a5,4(a0)
  32 001e 8A05     		slli	a1,a1,2
  33 0020 8E07     		slli	a5,a5,3
  34 0022 CD8F     		or	a5,a5,a1
  35 0024 4C45     		lw	a1,12(a0)
  36 0026 8605     		slli	a1,a1,1
  37 0028 CD8F     		or	a5,a5,a1
  38 002a B397C700 		sll	a5,a5,a2
  39 002e D98F     		or	a5,a5,a4
  40 0030 9CC2     		sw	a5,0(a3)
  41 0032 8280     		ret
  43              		.section	.text.OPA_StructInit,"ax",@progbits
  44              		.align	1
  45              		.globl	OPA_StructInit
  47              	OPA_StructInit:
  48 0000 8547     		li	a5,1
  49 0002 5CC5     		sw	a5,12(a0)
  50 0004 23220500 		sw	zero,4(a0)
  51 0008 23240500 		sw	zero,8(a0)
  52 000c 23200500 		sw	zero,0(a0)
  53 0010 8280     		ret
  55              		.section	.text.OPA_Cmd,"ax",@progbits
  56              		.align	1
  57              		.globl	OPA_Cmd
  59              	OPA_Cmd:
  60 0000 0A05     		slli	a0,a0,2
  61 0002 0547     		li	a4,1
  62 0004 B7470240 		li	a5,1073889280
  63 0008 3315A700 		sll	a0,a4,a0
  64 000c 93874780 		addi	a5,a5,-2044
GAS LISTING /tmp/ccCl0iui.s 			page 2


  65 0010 6396E500 		bne	a1,a4,.L5
  66 0014 9843     		lw	a4,0(a5)
  67 0016 598D     		or	a0,a0,a4
  68              	.L7:
  69 0018 88C3     		sw	a0,0(a5)
  70 001a 8280     		ret
  71              	.L5:
  72 001c 9843     		lw	a4,0(a5)
  73 001e 1345F5FF 		not	a0,a0
  74 0022 798D     		and	a0,a0,a4
  75 0024 D5BF     		j	.L7
  77              		.ident	"GCC: (xPack GNU RISC-V Embedded GCC x86_64) 12.2.0"
GAS LISTING /tmp/ccCl0iui.s 			page 3


DEFINED SYMBOLS
                            *ABS*:0000000000000000 ch32v20x_opa.c
     /tmp/ccCl0iui.s:11     .text.OPA_DeInit:0000000000000000 OPA_DeInit
     /tmp/ccCl0iui.s:12     .text.OPA_DeInit:0000000000000000 $x
     /tmp/ccCl0iui.s:20     .text.OPA_Init:0000000000000000 OPA_Init
     /tmp/ccCl0iui.s:21     .text.OPA_Init:0000000000000000 $x
     /tmp/ccCl0iui.s:47     .text.OPA_StructInit:0000000000000000 OPA_StructInit
     /tmp/ccCl0iui.s:48     .text.OPA_StructInit:0000000000000000 $x
     /tmp/ccCl0iui.s:59     .text.OPA_Cmd:0000000000000000 OPA_Cmd
     /tmp/ccCl0iui.s:60     .text.OPA_Cmd:0000000000000000 $x
     /tmp/ccCl0iui.s:71     .text.OPA_Cmd:000000000000001c .L5
     /tmp/ccCl0iui.s:68     .text.OPA_Cmd:0000000000000018 .L7

NO UNDEFINED SYMBOLS
