GAS LISTING /tmp/cc4Rqaad.s 			page 1


   1              		.file	"ch32v20x_misc.c"
   2              		.option nopic
   3              		.attribute arch, "rv32i2p0_m2p0_a2p0_c2p0_xw"
   4              		.attribute unaligned_access, 0
   5              		.attribute stack_align, 16
   6              		.text
   7              		.section	.text.NVIC_PriorityGroupConfig,"ax",@progbits
   8              		.align	1
   9              		.globl	NVIC_PriorityGroupConfig
  11              	NVIC_PriorityGroupConfig:
  12 0000 B7070000 		lui	a5,%hi(NVIC_Priority_Group)
  13 0004 23A0A700 		sw	a0,%lo(NVIC_Priority_Group)(a5)
  14 0008 8280     		ret
  16              		.section	.text.NVIC_Init,"ax",@progbits
  17              		.align	1
  18              		.globl	NVIC_Init
  20              	NVIC_Init:
  21 0000 B7070000 		lui	a5,%hi(NVIC_Priority_Group)
  22 0004 03A70700 		lw	a4,%lo(NVIC_Priority_Group)(a5)
  23 0008 8547     		li	a5,1
  24 000a 1421     		lbu	a3,0(a0)
  25 000c 6310F702 		bne	a4,a5,.L3
  26 0010 1C31     		lbu	a5,1(a0)
  27 0012 639CE702 		bne	a5,a4,.L4
  28 0016 3C21     		lbu	a5,2(a0)
  29 0018 9607     		slli	a5,a5,5
  30 001a 93E707F8 		ori	a5,a5,-128
  31              	.L7:
  32 001e 37E700E0 		li	a4,-536813568
  33 0022 93F7F70F 		andi	a5,a5,0xff
  34 0026 3697     		add	a4,a4,a3
  35 0028 2300F740 		sb	a5,1024(a4)
  36              	.L3:
  37 002c 0547     		li	a4,1
  38 002e 93D75600 		srli	a5,a3,5
  39 0032 3317D700 		sll	a4,a4,a3
  40 0036 5441     		lw	a3,4(a0)
  41 0038 89CE     		beq	a3,zero,.L5
  42 003a 93870704 		addi	a5,a5,64
  43              	.L8:
  44 003e 8A07     		slli	a5,a5,2
  45 0040 B7E600E0 		li	a3,-536813568
  46 0044 B697     		add	a5,a3,a5
  47 0046 98C3     		sw	a4,0(a5)
  48 0048 8280     		ret
  49              	.L4:
  50 004a EDF3     		bne	a5,zero,.L3
  51 004c 3C21     		lbu	a5,2(a0)
  52 004e 9607     		slli	a5,a5,5
  53 0050 F9B7     		j	.L7
  54              	.L5:
  55 0052 93870706 		addi	a5,a5,96
  56 0056 E5B7     		j	.L8
  58              		.globl	NVIC_Priority_Group
  59              		.section	.sbss.NVIC_Priority_Group,"aw",@nobits
  60              		.align	2
  63              	NVIC_Priority_Group:
GAS LISTING /tmp/cc4Rqaad.s 			page 2


  64 0000 00000000 		.zero	4
  65              		.ident	"GCC: (xPack GNU RISC-V Embedded GCC x86_64) 12.2.0"
GAS LISTING /tmp/cc4Rqaad.s 			page 3


DEFINED SYMBOLS
                            *ABS*:0000000000000000 ch32v20x_misc.c
     /tmp/cc4Rqaad.s:11     .text.NVIC_PriorityGroupConfig:0000000000000000 NVIC_PriorityGroupConfig
     /tmp/cc4Rqaad.s:12     .text.NVIC_PriorityGroupConfig:0000000000000000 $x
     /tmp/cc4Rqaad.s:63     .sbss.NVIC_Priority_Group:0000000000000000 NVIC_Priority_Group
     /tmp/cc4Rqaad.s:20     .text.NVIC_Init:0000000000000000 NVIC_Init
     /tmp/cc4Rqaad.s:21     .text.NVIC_Init:0000000000000000 $x
     /tmp/cc4Rqaad.s:36     .text.NVIC_Init:000000000000002c .L3
     /tmp/cc4Rqaad.s:49     .text.NVIC_Init:000000000000004a .L4
     /tmp/cc4Rqaad.s:54     .text.NVIC_Init:0000000000000052 .L5
     /tmp/cc4Rqaad.s:31     .text.NVIC_Init:000000000000001e .L7
     /tmp/cc4Rqaad.s:43     .text.NVIC_Init:000000000000003e .L8

NO UNDEFINED SYMBOLS
