GAS LISTING /tmp/ccaW1XAn.s 			page 1


   1              		.file	"ch32v20x_tim.c"
   2              		.option nopic
   3              		.attribute arch, "rv32i2p0_m2p0_a2p0_c2p0_xw"
   4              		.attribute unaligned_access, 0
   5              		.attribute stack_align, 16
   6              		.text
   7              		.section	.text.TI1_Config,"ax",@progbits
   8              		.align	1
  10              	TI1_Config:
  11 0000 1E31     		lhu	a5,32(a0)
  12 0002 9206     		slli	a3,a3,4
  13 0004 558E     		or	a2,a2,a3
  14 0006 C207     		slli	a5,a5,16
  15 0008 C183     		srli	a5,a5,16
  16 000a F99B     		andi	a5,a5,-2
  17 000c C207     		slli	a5,a5,16
  18 000e C183     		srli	a5,a5,16
  19 0010 1EB1     		sh	a5,32(a0)
  20 0012 1A2D     		lhu	a4,24(a0)
  21 0014 1E31     		lhu	a5,32(a0)
  22 0016 B7360140 		li	a3,1073819648
  23 001a 4207     		slli	a4,a4,16
  24 001c 4183     		srli	a4,a4,16
  25 001e 1377C7F0 		andi	a4,a4,-244
  26 0022 518F     		or	a4,a4,a2
  27 0024 C207     		slli	a5,a5,16
  28 0026 4207     		slli	a4,a4,16
  29 0028 938606C0 		addi	a3,a3,-1024
  30 002c C183     		srli	a5,a5,16
  31 002e 4183     		srli	a4,a4,16
  32 0030 6304D502 		beq	a0,a3,.L2
  33 0034 B7060040 		li	a3,1073741824
  34 0038 6300D502 		beq	a0,a3,.L2
  35 003c 93860640 		addi	a3,a3,1024
  36 0040 630CD500 		beq	a0,a3,.L2
  37 0044 B7160040 		li	a3,1073745920
  38 0048 13860680 		addi	a2,a3,-2048
  39 004c 6306C500 		beq	a0,a2,.L2
  40 0050 938606C0 		addi	a3,a3,-1024
  41 0054 6319D500 		bne	a0,a3,.L3
  42              	.L2:
  43 0058 F59B     		andi	a5,a5,-3
  44              	.L5:
  45 005a DD8D     		or	a1,a1,a5
  46 005c 93E51500 		ori	a1,a1,1
  47 0060 1AAD     		sh	a4,24(a0)
  48 0062 0EB1     		sh	a1,32(a0)
  49 0064 8280     		ret
  50              	.L3:
  51 0066 D59B     		andi	a5,a5,-11
  52 0068 CDBF     		j	.L5
  54              		.section	.text.TI2_Config,"ax",@progbits
  55              		.align	1
  57              	TI2_Config:
  58 0000 1E31     		lhu	a5,32(a0)
  59 0002 8568     		li	a7,4096
  60 0004 9388F8CF 		addi	a7,a7,-769
GAS LISTING /tmp/ccaW1XAn.s 			page 2


  61 0008 C207     		slli	a5,a5,16
  62 000a C183     		srli	a5,a5,16
  63 000c BD9B     		andi	a5,a5,-17
  64 000e C207     		slli	a5,a5,16
  65 0010 C183     		srli	a5,a5,16
  66 0012 1EB1     		sh	a5,32(a0)
  67 0014 1A2D     		lhu	a4,24(a0)
  68 0016 B206     		slli	a3,a3,12
  69 0018 1E31     		lhu	a5,32(a0)
  70 001a 2206     		slli	a2,a2,8
  71 001c D18E     		or	a3,a3,a2
  72 001e 33771701 		and	a4,a4,a7
  73 0022 558F     		or	a4,a4,a3
  74 0024 13984500 		slli	a6,a1,4
  75 0028 B7360140 		li	a3,1073819648
  76 002c C207     		slli	a5,a5,16
  77 002e 4208     		slli	a6,a6,16
  78 0030 4207     		slli	a4,a4,16
  79 0032 938606C0 		addi	a3,a3,-1024
  80 0036 C183     		srli	a5,a5,16
  81 0038 13580801 		srli	a6,a6,16
  82 003c 4183     		srli	a4,a4,16
  83 003e 6304D502 		beq	a0,a3,.L7
  84 0042 B7060040 		li	a3,1073741824
  85 0046 6300D502 		beq	a0,a3,.L7
  86 004a 93860640 		addi	a3,a3,1024
  87 004e 630CD500 		beq	a0,a3,.L7
  88 0052 B7160040 		li	a3,1073745920
  89 0056 13860680 		addi	a2,a3,-2048
  90 005a 6306C500 		beq	a0,a2,.L7
  91 005e 938606C0 		addi	a3,a3,-1024
  92 0062 631BD500 		bne	a0,a3,.L8
  93              	.L7:
  94 0066 93F7F7FD 		andi	a5,a5,-33
  95 006a 3368F800 		or	a6,a6,a5
  96 006e 93650801 		ori	a1,a6,16
  97              	.L9:
  98 0072 1AAD     		sh	a4,24(a0)
  99 0074 0EB1     		sh	a1,32(a0)
 100 0076 8280     		ret
 101              	.L8:
 102 0078 93F7F7F5 		andi	a5,a5,-161
 103 007c DD8D     		or	a1,a1,a5
 104 007e 93E50501 		ori	a1,a1,16
 105 0082 C5BF     		j	.L9
 107              		.section	.text.TIM_DeInit,"ax",@progbits
 108              		.align	1
 109              		.globl	TIM_DeInit
 111              	TIM_DeInit:
 112 0000 17030000 		call	t0,__riscv_save_1
 112      E7020300 
 113 0008 B7370140 		li	a5,1073819648
 114 000c 938707C0 		addi	a5,a5,-1024
 115 0010 6315F502 		bne	a0,a5,.L11
 116 0014 0564     		li	s0,4096
 117 0016 8545     		li	a1,1
 118 0018 13050480 		addi	a0,s0,-2048
GAS LISTING /tmp/ccaW1XAn.s 			page 3


 119 001c 97000000 		call	RCC_APB2PeriphResetCmd
 119      E7800000 
 120 0024 8145     		li	a1,0
 121 0026 13050480 		addi	a0,s0,-2048
 122 002a 97000000 		call	RCC_APB2PeriphResetCmd
 122      E7800000 
 123              	.L10:
 124 0032 17030000 		tail	__riscv_restore_1
 124      67000300 
 125              	.L11:
 126 003a B7070040 		li	a5,1073741824
 127 003e 631FF500 		bne	a0,a5,.L13
 128 0042 8545     		li	a1,1
 129 0044 0545     		li	a0,1
 130 0046 97000000 		call	RCC_APB1PeriphResetCmd
 130      E7800000 
 131 004e 8145     		li	a1,0
 132 0050 0545     		li	a0,1
 133              	.L17:
 134 0052 97000000 		call	RCC_APB1PeriphResetCmd
 134      E7800000 
 135 005a E1BF     		j	.L10
 136              	.L13:
 137 005c 93870740 		addi	a5,a5,1024
 138 0060 631BF500 		bne	a0,a5,.L14
 139 0064 8545     		li	a1,1
 140 0066 0945     		li	a0,2
 141 0068 97000000 		call	RCC_APB1PeriphResetCmd
 141      E7800000 
 142 0070 8145     		li	a1,0
 143 0072 0945     		li	a0,2
 144 0074 F9BF     		j	.L17
 145              	.L14:
 146 0076 B7170040 		li	a5,1073745920
 147 007a 13870780 		addi	a4,a5,-2048
 148 007e 631BE500 		bne	a0,a4,.L15
 149 0082 8545     		li	a1,1
 150 0084 1145     		li	a0,4
 151 0086 97000000 		call	RCC_APB1PeriphResetCmd
 151      E7800000 
 152 008e 8145     		li	a1,0
 153 0090 1145     		li	a0,4
 154 0092 C1B7     		j	.L17
 155              	.L15:
 156 0094 938707C0 		addi	a5,a5,-1024
 157 0098 E31DF5F8 		bne	a0,a5,.L10
 158 009c 8545     		li	a1,1
 159 009e 2145     		li	a0,8
 160 00a0 97000000 		call	RCC_APB1PeriphResetCmd
 160      E7800000 
 161 00a8 8145     		li	a1,0
 162 00aa 2145     		li	a0,8
 163 00ac 5DB7     		j	.L17
 165              		.section	.text.TIM_TimeBaseInit,"ax",@progbits
 166              		.align	1
 167              		.globl	TIM_TimeBaseInit
 169              	TIM_TimeBaseInit:
GAS LISTING /tmp/ccaW1XAn.s 			page 4


 170 0000 1E21     		lhu	a5,0(a0)
 171 0002 37370140 		li	a4,1073819648
 172 0006 130707C0 		addi	a4,a4,-1024
 173 000a C207     		slli	a5,a5,16
 174 000c C183     		srli	a5,a5,16
 175 000e 6304E502 		beq	a0,a4,.L19
 176 0012 37070040 		li	a4,1073741824
 177 0016 6300E502 		beq	a0,a4,.L19
 178 001a 13070740 		addi	a4,a4,1024
 179 001e 630CE500 		beq	a0,a4,.L19
 180 0022 37170040 		li	a4,1073745920
 181 0026 93060780 		addi	a3,a4,-2048
 182 002a 6306D500 		beq	a0,a3,.L19
 183 002e 130707C0 		addi	a4,a4,-1024
 184 0032 6316E500 		bne	a0,a4,.L20
 185              	.L19:
 186 0036 BA21     		lhu	a4,2(a1)
 187 0038 93F7F7F8 		andi	a5,a5,-113
 188 003c D98F     		or	a5,a5,a4
 189              	.L20:
 190 003e FA21     		lhu	a4,6(a1)
 191 0040 93F7F7CF 		andi	a5,a5,-769
 192 0044 C207     		slli	a5,a5,16
 193 0046 C183     		srli	a5,a5,16
 194 0048 D98F     		or	a5,a5,a4
 195 004a 1EA1     		sh	a5,0(a0)
 196 004c DE21     		lhu	a5,4(a1)
 197 004e 5EB5     		sh	a5,44(a0)
 198 0050 9E21     		lhu	a5,0(a1)
 199 0052 1EB5     		sh	a5,40(a0)
 200 0054 B7370140 		li	a5,1073819648
 201 0058 938707C0 		addi	a5,a5,-1024
 202 005c 6314F500 		bne	a0,a5,.L21
 203 0060 9C25     		lbu	a5,8(a1)
 204 0062 1EB9     		sh	a5,48(a0)
 205              	.L21:
 206 0064 8547     		li	a5,1
 207 0066 5EA9     		sh	a5,20(a0)
 208 0068 8280     		ret
 210              		.section	.text.TIM_OC1Init,"ax",@progbits
 211              		.align	1
 212              		.globl	TIM_OC1Init
 214              	TIM_OC1Init:
 215 0000 1E31     		lhu	a5,32(a0)
 216 0002 9221     		lhu	a2,0(a1)
 217 0004 03D82500 		lhu	a6,2(a1)
 218 0008 C207     		slli	a5,a5,16
 219 000a C183     		srli	a5,a5,16
 220 000c F99B     		andi	a5,a5,-2
 221 000e C207     		slli	a5,a5,16
 222 0010 C183     		srli	a5,a5,16
 223 0012 1EB1     		sh	a5,32(a0)
 224 0014 1E31     		lhu	a5,32(a0)
 225 0016 5621     		lhu	a3,4(a0)
 226 0018 1A2D     		lhu	a4,24(a0)
 227 001a C207     		slli	a5,a5,16
 228 001c C183     		srli	a5,a5,16
GAS LISTING /tmp/ccaW1XAn.s 			page 5


 229 001e 4207     		slli	a4,a4,16
 230 0020 4183     		srli	a4,a4,16
 231 0022 1377C7F8 		andi	a4,a4,-116
 232 0026 518F     		or	a4,a4,a2
 233 0028 9225     		lhu	a2,8(a1)
 234 002a F59B     		andi	a5,a5,-3
 235 002c C206     		slli	a3,a3,16
 236 002e 33660601 		or	a2,a2,a6
 237 0032 D18F     		or	a5,a5,a2
 238 0034 37360140 		li	a2,1073819648
 239 0038 130606C0 		addi	a2,a2,-1024
 240 003c C182     		srli	a3,a3,16
 241 003e 6310C502 		bne	a0,a2,.L23
 242 0042 B225     		lhu	a2,10(a1)
 243 0044 DD9B     		andi	a5,a5,-9
 244 0046 03D8E500 		lhu	a6,14(a1)
 245 004a D18F     		or	a5,a5,a2
 246 004c D221     		lhu	a2,4(a1)
 247 004e ED9B     		andi	a5,a5,-5
 248 0050 93F6F6CF 		andi	a3,a3,-769
 249 0054 D18F     		or	a5,a5,a2
 250 0056 D225     		lhu	a2,12(a1)
 251 0058 33660601 		or	a2,a2,a6
 252 005c D18E     		or	a3,a3,a2
 253              	.L23:
 254 005e 56A1     		sh	a3,4(a0)
 255 0060 1AAD     		sh	a4,24(a0)
 256 0062 FA21     		lhu	a4,6(a1)
 257 0064 5AB9     		sh	a4,52(a0)
 258 0066 1EB1     		sh	a5,32(a0)
 259 0068 8280     		ret
 261              		.section	.text.TIM_OC2Init,"ax",@progbits
 262              		.align	1
 263              		.globl	TIM_OC2Init
 265              	TIM_OC2Init:
 266 0000 1E31     		lhu	a5,32(a0)
 267 0002 E576     		li	a3,-28672
 268 0004 9386F6CF 		addi	a3,a3,-769
 269 0008 C207     		slli	a5,a5,16
 270 000a C183     		srli	a5,a5,16
 271 000c BD9B     		andi	a5,a5,-17
 272 000e C207     		slli	a5,a5,16
 273 0010 C183     		srli	a5,a5,16
 274 0012 1EB1     		sh	a5,32(a0)
 275 0014 1E31     		lhu	a5,32(a0)
 276 0016 5221     		lhu	a2,4(a0)
 277 0018 1A2D     		lhu	a4,24(a0)
 278 001a 03D88500 		lhu	a6,8(a1)
 279 001e C207     		slli	a5,a5,16
 280 0020 758F     		and	a4,a4,a3
 281 0022 9621     		lhu	a3,0(a1)
 282 0024 C183     		srli	a5,a5,16
 283 0026 93F7F7FD 		andi	a5,a5,-33
 284 002a A206     		slli	a3,a3,8
 285 002c 558F     		or	a4,a4,a3
 286 002e B621     		lhu	a3,2(a1)
 287 0030 4206     		slli	a2,a2,16
GAS LISTING /tmp/ccaW1XAn.s 			page 6


 288 0032 4207     		slli	a4,a4,16
 289 0034 B3E60601 		or	a3,a3,a6
 290 0038 9206     		slli	a3,a3,4
 291 003a D58F     		or	a5,a5,a3
 292 003c B7360140 		li	a3,1073819648
 293 0040 C207     		slli	a5,a5,16
 294 0042 938606C0 		addi	a3,a3,-1024
 295 0046 4182     		srli	a2,a2,16
 296 0048 4183     		srli	a4,a4,16
 297 004a C183     		srli	a5,a5,16
 298 004c 631ED502 		bne	a0,a3,.L25
 299 0050 B625     		lhu	a3,10(a1)
 300 0052 93F7F7F7 		andi	a5,a5,-129
 301 0056 03D8C500 		lhu	a6,12(a1)
 302 005a 9206     		slli	a3,a3,4
 303 005c D58F     		or	a5,a5,a3
 304 005e D621     		lhu	a3,4(a1)
 305 0060 C207     		slli	a5,a5,16
 306 0062 C183     		srli	a5,a5,16
 307 0064 9206     		slli	a3,a3,4
 308 0066 93F7F7FB 		andi	a5,a5,-65
 309 006a D58F     		or	a5,a5,a3
 310 006c FD76     		li	a3,-4096
 311 006e 9386F63F 		addi	a3,a3,1023
 312 0072 F18E     		and	a3,a2,a3
 313 0074 F225     		lhu	a2,14(a1)
 314 0076 C207     		slli	a5,a5,16
 315 0078 C183     		srli	a5,a5,16
 316 007a 33660601 		or	a2,a2,a6
 317 007e 0A06     		slli	a2,a2,2
 318 0080 D18E     		or	a3,a3,a2
 319 0082 13960601 		slli	a2,a3,16
 320 0086 4182     		srli	a2,a2,16
 321              	.L25:
 322 0088 52A1     		sh	a2,4(a0)
 323 008a 1AAD     		sh	a4,24(a0)
 324 008c FA21     		lhu	a4,6(a1)
 325 008e 1ABD     		sh	a4,56(a0)
 326 0090 1EB1     		sh	a5,32(a0)
 327 0092 8280     		ret
 329              		.section	.text.TIM_OC3Init,"ax",@progbits
 330              		.align	1
 331              		.globl	TIM_OC3Init
 333              	TIM_OC3Init:
 334 0000 1E31     		lhu	a5,32(a0)
 335 0002 9621     		lhu	a3,0(a1)
 336 0004 03D88500 		lhu	a6,8(a1)
 337 0008 C207     		slli	a5,a5,16
 338 000a C183     		srli	a5,a5,16
 339 000c 93F7F7EF 		andi	a5,a5,-257
 340 0010 C207     		slli	a5,a5,16
 341 0012 C183     		srli	a5,a5,16
 342 0014 1EB1     		sh	a5,32(a0)
 343 0016 1E31     		lhu	a5,32(a0)
 344 0018 5221     		lhu	a2,4(a0)
 345 001a 5A2D     		lhu	a4,28(a0)
 346 001c C207     		slli	a5,a5,16
GAS LISTING /tmp/ccaW1XAn.s 			page 7


 347 001e C183     		srli	a5,a5,16
 348 0020 4207     		slli	a4,a4,16
 349 0022 4183     		srli	a4,a4,16
 350 0024 1377C7F8 		andi	a4,a4,-116
 351 0028 558F     		or	a4,a4,a3
 352 002a B621     		lhu	a3,2(a1)
 353 002c 93F7F7DF 		andi	a5,a5,-513
 354 0030 4206     		slli	a2,a2,16
 355 0032 B3E60601 		or	a3,a3,a6
 356 0036 A206     		slli	a3,a3,8
 357 0038 D58F     		or	a5,a5,a3
 358 003a B7360140 		li	a3,1073819648
 359 003e C207     		slli	a5,a5,16
 360 0040 938606C0 		addi	a3,a3,-1024
 361 0044 4182     		srli	a2,a2,16
 362 0046 C183     		srli	a5,a5,16
 363 0048 631FD502 		bne	a0,a3,.L27
 364 004c FD76     		li	a3,-4096
 365 004e 9386F67F 		addi	a3,a3,2047
 366 0052 F58F     		and	a5,a5,a3
 367 0054 B625     		lhu	a3,10(a1)
 368 0056 03D8C500 		lhu	a6,12(a1)
 369 005a A206     		slli	a3,a3,8
 370 005c D58F     		or	a5,a5,a3
 371 005e D621     		lhu	a3,4(a1)
 372 0060 C207     		slli	a5,a5,16
 373 0062 C183     		srli	a5,a5,16
 374 0064 A206     		slli	a3,a3,8
 375 0066 93F7F7BF 		andi	a5,a5,-1025
 376 006a D58F     		or	a5,a5,a3
 377 006c F576     		li	a3,-12288
 378 006e FD16     		addi	a3,a3,-1
 379 0070 F18E     		and	a3,a2,a3
 380 0072 F225     		lhu	a2,14(a1)
 381 0074 C207     		slli	a5,a5,16
 382 0076 C183     		srli	a5,a5,16
 383 0078 33660601 		or	a2,a2,a6
 384 007c 1206     		slli	a2,a2,4
 385 007e D18E     		or	a3,a3,a2
 386 0080 13960601 		slli	a2,a3,16
 387 0084 4182     		srli	a2,a2,16
 388              	.L27:
 389 0086 52A1     		sh	a2,4(a0)
 390 0088 5AAD     		sh	a4,28(a0)
 391 008a FA21     		lhu	a4,6(a1)
 392 008c 5ABD     		sh	a4,60(a0)
 393 008e 1EB1     		sh	a5,32(a0)
 394 0090 8280     		ret
 396              		.section	.text.TIM_OC4Init,"ax",@progbits
 397              		.align	1
 398              		.globl	TIM_OC4Init
 400              	TIM_OC4Init:
 401 0000 1E31     		lhu	a5,32(a0)
 402 0002 7D77     		li	a4,-4096
 403 0004 7D17     		addi	a4,a4,-1
 404 0006 F98F     		and	a5,a5,a4
 405 0008 1EB1     		sh	a5,32(a0)
GAS LISTING /tmp/ccaW1XAn.s 			page 8


 406 000a 1A31     		lhu	a4,32(a0)
 407 000c 5E21     		lhu	a5,4(a0)
 408 000e 562D     		lhu	a3,28(a0)
 409 0010 6576     		li	a2,-28672
 410 0012 1306F6CF 		addi	a2,a2,-769
 411 0016 F18E     		and	a3,a3,a2
 412 0018 9221     		lhu	a2,0(a1)
 413 001a 03D88500 		lhu	a6,8(a1)
 414 001e C207     		slli	a5,a5,16
 415 0020 2206     		slli	a2,a2,8
 416 0022 D18E     		or	a3,a3,a2
 417 0024 7976     		li	a2,-8192
 418 0026 7D16     		addi	a2,a2,-1
 419 0028 718F     		and	a4,a4,a2
 420 002a B221     		lhu	a2,2(a1)
 421 002c C206     		slli	a3,a3,16
 422 002e C183     		srli	a5,a5,16
 423 0030 33660601 		or	a2,a2,a6
 424 0034 3206     		slli	a2,a2,12
 425 0036 518F     		or	a4,a4,a2
 426 0038 37360140 		li	a2,1073819648
 427 003c 4207     		slli	a4,a4,16
 428 003e 130606C0 		addi	a2,a2,-1024
 429 0042 C182     		srli	a3,a3,16
 430 0044 4183     		srli	a4,a4,16
 431 0046 631AC500 		bne	a0,a2,.L29
 432 004a 7176     		li	a2,-16384
 433 004c 7D16     		addi	a2,a2,-1
 434 004e F18F     		and	a5,a5,a2
 435 0050 D225     		lhu	a2,12(a1)
 436 0052 1A06     		slli	a2,a2,6
 437 0054 D18F     		or	a5,a5,a2
 438 0056 C207     		slli	a5,a5,16
 439 0058 C183     		srli	a5,a5,16
 440              	.L29:
 441 005a 5EA1     		sh	a5,4(a0)
 442 005c FE21     		lhu	a5,6(a1)
 443 005e 56AD     		sh	a3,28(a0)
 444 0060 2310F504 		sh	a5,64(a0)
 445 0064 1AB1     		sh	a4,32(a0)
 446 0066 8280     		ret
 448              		.section	.text.TIM_BDTRConfig,"ax",@progbits
 449              		.align	1
 450              		.globl	TIM_BDTRConfig
 452              	TIM_BDTRConfig:
 453 0000 BA21     		lhu	a4,2(a1)
 454 0002 9E21     		lhu	a5,0(a1)
 455 0004 D98F     		or	a5,a5,a4
 456 0006 DA21     		lhu	a4,4(a1)
 457 0008 D98F     		or	a5,a5,a4
 458 000a FA21     		lhu	a4,6(a1)
 459 000c D98F     		or	a5,a5,a4
 460 000e 9A25     		lhu	a4,8(a1)
 461 0010 D98F     		or	a5,a5,a4
 462 0012 BA25     		lhu	a4,10(a1)
 463 0014 D98F     		or	a5,a5,a4
 464 0016 DA25     		lhu	a4,12(a1)
GAS LISTING /tmp/ccaW1XAn.s 			page 9


 465 0018 D98F     		or	a5,a5,a4
 466 001a 2312F504 		sh	a5,68(a0)
 467 001e 8280     		ret
 469              		.section	.text.TIM_TimeBaseStructInit,"ax",@progbits
 470              		.align	1
 471              		.globl	TIM_TimeBaseStructInit
 473              	TIM_TimeBaseStructInit:
 474 0000 FD57     		li	a5,-1
 475 0002 5EA1     		sh	a5,4(a0)
 476 0004 23100500 		sh	zero,0(a0)
 477 0008 23130500 		sh	zero,6(a0)
 478 000c 23110500 		sh	zero,2(a0)
 479 0010 23040500 		sb	zero,8(a0)
 480 0014 8280     		ret
 482              		.section	.text.TIM_OCStructInit,"ax",@progbits
 483              		.align	1
 484              		.globl	TIM_OCStructInit
 486              	TIM_OCStructInit:
 487 0000 23100500 		sh	zero,0(a0)
 488 0004 23110500 		sh	zero,2(a0)
 489 0008 23120500 		sh	zero,4(a0)
 490 000c 23130500 		sh	zero,6(a0)
 491 0010 23140500 		sh	zero,8(a0)
 492 0014 23150500 		sh	zero,10(a0)
 493 0018 23160500 		sh	zero,12(a0)
 494 001c 23170500 		sh	zero,14(a0)
 495 0020 8280     		ret
 497              		.section	.text.TIM_ICStructInit,"ax",@progbits
 498              		.align	1
 499              		.globl	TIM_ICStructInit
 501              	TIM_ICStructInit:
 502 0000 8547     		li	a5,1
 503 0002 23100500 		sh	zero,0(a0)
 504 0006 23110500 		sh	zero,2(a0)
 505 000a 5EA1     		sh	a5,4(a0)
 506 000c 23130500 		sh	zero,6(a0)
 507 0010 23140500 		sh	zero,8(a0)
 508 0014 8280     		ret
 510              		.section	.text.TIM_BDTRStructInit,"ax",@progbits
 511              		.align	1
 512              		.globl	TIM_BDTRStructInit
 514              	TIM_BDTRStructInit:
 515 0000 23100500 		sh	zero,0(a0)
 516 0004 23110500 		sh	zero,2(a0)
 517 0008 23120500 		sh	zero,4(a0)
 518 000c 23130500 		sh	zero,6(a0)
 519 0010 23140500 		sh	zero,8(a0)
 520 0014 23150500 		sh	zero,10(a0)
 521 0018 23160500 		sh	zero,12(a0)
 522 001c 8280     		ret
 524              		.section	.text.TIM_Cmd,"ax",@progbits
 525              		.align	1
 526              		.globl	TIM_Cmd
 528              	TIM_Cmd:
 529 0000 1E21     		lhu	a5,0(a0)
 530 0002 89C5     		beq	a1,zero,.L36
 531 0004 93E71700 		ori	a5,a5,1
GAS LISTING /tmp/ccaW1XAn.s 			page 10


 532              	.L38:
 533 0008 1EA1     		sh	a5,0(a0)
 534 000a 8280     		ret
 535              	.L36:
 536 000c C207     		slli	a5,a5,16
 537 000e C183     		srli	a5,a5,16
 538 0010 F99B     		andi	a5,a5,-2
 539 0012 C207     		slli	a5,a5,16
 540 0014 C183     		srli	a5,a5,16
 541 0016 CDBF     		j	.L38
 543              		.section	.text.TIM_CtrlPWMOutputs,"ax",@progbits
 544              		.align	1
 545              		.globl	TIM_CtrlPWMOutputs
 547              	TIM_CtrlPWMOutputs:
 548 0000 83574504 		lhu	a5,68(a0)
 549 0004 91C5     		beq	a1,zero,.L40
 550 0006 2167     		li	a4,32768
 551 0008 D98F     		or	a5,a5,a4
 552              	.L42:
 553 000a 2312F504 		sh	a5,68(a0)
 554 000e 8280     		ret
 555              	.L40:
 556 0010 C607     		slli	a5,a5,17
 557 0012 C583     		srli	a5,a5,17
 558 0014 DDBF     		j	.L42
 560              		.section	.text.TIM_ITConfig,"ax",@progbits
 561              		.align	1
 562              		.globl	TIM_ITConfig
 564              	TIM_ITConfig:
 565 0000 5E25     		lhu	a5,12(a0)
 566 0002 01C6     		beq	a2,zero,.L44
 567 0004 CD8F     		or	a5,a5,a1
 568              	.L46:
 569 0006 5EA5     		sh	a5,12(a0)
 570 0008 8280     		ret
 571              	.L44:
 572 000a 93C5F5FF 		not	a1,a1
 573 000e ED8F     		and	a5,a5,a1
 574 0010 DDBF     		j	.L46
 576              		.section	.text.TIM_GenerateEvent,"ax",@progbits
 577              		.align	1
 578              		.globl	TIM_GenerateEvent
 580              	TIM_GenerateEvent:
 581 0000 4EA9     		sh	a1,20(a0)
 582 0002 8280     		ret
 584              		.section	.text.TIM_DMAConfig,"ax",@progbits
 585              		.align	1
 586              		.globl	TIM_DMAConfig
 588              	TIM_DMAConfig:
 589 0000 D18D     		or	a1,a1,a2
 590 0002 2314B504 		sh	a1,72(a0)
 591 0006 8280     		ret
 593              		.section	.text.TIM_DMACmd,"ax",@progbits
 594              		.align	1
 595              		.globl	TIM_DMACmd
 597              	TIM_DMACmd:
 598 0000 17030000 		tail	TIM_ITConfig
GAS LISTING /tmp/ccaW1XAn.s 			page 11


 598      67000300 
 600              		.section	.text.TIM_InternalClockConfig,"ax",@progbits
 601              		.align	1
 602              		.globl	TIM_InternalClockConfig
 604              	TIM_InternalClockConfig:
 605 0000 1E25     		lhu	a5,8(a0)
 606 0002 C207     		slli	a5,a5,16
 607 0004 C183     		srli	a5,a5,16
 608 0006 E19B     		andi	a5,a5,-8
 609 0008 C207     		slli	a5,a5,16
 610 000a C183     		srli	a5,a5,16
 611 000c 1EA5     		sh	a5,8(a0)
 612 000e 8280     		ret
 614              		.section	.text.TIM_ITRxExternalClockConfig,"ax",@progbits
 615              		.align	1
 616              		.globl	TIM_ITRxExternalClockConfig
 618              	TIM_ITRxExternalClockConfig:
 619 0000 1E25     		lhu	a5,8(a0)
 620 0002 C207     		slli	a5,a5,16
 621 0004 C183     		srli	a5,a5,16
 622 0006 93F7F7F8 		andi	a5,a5,-113
 623 000a DD8D     		or	a1,a1,a5
 624 000c 0EA5     		sh	a1,8(a0)
 625 000e 1E25     		lhu	a5,8(a0)
 626 0010 93E77700 		ori	a5,a5,7
 627 0014 1EA5     		sh	a5,8(a0)
 628 0016 8280     		ret
 630              		.section	.text.TIM_TIxExternalClockConfig,"ax",@progbits
 631              		.align	1
 632              		.globl	TIM_TIxExternalClockConfig
 634              	TIM_TIxExternalClockConfig:
 635 0000 17030000 		call	t0,__riscv_save_2
 635      E7020300 
 636 0008 AE84     		mv	s1,a1
 637 000a 93070006 		li	a5,96
 638 000e B285     		mv	a1,a2
 639 0010 2A84     		mv	s0,a0
 640 0012 0546     		li	a2,1
 641 0014 6395F402 		bne	s1,a5,.L54
 642 0018 97000000 		call	TI2_Config
 642      E7800000 
 643              	.L55:
 644 0020 1E24     		lhu	a5,8(s0)
 645 0022 C207     		slli	a5,a5,16
 646 0024 C183     		srli	a5,a5,16
 647 0026 93F7F7F8 		andi	a5,a5,-113
 648 002a DD8C     		or	s1,s1,a5
 649 002c 06A4     		sh	s1,8(s0)
 650 002e 1E24     		lhu	a5,8(s0)
 651 0030 93E77700 		ori	a5,a5,7
 652 0034 1EA4     		sh	a5,8(s0)
 653 0036 17030000 		tail	__riscv_restore_2
 653      67000300 
 654              	.L54:
 655 003e 97000000 		call	TI1_Config
 655      E7800000 
 656 0046 E9BF     		j	.L55
GAS LISTING /tmp/ccaW1XAn.s 			page 12


 658              		.section	.text.TIM_ETRConfig,"ax",@progbits
 659              		.align	1
 660              		.globl	TIM_ETRConfig
 662              	TIM_ETRConfig:
 663 0000 1E25     		lhu	a5,8(a0)
 664 0002 A206     		slli	a3,a3,8
 665 0004 4D8E     		or	a2,a2,a1
 666 0006 93F7F70F 		andi	a5,a5,0xff
 667 000a D18E     		or	a3,a3,a2
 668 000c D58F     		or	a5,a5,a3
 669 000e C207     		slli	a5,a5,16
 670 0010 C183     		srli	a5,a5,16
 671 0012 1EA5     		sh	a5,8(a0)
 672 0014 8280     		ret
 674              		.section	.text.TIM_ETRClockMode1Config,"ax",@progbits
 675              		.align	1
 676              		.globl	TIM_ETRClockMode1Config
 678              	TIM_ETRClockMode1Config:
 679 0000 17030000 		call	t0,__riscv_save_1
 679      E7020300 
 680 0008 2A84     		mv	s0,a0
 681 000a 97000000 		call	TIM_ETRConfig
 681      E7800000 
 682 0012 1E24     		lhu	a5,8(s0)
 683 0014 C207     		slli	a5,a5,16
 684 0016 C183     		srli	a5,a5,16
 685 0018 93F787F8 		andi	a5,a5,-120
 686 001c 93E77707 		ori	a5,a5,119
 687 0020 1EA4     		sh	a5,8(s0)
 688 0022 17030000 		tail	__riscv_restore_1
 688      67000300 
 690              		.section	.text.TIM_ETRClockMode2Config,"ax",@progbits
 691              		.align	1
 692              		.globl	TIM_ETRClockMode2Config
 694              	TIM_ETRClockMode2Config:
 695 0000 17030000 		call	t0,__riscv_save_1
 695      E7020300 
 696 0008 2A84     		mv	s0,a0
 697 000a 97000000 		call	TIM_ETRConfig
 697      E7800000 
 698 0012 1E24     		lhu	a5,8(s0)
 699 0014 1167     		li	a4,16384
 700 0016 D98F     		or	a5,a5,a4
 701 0018 1EA4     		sh	a5,8(s0)
 702 001a 17030000 		tail	__riscv_restore_1
 702      67000300 
 704              		.section	.text.TIM_PrescalerConfig,"ax",@progbits
 705              		.align	1
 706              		.globl	TIM_PrescalerConfig
 708              	TIM_PrescalerConfig:
 709 0000 0EB5     		sh	a1,40(a0)
 710 0002 52A9     		sh	a2,20(a0)
 711 0004 8280     		ret
 713              		.section	.text.TIM_CounterModeConfig,"ax",@progbits
 714              		.align	1
 715              		.globl	TIM_CounterModeConfig
 717              	TIM_CounterModeConfig:
GAS LISTING /tmp/ccaW1XAn.s 			page 13


 718 0000 1E21     		lhu	a5,0(a0)
 719 0002 C207     		slli	a5,a5,16
 720 0004 C183     		srli	a5,a5,16
 721 0006 93F7F7F8 		andi	a5,a5,-113
 722 000a CD8F     		or	a5,a5,a1
 723 000c 1EA1     		sh	a5,0(a0)
 724 000e 8280     		ret
 726              		.section	.text.TIM_SelectInputTrigger,"ax",@progbits
 727              		.align	1
 728              		.globl	TIM_SelectInputTrigger
 730              	TIM_SelectInputTrigger:
 731 0000 1E25     		lhu	a5,8(a0)
 732 0002 C207     		slli	a5,a5,16
 733 0004 C183     		srli	a5,a5,16
 734 0006 93F7F7F8 		andi	a5,a5,-113
 735 000a CD8F     		or	a5,a5,a1
 736 000c 1EA5     		sh	a5,8(a0)
 737 000e 8280     		ret
 739              		.section	.text.TIM_EncoderInterfaceConfig,"ax",@progbits
 740              		.align	1
 741              		.globl	TIM_EncoderInterfaceConfig
 743              	TIM_EncoderInterfaceConfig:
 744 0000 03588500 		lhu	a6,8(a0)
 745 0004 1A2D     		lhu	a4,24(a0)
 746 0006 1E31     		lhu	a5,32(a0)
 747 0008 4208     		slli	a6,a6,16
 748 000a 13580801 		srli	a6,a6,16
 749 000e C207     		slli	a5,a5,16
 750 0010 4207     		slli	a4,a4,16
 751 0012 C183     		srli	a5,a5,16
 752 0014 9206     		slli	a3,a3,4
 753 0016 4183     		srli	a4,a4,16
 754 0018 137888FF 		andi	a6,a6,-8
 755 001c 93F7D7FD 		andi	a5,a5,-35
 756 0020 558E     		or	a2,a2,a3
 757 0022 3368B800 		or	a6,a6,a1
 758 0026 1377C7CF 		andi	a4,a4,-772
 759 002a D18F     		or	a5,a5,a2
 760 002c 23140501 		sh	a6,8(a0)
 761 0030 13671710 		ori	a4,a4,257
 762 0034 C207     		slli	a5,a5,16
 763 0036 C183     		srli	a5,a5,16
 764 0038 1AAD     		sh	a4,24(a0)
 765 003a 1EB1     		sh	a5,32(a0)
 766 003c 8280     		ret
 768              		.section	.text.TIM_ForcedOC1Config,"ax",@progbits
 769              		.align	1
 770              		.globl	TIM_ForcedOC1Config
 772              	TIM_ForcedOC1Config:
 773 0000 1E2D     		lhu	a5,24(a0)
 774 0002 C207     		slli	a5,a5,16
 775 0004 C183     		srli	a5,a5,16
 776 0006 93F7F7F8 		andi	a5,a5,-113
 777 000a CD8F     		or	a5,a5,a1
 778 000c 1EAD     		sh	a5,24(a0)
 779 000e 8280     		ret
 781              		.section	.text.TIM_ForcedOC2Config,"ax",@progbits
GAS LISTING /tmp/ccaW1XAn.s 			page 14


 782              		.align	1
 783              		.globl	TIM_ForcedOC2Config
 785              	TIM_ForcedOC2Config:
 786 0000 1E2D     		lhu	a5,24(a0)
 787 0002 6577     		li	a4,-28672
 788 0004 7D17     		addi	a4,a4,-1
 789 0006 F98F     		and	a5,a5,a4
 790 0008 A205     		slli	a1,a1,8
 791 000a CD8F     		or	a5,a5,a1
 792 000c C207     		slli	a5,a5,16
 793 000e C183     		srli	a5,a5,16
 794 0010 1EAD     		sh	a5,24(a0)
 795 0012 8280     		ret
 797              		.section	.text.TIM_ForcedOC3Config,"ax",@progbits
 798              		.align	1
 799              		.globl	TIM_ForcedOC3Config
 801              	TIM_ForcedOC3Config:
 802 0000 5E2D     		lhu	a5,28(a0)
 803 0002 C207     		slli	a5,a5,16
 804 0004 C183     		srli	a5,a5,16
 805 0006 93F7F7F8 		andi	a5,a5,-113
 806 000a CD8F     		or	a5,a5,a1
 807 000c 5EAD     		sh	a5,28(a0)
 808 000e 8280     		ret
 810              		.section	.text.TIM_ForcedOC4Config,"ax",@progbits
 811              		.align	1
 812              		.globl	TIM_ForcedOC4Config
 814              	TIM_ForcedOC4Config:
 815 0000 5E2D     		lhu	a5,28(a0)
 816 0002 6577     		li	a4,-28672
 817 0004 7D17     		addi	a4,a4,-1
 818 0006 F98F     		and	a5,a5,a4
 819 0008 A205     		slli	a1,a1,8
 820 000a CD8F     		or	a5,a5,a1
 821 000c C207     		slli	a5,a5,16
 822 000e C183     		srli	a5,a5,16
 823 0010 5EAD     		sh	a5,28(a0)
 824 0012 8280     		ret
 826              		.section	.text.TIM_ARRPreloadConfig,"ax",@progbits
 827              		.align	1
 828              		.globl	TIM_ARRPreloadConfig
 830              	TIM_ARRPreloadConfig:
 831 0000 1E21     		lhu	a5,0(a0)
 832 0002 89C5     		beq	a1,zero,.L71
 833 0004 93E70708 		ori	a5,a5,128
 834              	.L73:
 835 0008 1EA1     		sh	a5,0(a0)
 836 000a 8280     		ret
 837              	.L71:
 838 000c C207     		slli	a5,a5,16
 839 000e C183     		srli	a5,a5,16
 840 0010 93F7F7F7 		andi	a5,a5,-129
 841 0014 C207     		slli	a5,a5,16
 842 0016 C183     		srli	a5,a5,16
 843 0018 C5BF     		j	.L73
 845              		.section	.text.TIM_SelectCOM,"ax",@progbits
 846              		.align	1
GAS LISTING /tmp/ccaW1XAn.s 			page 15


 847              		.globl	TIM_SelectCOM
 849              	TIM_SelectCOM:
 850 0000 5E21     		lhu	a5,4(a0)
 851 0002 89C5     		beq	a1,zero,.L75
 852 0004 93E74700 		ori	a5,a5,4
 853              	.L77:
 854 0008 5EA1     		sh	a5,4(a0)
 855 000a 8280     		ret
 856              	.L75:
 857 000c C207     		slli	a5,a5,16
 858 000e C183     		srli	a5,a5,16
 859 0010 ED9B     		andi	a5,a5,-5
 860 0012 C207     		slli	a5,a5,16
 861 0014 C183     		srli	a5,a5,16
 862 0016 CDBF     		j	.L77
 864              		.section	.text.TIM_SelectCCDMA,"ax",@progbits
 865              		.align	1
 866              		.globl	TIM_SelectCCDMA
 868              	TIM_SelectCCDMA:
 869 0000 5E21     		lhu	a5,4(a0)
 870 0002 89C5     		beq	a1,zero,.L79
 871 0004 93E78700 		ori	a5,a5,8
 872              	.L81:
 873 0008 5EA1     		sh	a5,4(a0)
 874 000a 8280     		ret
 875              	.L79:
 876 000c C207     		slli	a5,a5,16
 877 000e C183     		srli	a5,a5,16
 878 0010 DD9B     		andi	a5,a5,-9
 879 0012 C207     		slli	a5,a5,16
 880 0014 C183     		srli	a5,a5,16
 881 0016 CDBF     		j	.L81
 883              		.section	.text.TIM_CCPreloadControl,"ax",@progbits
 884              		.align	1
 885              		.globl	TIM_CCPreloadControl
 887              	TIM_CCPreloadControl:
 888 0000 5E21     		lhu	a5,4(a0)
 889 0002 89C5     		beq	a1,zero,.L83
 890 0004 93E71700 		ori	a5,a5,1
 891              	.L85:
 892 0008 5EA1     		sh	a5,4(a0)
 893 000a 8280     		ret
 894              	.L83:
 895 000c C207     		slli	a5,a5,16
 896 000e C183     		srli	a5,a5,16
 897 0010 F99B     		andi	a5,a5,-2
 898 0012 C207     		slli	a5,a5,16
 899 0014 C183     		srli	a5,a5,16
 900 0016 CDBF     		j	.L85
 902              		.section	.text.TIM_OC1PreloadConfig,"ax",@progbits
 903              		.align	1
 904              		.globl	TIM_OC1PreloadConfig
 906              	TIM_OC1PreloadConfig:
 907 0000 1E2D     		lhu	a5,24(a0)
 908 0002 C207     		slli	a5,a5,16
 909 0004 C183     		srli	a5,a5,16
 910 0006 DD9B     		andi	a5,a5,-9
GAS LISTING /tmp/ccaW1XAn.s 			page 16


 911 0008 CD8F     		or	a5,a5,a1
 912 000a 1EAD     		sh	a5,24(a0)
 913 000c 8280     		ret
 915              		.section	.text.TIM_OC2PreloadConfig,"ax",@progbits
 916              		.align	1
 917              		.globl	TIM_OC2PreloadConfig
 919              	TIM_OC2PreloadConfig:
 920 0000 1E2D     		lhu	a5,24(a0)
 921 0002 7D77     		li	a4,-4096
 922 0004 1307F77F 		addi	a4,a4,2047
 923 0008 F98F     		and	a5,a5,a4
 924 000a A205     		slli	a1,a1,8
 925 000c CD8F     		or	a5,a5,a1
 926 000e C207     		slli	a5,a5,16
 927 0010 C183     		srli	a5,a5,16
 928 0012 1EAD     		sh	a5,24(a0)
 929 0014 8280     		ret
 931              		.section	.text.TIM_OC3PreloadConfig,"ax",@progbits
 932              		.align	1
 933              		.globl	TIM_OC3PreloadConfig
 935              	TIM_OC3PreloadConfig:
 936 0000 5E2D     		lhu	a5,28(a0)
 937 0002 C207     		slli	a5,a5,16
 938 0004 C183     		srli	a5,a5,16
 939 0006 DD9B     		andi	a5,a5,-9
 940 0008 CD8F     		or	a5,a5,a1
 941 000a 5EAD     		sh	a5,28(a0)
 942 000c 8280     		ret
 944              		.section	.text.TIM_OC4PreloadConfig,"ax",@progbits
 945              		.align	1
 946              		.globl	TIM_OC4PreloadConfig
 948              	TIM_OC4PreloadConfig:
 949 0000 5E2D     		lhu	a5,28(a0)
 950 0002 7D77     		li	a4,-4096
 951 0004 1307F77F 		addi	a4,a4,2047
 952 0008 F98F     		and	a5,a5,a4
 953 000a A205     		slli	a1,a1,8
 954 000c CD8F     		or	a5,a5,a1
 955 000e C207     		slli	a5,a5,16
 956 0010 C183     		srli	a5,a5,16
 957 0012 5EAD     		sh	a5,28(a0)
 958 0014 8280     		ret
 960              		.section	.text.TIM_OC1FastConfig,"ax",@progbits
 961              		.align	1
 962              		.globl	TIM_OC1FastConfig
 964              	TIM_OC1FastConfig:
 965 0000 1E2D     		lhu	a5,24(a0)
 966 0002 C207     		slli	a5,a5,16
 967 0004 C183     		srli	a5,a5,16
 968 0006 ED9B     		andi	a5,a5,-5
 969 0008 CD8F     		or	a5,a5,a1
 970 000a 1EAD     		sh	a5,24(a0)
 971 000c 8280     		ret
 973              		.section	.text.TIM_OC2FastConfig,"ax",@progbits
 974              		.align	1
 975              		.globl	TIM_OC2FastConfig
 977              	TIM_OC2FastConfig:
GAS LISTING /tmp/ccaW1XAn.s 			page 17


 978 0000 1E2D     		lhu	a5,24(a0)
 979 0002 A205     		slli	a1,a1,8
 980 0004 C207     		slli	a5,a5,16
 981 0006 C183     		srli	a5,a5,16
 982 0008 93F7F7BF 		andi	a5,a5,-1025
 983 000c CD8F     		or	a5,a5,a1
 984 000e C207     		slli	a5,a5,16
 985 0010 C183     		srli	a5,a5,16
 986 0012 1EAD     		sh	a5,24(a0)
 987 0014 8280     		ret
 989              		.section	.text.TIM_OC3FastConfig,"ax",@progbits
 990              		.align	1
 991              		.globl	TIM_OC3FastConfig
 993              	TIM_OC3FastConfig:
 994 0000 5E2D     		lhu	a5,28(a0)
 995 0002 C207     		slli	a5,a5,16
 996 0004 C183     		srli	a5,a5,16
 997 0006 ED9B     		andi	a5,a5,-5
 998 0008 CD8F     		or	a5,a5,a1
 999 000a 5EAD     		sh	a5,28(a0)
 1000 000c 8280     		ret
 1002              		.section	.text.TIM_OC4FastConfig,"ax",@progbits
 1003              		.align	1
 1004              		.globl	TIM_OC4FastConfig
 1006              	TIM_OC4FastConfig:
 1007 0000 5E2D     		lhu	a5,28(a0)
 1008 0002 A205     		slli	a1,a1,8
 1009 0004 C207     		slli	a5,a5,16
 1010 0006 C183     		srli	a5,a5,16
 1011 0008 93F7F7BF 		andi	a5,a5,-1025
 1012 000c CD8F     		or	a5,a5,a1
 1013 000e C207     		slli	a5,a5,16
 1014 0010 C183     		srli	a5,a5,16
 1015 0012 5EAD     		sh	a5,28(a0)
 1016 0014 8280     		ret
 1018              		.section	.text.TIM_ClearOC1Ref,"ax",@progbits
 1019              		.align	1
 1020              		.globl	TIM_ClearOC1Ref
 1022              	TIM_ClearOC1Ref:
 1023 0000 1E2D     		lhu	a5,24(a0)
 1024 0002 C207     		slli	a5,a5,16
 1025 0004 C183     		srli	a5,a5,16
 1026 0006 93F7F7F7 		andi	a5,a5,-129
 1027 000a CD8F     		or	a5,a5,a1
 1028 000c 1EAD     		sh	a5,24(a0)
 1029 000e 8280     		ret
 1031              		.section	.text.TIM_ClearOC2Ref,"ax",@progbits
 1032              		.align	1
 1033              		.globl	TIM_ClearOC2Ref
 1035              	TIM_ClearOC2Ref:
 1036 0000 1E2D     		lhu	a5,24(a0)
 1037 0002 A205     		slli	a1,a1,8
 1038 0004 C607     		slli	a5,a5,17
 1039 0006 C583     		srli	a5,a5,17
 1040 0008 CD8F     		or	a5,a5,a1
 1041 000a C207     		slli	a5,a5,16
 1042 000c C183     		srli	a5,a5,16
GAS LISTING /tmp/ccaW1XAn.s 			page 18


 1043 000e 1EAD     		sh	a5,24(a0)
 1044 0010 8280     		ret
 1046              		.section	.text.TIM_ClearOC3Ref,"ax",@progbits
 1047              		.align	1
 1048              		.globl	TIM_ClearOC3Ref
 1050              	TIM_ClearOC3Ref:
 1051 0000 5E2D     		lhu	a5,28(a0)
 1052 0002 C207     		slli	a5,a5,16
 1053 0004 C183     		srli	a5,a5,16
 1054 0006 93F7F7F7 		andi	a5,a5,-129
 1055 000a CD8F     		or	a5,a5,a1
 1056 000c 5EAD     		sh	a5,28(a0)
 1057 000e 8280     		ret
 1059              		.section	.text.TIM_ClearOC4Ref,"ax",@progbits
 1060              		.align	1
 1061              		.globl	TIM_ClearOC4Ref
 1063              	TIM_ClearOC4Ref:
 1064 0000 5E2D     		lhu	a5,28(a0)
 1065 0002 A205     		slli	a1,a1,8
 1066 0004 C607     		slli	a5,a5,17
 1067 0006 C583     		srli	a5,a5,17
 1068 0008 CD8F     		or	a5,a5,a1
 1069 000a C207     		slli	a5,a5,16
 1070 000c C183     		srli	a5,a5,16
 1071 000e 5EAD     		sh	a5,28(a0)
 1072 0010 8280     		ret
 1074              		.section	.text.TIM_OC1PolarityConfig,"ax",@progbits
 1075              		.align	1
 1076              		.globl	TIM_OC1PolarityConfig
 1078              	TIM_OC1PolarityConfig:
 1079 0000 1E31     		lhu	a5,32(a0)
 1080 0002 C207     		slli	a5,a5,16
 1081 0004 C183     		srli	a5,a5,16
 1082 0006 F59B     		andi	a5,a5,-3
 1083 0008 CD8F     		or	a5,a5,a1
 1084 000a 1EB1     		sh	a5,32(a0)
 1085 000c 8280     		ret
 1087              		.section	.text.TIM_OC1NPolarityConfig,"ax",@progbits
 1088              		.align	1
 1089              		.globl	TIM_OC1NPolarityConfig
 1091              	TIM_OC1NPolarityConfig:
 1092 0000 1E31     		lhu	a5,32(a0)
 1093 0002 C207     		slli	a5,a5,16
 1094 0004 C183     		srli	a5,a5,16
 1095 0006 DD9B     		andi	a5,a5,-9
 1096 0008 CD8F     		or	a5,a5,a1
 1097 000a 1EB1     		sh	a5,32(a0)
 1098 000c 8280     		ret
 1100              		.section	.text.TIM_OC2PolarityConfig,"ax",@progbits
 1101              		.align	1
 1102              		.globl	TIM_OC2PolarityConfig
 1104              	TIM_OC2PolarityConfig:
 1105 0000 1E31     		lhu	a5,32(a0)
 1106 0002 9205     		slli	a1,a1,4
 1107 0004 C207     		slli	a5,a5,16
 1108 0006 C183     		srli	a5,a5,16
 1109 0008 93F7F7FD 		andi	a5,a5,-33
GAS LISTING /tmp/ccaW1XAn.s 			page 19


 1110 000c CD8F     		or	a5,a5,a1
 1111 000e C207     		slli	a5,a5,16
 1112 0010 C183     		srli	a5,a5,16
 1113 0012 1EB1     		sh	a5,32(a0)
 1114 0014 8280     		ret
 1116              		.section	.text.TIM_OC2NPolarityConfig,"ax",@progbits
 1117              		.align	1
 1118              		.globl	TIM_OC2NPolarityConfig
 1120              	TIM_OC2NPolarityConfig:
 1121 0000 1E31     		lhu	a5,32(a0)
 1122 0002 9205     		slli	a1,a1,4
 1123 0004 C207     		slli	a5,a5,16
 1124 0006 C183     		srli	a5,a5,16
 1125 0008 93F7F7F7 		andi	a5,a5,-129
 1126 000c CD8F     		or	a5,a5,a1
 1127 000e C207     		slli	a5,a5,16
 1128 0010 C183     		srli	a5,a5,16
 1129 0012 1EB1     		sh	a5,32(a0)
 1130 0014 8280     		ret
 1132              		.section	.text.TIM_OC3PolarityConfig,"ax",@progbits
 1133              		.align	1
 1134              		.globl	TIM_OC3PolarityConfig
 1136              	TIM_OC3PolarityConfig:
 1137 0000 1E31     		lhu	a5,32(a0)
 1138 0002 A205     		slli	a1,a1,8
 1139 0004 C207     		slli	a5,a5,16
 1140 0006 C183     		srli	a5,a5,16
 1141 0008 93F7F7DF 		andi	a5,a5,-513
 1142 000c CD8F     		or	a5,a5,a1
 1143 000e C207     		slli	a5,a5,16
 1144 0010 C183     		srli	a5,a5,16
 1145 0012 1EB1     		sh	a5,32(a0)
 1146 0014 8280     		ret
 1148              		.section	.text.TIM_OC3NPolarityConfig,"ax",@progbits
 1149              		.align	1
 1150              		.globl	TIM_OC3NPolarityConfig
 1152              	TIM_OC3NPolarityConfig:
 1153 0000 1E31     		lhu	a5,32(a0)
 1154 0002 7D77     		li	a4,-4096
 1155 0004 1307F77F 		addi	a4,a4,2047
 1156 0008 F98F     		and	a5,a5,a4
 1157 000a A205     		slli	a1,a1,8
 1158 000c CD8F     		or	a5,a5,a1
 1159 000e C207     		slli	a5,a5,16
 1160 0010 C183     		srli	a5,a5,16
 1161 0012 1EB1     		sh	a5,32(a0)
 1162 0014 8280     		ret
 1164              		.section	.text.TIM_OC4PolarityConfig,"ax",@progbits
 1165              		.align	1
 1166              		.globl	TIM_OC4PolarityConfig
 1168              	TIM_OC4PolarityConfig:
 1169 0000 1E31     		lhu	a5,32(a0)
 1170 0002 7977     		li	a4,-8192
 1171 0004 7D17     		addi	a4,a4,-1
 1172 0006 F98F     		and	a5,a5,a4
 1173 0008 B205     		slli	a1,a1,12
 1174 000a CD8F     		or	a5,a5,a1
GAS LISTING /tmp/ccaW1XAn.s 			page 20


 1175 000c C207     		slli	a5,a5,16
 1176 000e C183     		srli	a5,a5,16
 1177 0010 1EB1     		sh	a5,32(a0)
 1178 0012 8280     		ret
 1180              		.section	.text.TIM_CCxCmd,"ax",@progbits
 1181              		.align	1
 1182              		.globl	TIM_CCxCmd
 1184              	TIM_CCxCmd:
 1185 0000 1A31     		lhu	a4,32(a0)
 1186 0002 8547     		li	a5,1
 1187 0004 B397B700 		sll	a5,a5,a1
 1188 0008 93C7F7FF 		not	a5,a5
 1189 000c F98F     		and	a5,a4,a5
 1190 000e 1EB1     		sh	a5,32(a0)
 1191 0010 1E31     		lhu	a5,32(a0)
 1192 0012 3316B600 		sll	a2,a2,a1
 1193 0016 D18F     		or	a5,a5,a2
 1194 0018 C207     		slli	a5,a5,16
 1195 001a C183     		srli	a5,a5,16
 1196 001c 1EB1     		sh	a5,32(a0)
 1197 001e 8280     		ret
 1199              		.section	.text.TIM_CCxNCmd,"ax",@progbits
 1200              		.align	1
 1201              		.globl	TIM_CCxNCmd
 1203              	TIM_CCxNCmd:
 1204 0000 1A31     		lhu	a4,32(a0)
 1205 0002 9147     		li	a5,4
 1206 0004 B397B700 		sll	a5,a5,a1
 1207 0008 93C7F7FF 		not	a5,a5
 1208 000c F98F     		and	a5,a4,a5
 1209 000e 1EB1     		sh	a5,32(a0)
 1210 0010 1E31     		lhu	a5,32(a0)
 1211 0012 3316B600 		sll	a2,a2,a1
 1212 0016 D18F     		or	a5,a5,a2
 1213 0018 C207     		slli	a5,a5,16
 1214 001a C183     		srli	a5,a5,16
 1215 001c 1EB1     		sh	a5,32(a0)
 1216 001e 8280     		ret
 1218              		.section	.text.TIM_SelectOCxM,"ax",@progbits
 1219              		.align	1
 1220              		.globl	TIM_SelectOCxM
 1222              	TIM_SelectOCxM:
 1223 0000 1A31     		lhu	a4,32(a0)
 1224 0002 8547     		li	a5,1
 1225 0004 B397B700 		sll	a5,a5,a1
 1226 0008 93C7F7FF 		not	a5,a5
 1227 000c F98F     		and	a5,a4,a5
 1228 000e 1EB1     		sh	a5,32(a0)
 1229 0010 93F775FF 		andi	a5,a1,-9
 1230 0014 93068501 		addi	a3,a0,24
 1231 0018 99EB     		bne	a5,zero,.L108
 1232 001a 8581     		srli	a1,a1,1
 1233 001c B695     		add	a1,a1,a3
 1234 001e 9C41     		lw	a5,0(a1)
 1235 0020 93F7F7F8 		andi	a5,a5,-113
 1236 0024 9CC1     		sw	a5,0(a1)
 1237 0026 9C41     		lw	a5,0(a1)
GAS LISTING /tmp/ccaW1XAn.s 			page 21


 1238              	.L110:
 1239 0028 5D8E     		or	a2,a2,a5
 1240 002a 90C1     		sw	a2,0(a1)
 1241 002c 8280     		ret
 1242              	.L108:
 1243 002e F115     		addi	a1,a1,-4
 1244 0030 C205     		slli	a1,a1,16
 1245 0032 C181     		srli	a1,a1,16
 1246 0034 8581     		srli	a1,a1,1
 1247 0036 B695     		add	a1,a1,a3
 1248 0038 9C41     		lw	a5,0(a1)
 1249 003a 6577     		li	a4,-28672
 1250 003c 7D17     		addi	a4,a4,-1
 1251 003e F98F     		and	a5,a5,a4
 1252 0040 2206     		slli	a2,a2,8
 1253 0042 9CC1     		sw	a5,0(a1)
 1254 0044 4206     		slli	a2,a2,16
 1255 0046 9C41     		lw	a5,0(a1)
 1256 0048 4182     		srli	a2,a2,16
 1257 004a F9BF     		j	.L110
 1259              		.section	.text.TIM_UpdateDisableConfig,"ax",@progbits
 1260              		.align	1
 1261              		.globl	TIM_UpdateDisableConfig
 1263              	TIM_UpdateDisableConfig:
 1264 0000 1E21     		lhu	a5,0(a0)
 1265 0002 89C5     		beq	a1,zero,.L112
 1266 0004 93E72700 		ori	a5,a5,2
 1267              	.L114:
 1268 0008 1EA1     		sh	a5,0(a0)
 1269 000a 8280     		ret
 1270              	.L112:
 1271 000c C207     		slli	a5,a5,16
 1272 000e C183     		srli	a5,a5,16
 1273 0010 F59B     		andi	a5,a5,-3
 1274 0012 C207     		slli	a5,a5,16
 1275 0014 C183     		srli	a5,a5,16
 1276 0016 CDBF     		j	.L114
 1278              		.section	.text.TIM_UpdateRequestConfig,"ax",@progbits
 1279              		.align	1
 1280              		.globl	TIM_UpdateRequestConfig
 1282              	TIM_UpdateRequestConfig:
 1283 0000 1E21     		lhu	a5,0(a0)
 1284 0002 89C5     		beq	a1,zero,.L116
 1285 0004 93E74700 		ori	a5,a5,4
 1286              	.L118:
 1287 0008 1EA1     		sh	a5,0(a0)
 1288 000a 8280     		ret
 1289              	.L116:
 1290 000c C207     		slli	a5,a5,16
 1291 000e C183     		srli	a5,a5,16
 1292 0010 ED9B     		andi	a5,a5,-5
 1293 0012 C207     		slli	a5,a5,16
 1294 0014 C183     		srli	a5,a5,16
 1295 0016 CDBF     		j	.L118
 1297              		.section	.text.TIM_SelectHallSensor,"ax",@progbits
 1298              		.align	1
 1299              		.globl	TIM_SelectHallSensor
GAS LISTING /tmp/ccaW1XAn.s 			page 22


 1301              	TIM_SelectHallSensor:
 1302 0000 5E21     		lhu	a5,4(a0)
 1303 0002 89C5     		beq	a1,zero,.L120
 1304 0004 93E70708 		ori	a5,a5,128
 1305              	.L122:
 1306 0008 5EA1     		sh	a5,4(a0)
 1307 000a 8280     		ret
 1308              	.L120:
 1309 000c C207     		slli	a5,a5,16
 1310 000e C183     		srli	a5,a5,16
 1311 0010 93F7F7F7 		andi	a5,a5,-129
 1312 0014 C207     		slli	a5,a5,16
 1313 0016 C183     		srli	a5,a5,16
 1314 0018 C5BF     		j	.L122
 1316              		.section	.text.TIM_SelectOnePulseMode,"ax",@progbits
 1317              		.align	1
 1318              		.globl	TIM_SelectOnePulseMode
 1320              	TIM_SelectOnePulseMode:
 1321 0000 1E21     		lhu	a5,0(a0)
 1322 0002 C207     		slli	a5,a5,16
 1323 0004 C183     		srli	a5,a5,16
 1324 0006 DD9B     		andi	a5,a5,-9
 1325 0008 C207     		slli	a5,a5,16
 1326 000a C183     		srli	a5,a5,16
 1327 000c 1EA1     		sh	a5,0(a0)
 1328 000e 1E21     		lhu	a5,0(a0)
 1329 0010 CD8F     		or	a5,a5,a1
 1330 0012 1EA1     		sh	a5,0(a0)
 1331 0014 8280     		ret
 1333              		.section	.text.TIM_SelectOutputTrigger,"ax",@progbits
 1334              		.align	1
 1335              		.globl	TIM_SelectOutputTrigger
 1337              	TIM_SelectOutputTrigger:
 1338 0000 5E21     		lhu	a5,4(a0)
 1339 0002 C207     		slli	a5,a5,16
 1340 0004 C183     		srli	a5,a5,16
 1341 0006 93F7F7F8 		andi	a5,a5,-113
 1342 000a C207     		slli	a5,a5,16
 1343 000c C183     		srli	a5,a5,16
 1344 000e 5EA1     		sh	a5,4(a0)
 1345 0010 5E21     		lhu	a5,4(a0)
 1346 0012 CD8F     		or	a5,a5,a1
 1347 0014 5EA1     		sh	a5,4(a0)
 1348 0016 8280     		ret
 1350              		.section	.text.TIM_SelectSlaveMode,"ax",@progbits
 1351              		.align	1
 1352              		.globl	TIM_SelectSlaveMode
 1354              	TIM_SelectSlaveMode:
 1355 0000 1E25     		lhu	a5,8(a0)
 1356 0002 C207     		slli	a5,a5,16
 1357 0004 C183     		srli	a5,a5,16
 1358 0006 E19B     		andi	a5,a5,-8
 1359 0008 C207     		slli	a5,a5,16
 1360 000a C183     		srli	a5,a5,16
 1361 000c 1EA5     		sh	a5,8(a0)
 1362 000e 1E25     		lhu	a5,8(a0)
 1363 0010 CD8F     		or	a5,a5,a1
GAS LISTING /tmp/ccaW1XAn.s 			page 23


 1364 0012 1EA5     		sh	a5,8(a0)
 1365 0014 8280     		ret
 1367              		.section	.text.TIM_SelectMasterSlaveMode,"ax",@progbits
 1368              		.align	1
 1369              		.globl	TIM_SelectMasterSlaveMode
 1371              	TIM_SelectMasterSlaveMode:
 1372 0000 1E25     		lhu	a5,8(a0)
 1373 0002 C207     		slli	a5,a5,16
 1374 0004 C183     		srli	a5,a5,16
 1375 0006 93F7F7F7 		andi	a5,a5,-129
 1376 000a C207     		slli	a5,a5,16
 1377 000c C183     		srli	a5,a5,16
 1378 000e 1EA5     		sh	a5,8(a0)
 1379 0010 1E25     		lhu	a5,8(a0)
 1380 0012 CD8F     		or	a5,a5,a1
 1381 0014 1EA5     		sh	a5,8(a0)
 1382 0016 8280     		ret
 1384              		.section	.text.TIM_SetCounter,"ax",@progbits
 1385              		.align	1
 1386              		.globl	TIM_SetCounter
 1388              	TIM_SetCounter:
 1389 0000 4EB1     		sh	a1,36(a0)
 1390 0002 8280     		ret
 1392              		.section	.text.TIM_SetAutoreload,"ax",@progbits
 1393              		.align	1
 1394              		.globl	TIM_SetAutoreload
 1396              	TIM_SetAutoreload:
 1397 0000 4EB5     		sh	a1,44(a0)
 1398 0002 8280     		ret
 1400              		.section	.text.TIM_SetCompare1,"ax",@progbits
 1401              		.align	1
 1402              		.globl	TIM_SetCompare1
 1404              	TIM_SetCompare1:
 1405 0000 4EB9     		sh	a1,52(a0)
 1406 0002 8280     		ret
 1408              		.section	.text.TIM_SetCompare2,"ax",@progbits
 1409              		.align	1
 1410              		.globl	TIM_SetCompare2
 1412              	TIM_SetCompare2:
 1413 0000 0EBD     		sh	a1,56(a0)
 1414 0002 8280     		ret
 1416              		.section	.text.TIM_SetCompare3,"ax",@progbits
 1417              		.align	1
 1418              		.globl	TIM_SetCompare3
 1420              	TIM_SetCompare3:
 1421 0000 4EBD     		sh	a1,60(a0)
 1422 0002 8280     		ret
 1424              		.section	.text.TIM_SetCompare4,"ax",@progbits
 1425              		.align	1
 1426              		.globl	TIM_SetCompare4
 1428              	TIM_SetCompare4:
 1429 0000 2310B504 		sh	a1,64(a0)
 1430 0004 8280     		ret
 1432              		.section	.text.TIM_SetIC1Prescaler,"ax",@progbits
 1433              		.align	1
 1434              		.globl	TIM_SetIC1Prescaler
 1436              	TIM_SetIC1Prescaler:
GAS LISTING /tmp/ccaW1XAn.s 			page 24


 1437 0000 1E2D     		lhu	a5,24(a0)
 1438 0002 C207     		slli	a5,a5,16
 1439 0004 C183     		srli	a5,a5,16
 1440 0006 CD9B     		andi	a5,a5,-13
 1441 0008 C207     		slli	a5,a5,16
 1442 000a C183     		srli	a5,a5,16
 1443 000c 1EAD     		sh	a5,24(a0)
 1444 000e 1E2D     		lhu	a5,24(a0)
 1445 0010 CD8F     		or	a5,a5,a1
 1446 0012 1EAD     		sh	a5,24(a0)
 1447 0014 8280     		ret
 1449              		.section	.text.TIM_SetIC2Prescaler,"ax",@progbits
 1450              		.align	1
 1451              		.globl	TIM_SetIC2Prescaler
 1453              	TIM_SetIC2Prescaler:
 1454 0000 1E2D     		lhu	a5,24(a0)
 1455 0002 7D77     		li	a4,-4096
 1456 0004 1307F73F 		addi	a4,a4,1023
 1457 0008 F98F     		and	a5,a5,a4
 1458 000a 1EAD     		sh	a5,24(a0)
 1459 000c 1E2D     		lhu	a5,24(a0)
 1460 000e A205     		slli	a1,a1,8
 1461 0010 CD8F     		or	a5,a5,a1
 1462 0012 C207     		slli	a5,a5,16
 1463 0014 C183     		srli	a5,a5,16
 1464 0016 1EAD     		sh	a5,24(a0)
 1465 0018 8280     		ret
 1467              		.section	.text.TIM_PWMIConfig,"ax",@progbits
 1468              		.align	1
 1469              		.globl	TIM_PWMIConfig
 1471              	TIM_PWMIConfig:
 1472 0000 17030000 		call	t0,__riscv_save_4
 1472      E7020300 
 1473 0008 AE84     		mv	s1,a1
 1474 000a AE21     		lhu	a1,2(a1)
 1475 000c D220     		lhu	a2,4(s1)
 1476 000e 8547     		li	a5,1
 1477 0010 13B91500 		seqz	s2,a1
 1478 0014 4111     		addi	sp,sp,-16
 1479 0016 2A84     		mv	s0,a0
 1480 0018 0609     		slli	s2,s2,1
 1481 001a 8549     		li	s3,1
 1482 001c 6313F600 		bne	a2,a5,.L136
 1483 0020 8949     		li	s3,2
 1484              	.L136:
 1485 0022 9624     		lhu	a3,8(s1)
 1486 0024 9E20     		lhu	a5,0(s1)
 1487 0026 2285     		mv	a0,s0
 1488 0028 36C6     		sw	a3,12(sp)
 1489 002a 9DEF     		bne	a5,zero,.L137
 1490 002c 97000000 		call	TI1_Config
 1490      E7800000 
 1491 0034 E620     		lhu	s1,6(s1)
 1492 0036 2285     		mv	a0,s0
 1493 0038 A685     		mv	a1,s1
 1494 003a 97000000 		call	TIM_SetIC1Prescaler
 1494      E7800000 
GAS LISTING /tmp/ccaW1XAn.s 			page 25


 1495 0042 B246     		lw	a3,12(sp)
 1496 0044 CA85     		mv	a1,s2
 1497 0046 2285     		mv	a0,s0
 1498 0048 4E86     		mv	a2,s3
 1499 004a 97000000 		call	TI2_Config
 1499      E7800000 
 1500 0052 A685     		mv	a1,s1
 1501 0054 2285     		mv	a0,s0
 1502 0056 97000000 		call	TIM_SetIC2Prescaler
 1502      E7800000 
 1503              	.L135:
 1504 005e 4101     		addi	sp,sp,16
 1505 0060 17030000 		tail	__riscv_restore_4
 1505      67000300 
 1506              	.L137:
 1507 0068 97000000 		call	TI2_Config
 1507      E7800000 
 1508 0070 E620     		lhu	s1,6(s1)
 1509 0072 2285     		mv	a0,s0
 1510 0074 A685     		mv	a1,s1
 1511 0076 97000000 		call	TIM_SetIC2Prescaler
 1511      E7800000 
 1512 007e B246     		lw	a3,12(sp)
 1513 0080 CA85     		mv	a1,s2
 1514 0082 2285     		mv	a0,s0
 1515 0084 4E86     		mv	a2,s3
 1516 0086 97000000 		call	TI1_Config
 1516      E7800000 
 1517 008e A685     		mv	a1,s1
 1518 0090 2285     		mv	a0,s0
 1519 0092 97000000 		call	TIM_SetIC1Prescaler
 1519      E7800000 
 1520 009a D1B7     		j	.L135
 1522              		.section	.text.TIM_SetIC3Prescaler,"ax",@progbits
 1523              		.align	1
 1524              		.globl	TIM_SetIC3Prescaler
 1526              	TIM_SetIC3Prescaler:
 1527 0000 5E2D     		lhu	a5,28(a0)
 1528 0002 C207     		slli	a5,a5,16
 1529 0004 C183     		srli	a5,a5,16
 1530 0006 CD9B     		andi	a5,a5,-13
 1531 0008 C207     		slli	a5,a5,16
 1532 000a C183     		srli	a5,a5,16
 1533 000c 5EAD     		sh	a5,28(a0)
 1534 000e 5E2D     		lhu	a5,28(a0)
 1535 0010 CD8F     		or	a5,a5,a1
 1536 0012 5EAD     		sh	a5,28(a0)
 1537 0014 8280     		ret
 1539              		.section	.text.TIM_SetIC4Prescaler,"ax",@progbits
 1540              		.align	1
 1541              		.globl	TIM_SetIC4Prescaler
 1543              	TIM_SetIC4Prescaler:
 1544 0000 5E2D     		lhu	a5,28(a0)
 1545 0002 7D77     		li	a4,-4096
 1546 0004 1307F73F 		addi	a4,a4,1023
 1547 0008 F98F     		and	a5,a5,a4
 1548 000a 5EAD     		sh	a5,28(a0)
GAS LISTING /tmp/ccaW1XAn.s 			page 26


 1549 000c 5E2D     		lhu	a5,28(a0)
 1550 000e A205     		slli	a1,a1,8
 1551 0010 CD8F     		or	a5,a5,a1
 1552 0012 C207     		slli	a5,a5,16
 1553 0014 C183     		srli	a5,a5,16
 1554 0016 5EAD     		sh	a5,28(a0)
 1555 0018 8280     		ret
 1557              		.section	.text.TIM_ICInit,"ax",@progbits
 1558              		.align	1
 1559              		.globl	TIM_ICInit
 1561              	TIM_ICInit:
 1562 0000 17030000 		call	t0,__riscv_save_2
 1562      E7020300 
 1563 0008 9A21     		lhu	a4,0(a1)
 1564 000a BE21     		lhu	a5,2(a1)
 1565 000c D221     		lhu	a2,4(a1)
 1566 000e 9625     		lhu	a3,8(a1)
 1567 0010 2A84     		mv	s0,a0
 1568 0012 AE84     		mv	s1,a1
 1569 0014 05E3     		bne	a4,zero,.L145
 1570 0016 BE85     		mv	a1,a5
 1571 0018 97000000 		call	TI1_Config
 1571      E7800000 
 1572 0020 EE20     		lhu	a1,6(s1)
 1573 0022 2285     		mv	a0,s0
 1574 0024 97000000 		call	TIM_SetIC1Prescaler
 1574      E7800000 
 1575              	.L144:
 1576 002c 17030000 		tail	__riscv_restore_2
 1576      67000300 
 1577              	.L145:
 1578 0034 9145     		li	a1,4
 1579 0036 631EB700 		bne	a4,a1,.L147
 1580 003a BE85     		mv	a1,a5
 1581 003c 97000000 		call	TI2_Config
 1581      E7800000 
 1582 0044 EE20     		lhu	a1,6(s1)
 1583 0046 2285     		mv	a0,s0
 1584 0048 97000000 		call	TIM_SetIC2Prescaler
 1584      E7800000 
 1585 0050 F1BF     		j	.L144
 1586              	.L147:
 1587 0052 2145     		li	a0,8
 1588 0054 EE20     		lhu	a1,6(s1)
 1589 0056 631AA708 		bne	a4,a0,.L148
 1590 005a 1A30     		lhu	a4,32(s0)
 1591 005c 9206     		slli	a3,a3,4
 1592 005e 13988700 		slli	a6,a5,8
 1593 0062 4207     		slli	a4,a4,16
 1594 0064 4183     		srli	a4,a4,16
 1595 0066 1377F7EF 		andi	a4,a4,-257
 1596 006a 4207     		slli	a4,a4,16
 1597 006c 4183     		srli	a4,a4,16
 1598 006e 1AB0     		sh	a4,32(s0)
 1599 0070 4A2C     		lhu	a0,28(s0)
 1600 0072 1A30     		lhu	a4,32(s0)
 1601 0074 4208     		slli	a6,a6,16
GAS LISTING /tmp/ccaW1XAn.s 			page 27


 1602 0076 4205     		slli	a0,a0,16
 1603 0078 4181     		srli	a0,a0,16
 1604 007a 1375C5F0 		andi	a0,a0,-244
 1605 007e 518D     		or	a0,a2,a0
 1606 0080 558D     		or	a0,a0,a3
 1607 0082 B7360140 		li	a3,1073819648
 1608 0086 4207     		slli	a4,a4,16
 1609 0088 4205     		slli	a0,a0,16
 1610 008a 938606C0 		addi	a3,a3,-1024
 1611 008e 4183     		srli	a4,a4,16
 1612 0090 13580801 		srli	a6,a6,16
 1613 0094 4181     		srli	a0,a0,16
 1614 0096 6304D402 		beq	s0,a3,.L149
 1615 009a B7060040 		li	a3,1073741824
 1616 009e 6300D402 		beq	s0,a3,.L149
 1617 00a2 93860640 		addi	a3,a3,1024
 1618 00a6 630CD400 		beq	s0,a3,.L149
 1619 00aa B7160040 		li	a3,1073745920
 1620 00ae 13860680 		addi	a2,a3,-2048
 1621 00b2 6306C400 		beq	s0,a2,.L149
 1622 00b6 938606C0 		addi	a3,a3,-1024
 1623 00ba 6310D402 		bne	s0,a3,.L150
 1624              	.L149:
 1625 00be 1377F7DF 		andi	a4,a4,-513
 1626 00c2 3368E800 		or	a6,a6,a4
 1627 00c6 13670810 		ori	a4,a6,256
 1628              	.L151:
 1629 00ca 4AAC     		sh	a0,28(s0)
 1630 00cc 1AB0     		sh	a4,32(s0)
 1631 00ce 2285     		mv	a0,s0
 1632 00d0 97000000 		call	TIM_SetIC3Prescaler
 1632      E7800000 
 1633 00d8 91BF     		j	.L144
 1634              	.L150:
 1635 00da FD76     		li	a3,-4096
 1636 00dc 9386F65F 		addi	a3,a3,1535
 1637 00e0 758F     		and	a4,a4,a3
 1638 00e2 5D8F     		or	a4,a5,a4
 1639 00e4 13670710 		ori	a4,a4,256
 1640 00e8 CDB7     		j	.L151
 1641              	.L148:
 1642 00ea 1A30     		lhu	a4,32(s0)
 1643 00ec 7D75     		li	a0,-4096
 1644 00ee 7D15     		addi	a0,a0,-1
 1645 00f0 698F     		and	a4,a4,a0
 1646 00f2 1AB0     		sh	a4,32(s0)
 1647 00f4 4A2C     		lhu	a0,28(s0)
 1648 00f6 8568     		li	a7,4096
 1649 00f8 B206     		slli	a3,a3,12
 1650 00fa 1A30     		lhu	a4,32(s0)
 1651 00fc 9388F8CF 		addi	a7,a7,-769
 1652 0100 2206     		slli	a2,a2,8
 1653 0102 558E     		or	a2,a2,a3
 1654 0104 33751501 		and	a0,a0,a7
 1655 0108 1398C700 		slli	a6,a5,12
 1656 010c 518D     		or	a0,a0,a2
 1657 010e B7360140 		li	a3,1073819648
GAS LISTING /tmp/ccaW1XAn.s 			page 28


 1658 0112 4207     		slli	a4,a4,16
 1659 0114 4208     		slli	a6,a6,16
 1660 0116 4205     		slli	a0,a0,16
 1661 0118 938606C0 		addi	a3,a3,-1024
 1662 011c 4183     		srli	a4,a4,16
 1663 011e 13580801 		srli	a6,a6,16
 1664 0122 4181     		srli	a0,a0,16
 1665 0124 6304D402 		beq	s0,a3,.L152
 1666 0128 B7060040 		li	a3,1073741824
 1667 012c 6300D402 		beq	s0,a3,.L152
 1668 0130 93860640 		addi	a3,a3,1024
 1669 0134 630CD400 		beq	s0,a3,.L152
 1670 0138 B7160040 		li	a3,1073745920
 1671 013c 13860680 		addi	a2,a3,-2048
 1672 0140 6306C400 		beq	s0,a2,.L152
 1673 0144 938606C0 		addi	a3,a3,-1024
 1674 0148 6312D402 		bne	s0,a3,.L153
 1675              	.L152:
 1676 014c F977     		li	a5,-8192
 1677 014e FD17     		addi	a5,a5,-1
 1678 0150 7D8F     		and	a4,a4,a5
 1679 0152 3368E800 		or	a6,a6,a4
 1680 0156 8567     		li	a5,4096
 1681 0158 B367F800 		or	a5,a6,a5
 1682              	.L154:
 1683 015c 4AAC     		sh	a0,28(s0)
 1684 015e 1EB0     		sh	a5,32(s0)
 1685 0160 2285     		mv	a0,s0
 1686 0162 97000000 		call	TIM_SetIC4Prescaler
 1686      E7800000 
 1687 016a C9B5     		j	.L144
 1688              	.L153:
 1689 016c 1377F7DF 		andi	a4,a4,-513
 1690 0170 D98F     		or	a5,a5,a4
 1691 0172 0567     		li	a4,4096
 1692 0174 D98F     		or	a5,a5,a4
 1693 0176 DDB7     		j	.L154
 1695              		.section	.text.TIM_SetClockDivision,"ax",@progbits
 1696              		.align	1
 1697              		.globl	TIM_SetClockDivision
 1699              	TIM_SetClockDivision:
 1700 0000 1E21     		lhu	a5,0(a0)
 1701 0002 C207     		slli	a5,a5,16
 1702 0004 C183     		srli	a5,a5,16
 1703 0006 93F7F7CF 		andi	a5,a5,-769
 1704 000a C207     		slli	a5,a5,16
 1705 000c C183     		srli	a5,a5,16
 1706 000e 1EA1     		sh	a5,0(a0)
 1707 0010 1E21     		lhu	a5,0(a0)
 1708 0012 CD8F     		or	a5,a5,a1
 1709 0014 1EA1     		sh	a5,0(a0)
 1710 0016 8280     		ret
 1712              		.section	.text.TIM_GetCapture1,"ax",@progbits
 1713              		.align	1
 1714              		.globl	TIM_GetCapture1
 1716              	TIM_GetCapture1:
 1717 0000 4A39     		lhu	a0,52(a0)
GAS LISTING /tmp/ccaW1XAn.s 			page 29


 1718 0002 8280     		ret
 1720              		.section	.text.TIM_GetCapture2,"ax",@progbits
 1721              		.align	1
 1722              		.globl	TIM_GetCapture2
 1724              	TIM_GetCapture2:
 1725 0000 0A3D     		lhu	a0,56(a0)
 1726 0002 8280     		ret
 1728              		.section	.text.TIM_GetCapture3,"ax",@progbits
 1729              		.align	1
 1730              		.globl	TIM_GetCapture3
 1732              	TIM_GetCapture3:
 1733 0000 4A3D     		lhu	a0,60(a0)
 1734 0002 8280     		ret
 1736              		.section	.text.TIM_GetCapture4,"ax",@progbits
 1737              		.align	1
 1738              		.globl	TIM_GetCapture4
 1740              	TIM_GetCapture4:
 1741 0000 03550504 		lhu	a0,64(a0)
 1742 0004 8280     		ret
 1744              		.section	.text.TIM_GetCounter,"ax",@progbits
 1745              		.align	1
 1746              		.globl	TIM_GetCounter
 1748              	TIM_GetCounter:
 1749 0000 4A31     		lhu	a0,36(a0)
 1750 0002 8280     		ret
 1752              		.section	.text.TIM_GetPrescaler,"ax",@progbits
 1753              		.align	1
 1754              		.globl	TIM_GetPrescaler
 1756              	TIM_GetPrescaler:
 1757 0000 0A35     		lhu	a0,40(a0)
 1758 0002 8280     		ret
 1760              		.section	.text.TIM_GetFlagStatus,"ax",@progbits
 1761              		.align	1
 1762              		.globl	TIM_GetFlagStatus
 1764              	TIM_GetFlagStatus:
 1765 0000 0A29     		lhu	a0,16(a0)
 1766 0002 6D8D     		and	a0,a0,a1
 1767 0004 3335A000 		snez	a0,a0
 1768 0008 8280     		ret
 1770              		.section	.text.TIM_ClearFlag,"ax",@progbits
 1771              		.align	1
 1772              		.globl	TIM_ClearFlag
 1774              	TIM_ClearFlag:
 1775 0000 93C5F5FF 		not	a1,a1
 1776 0004 C205     		slli	a1,a1,16
 1777 0006 C181     		srli	a1,a1,16
 1778 0008 0EA9     		sh	a1,16(a0)
 1779 000a 8280     		ret
 1781              		.section	.text.TIM_GetITStatus,"ax",@progbits
 1782              		.align	1
 1783              		.globl	TIM_GetITStatus
 1785              	TIM_GetITStatus:
 1786 0000 1E29     		lhu	a5,16(a0)
 1787 0002 4A25     		lhu	a0,12(a0)
 1788 0004 ED8F     		and	a5,a5,a1
 1789 0006 4205     		slli	a0,a0,16
 1790 0008 4181     		srli	a0,a0,16
GAS LISTING /tmp/ccaW1XAn.s 			page 30


 1791 000a 89C7     		beq	a5,zero,.L167
 1792 000c 6D8D     		and	a0,a0,a1
 1793 000e 3335A000 		snez	a0,a0
 1794 0012 8280     		ret
 1795              	.L167:
 1796 0014 0145     		li	a0,0
 1797 0016 8280     		ret
 1799              		.section	.text.TIM_ClearITPendingBit,"ax",@progbits
 1800              		.align	1
 1801              		.globl	TIM_ClearITPendingBit
 1803              	TIM_ClearITPendingBit:
 1804 0000 93C5F5FF 		not	a1,a1
 1805 0004 C205     		slli	a1,a1,16
 1806 0006 C181     		srli	a1,a1,16
 1807 0008 0EA9     		sh	a1,16(a0)
 1808 000a 8280     		ret
 1810              		.ident	"GCC: (xPack GNU RISC-V Embedded GCC x86_64) 12.2.0"
GAS LISTING /tmp/ccaW1XAn.s 			page 31


DEFINED SYMBOLS
                            *ABS*:0000000000000000 ch32v20x_tim.c
     /tmp/ccaW1XAn.s:10     .text.TI1_Config:0000000000000000 TI1_Config
     /tmp/ccaW1XAn.s:11     .text.TI1_Config:0000000000000000 $x
     /tmp/ccaW1XAn.s:57     .text.TI2_Config:0000000000000000 TI2_Config
     /tmp/ccaW1XAn.s:58     .text.TI2_Config:0000000000000000 $x
     /tmp/ccaW1XAn.s:111    .text.TIM_DeInit:0000000000000000 TIM_DeInit
     /tmp/ccaW1XAn.s:112    .text.TIM_DeInit:0000000000000000 $x
     /tmp/ccaW1XAn.s:169    .text.TIM_TimeBaseInit:0000000000000000 TIM_TimeBaseInit
     /tmp/ccaW1XAn.s:170    .text.TIM_TimeBaseInit:0000000000000000 $x
     /tmp/ccaW1XAn.s:214    .text.TIM_OC1Init:0000000000000000 TIM_OC1Init
     /tmp/ccaW1XAn.s:215    .text.TIM_OC1Init:0000000000000000 $x
     /tmp/ccaW1XAn.s:265    .text.TIM_OC2Init:0000000000000000 TIM_OC2Init
     /tmp/ccaW1XAn.s:266    .text.TIM_OC2Init:0000000000000000 $x
     /tmp/ccaW1XAn.s:333    .text.TIM_OC3Init:0000000000000000 TIM_OC3Init
     /tmp/ccaW1XAn.s:334    .text.TIM_OC3Init:0000000000000000 $x
     /tmp/ccaW1XAn.s:400    .text.TIM_OC4Init:0000000000000000 TIM_OC4Init
     /tmp/ccaW1XAn.s:401    .text.TIM_OC4Init:0000000000000000 $x
     /tmp/ccaW1XAn.s:452    .text.TIM_BDTRConfig:0000000000000000 TIM_BDTRConfig
     /tmp/ccaW1XAn.s:453    .text.TIM_BDTRConfig:0000000000000000 $x
     /tmp/ccaW1XAn.s:473    .text.TIM_TimeBaseStructInit:0000000000000000 TIM_TimeBaseStructInit
     /tmp/ccaW1XAn.s:474    .text.TIM_TimeBaseStructInit:0000000000000000 $x
     /tmp/ccaW1XAn.s:486    .text.TIM_OCStructInit:0000000000000000 TIM_OCStructInit
     /tmp/ccaW1XAn.s:487    .text.TIM_OCStructInit:0000000000000000 $x
     /tmp/ccaW1XAn.s:501    .text.TIM_ICStructInit:0000000000000000 TIM_ICStructInit
     /tmp/ccaW1XAn.s:502    .text.TIM_ICStructInit:0000000000000000 $x
     /tmp/ccaW1XAn.s:514    .text.TIM_BDTRStructInit:0000000000000000 TIM_BDTRStructInit
     /tmp/ccaW1XAn.s:515    .text.TIM_BDTRStructInit:0000000000000000 $x
     /tmp/ccaW1XAn.s:528    .text.TIM_Cmd:0000000000000000 TIM_Cmd
     /tmp/ccaW1XAn.s:529    .text.TIM_Cmd:0000000000000000 $x
     /tmp/ccaW1XAn.s:547    .text.TIM_CtrlPWMOutputs:0000000000000000 TIM_CtrlPWMOutputs
     /tmp/ccaW1XAn.s:548    .text.TIM_CtrlPWMOutputs:0000000000000000 $x
     /tmp/ccaW1XAn.s:564    .text.TIM_ITConfig:0000000000000000 TIM_ITConfig
     /tmp/ccaW1XAn.s:565    .text.TIM_ITConfig:0000000000000000 $x
     /tmp/ccaW1XAn.s:580    .text.TIM_GenerateEvent:0000000000000000 TIM_GenerateEvent
     /tmp/ccaW1XAn.s:581    .text.TIM_GenerateEvent:0000000000000000 $x
     /tmp/ccaW1XAn.s:588    .text.TIM_DMAConfig:0000000000000000 TIM_DMAConfig
     /tmp/ccaW1XAn.s:589    .text.TIM_DMAConfig:0000000000000000 $x
     /tmp/ccaW1XAn.s:597    .text.TIM_DMACmd:0000000000000000 TIM_DMACmd
     /tmp/ccaW1XAn.s:598    .text.TIM_DMACmd:0000000000000000 $x
     /tmp/ccaW1XAn.s:604    .text.TIM_InternalClockConfig:0000000000000000 TIM_InternalClockConfig
     /tmp/ccaW1XAn.s:605    .text.TIM_InternalClockConfig:0000000000000000 $x
     /tmp/ccaW1XAn.s:618    .text.TIM_ITRxExternalClockConfig:0000000000000000 TIM_ITRxExternalClockConfig
     /tmp/ccaW1XAn.s:619    .text.TIM_ITRxExternalClockConfig:0000000000000000 $x
     /tmp/ccaW1XAn.s:634    .text.TIM_TIxExternalClockConfig:0000000000000000 TIM_TIxExternalClockConfig
     /tmp/ccaW1XAn.s:635    .text.TIM_TIxExternalClockConfig:0000000000000000 $x
     /tmp/ccaW1XAn.s:662    .text.TIM_ETRConfig:0000000000000000 TIM_ETRConfig
     /tmp/ccaW1XAn.s:663    .text.TIM_ETRConfig:0000000000000000 $x
     /tmp/ccaW1XAn.s:678    .text.TIM_ETRClockMode1Config:0000000000000000 TIM_ETRClockMode1Config
     /tmp/ccaW1XAn.s:679    .text.TIM_ETRClockMode1Config:0000000000000000 $x
     /tmp/ccaW1XAn.s:694    .text.TIM_ETRClockMode2Config:0000000000000000 TIM_ETRClockMode2Config
     /tmp/ccaW1XAn.s:695    .text.TIM_ETRClockMode2Config:0000000000000000 $x
     /tmp/ccaW1XAn.s:708    .text.TIM_PrescalerConfig:0000000000000000 TIM_PrescalerConfig
     /tmp/ccaW1XAn.s:709    .text.TIM_PrescalerConfig:0000000000000000 $x
     /tmp/ccaW1XAn.s:717    .text.TIM_CounterModeConfig:0000000000000000 TIM_CounterModeConfig
     /tmp/ccaW1XAn.s:718    .text.TIM_CounterModeConfig:0000000000000000 $x
     /tmp/ccaW1XAn.s:730    .text.TIM_SelectInputTrigger:0000000000000000 TIM_SelectInputTrigger
GAS LISTING /tmp/ccaW1XAn.s 			page 32


     /tmp/ccaW1XAn.s:731    .text.TIM_SelectInputTrigger:0000000000000000 $x
     /tmp/ccaW1XAn.s:743    .text.TIM_EncoderInterfaceConfig:0000000000000000 TIM_EncoderInterfaceConfig
     /tmp/ccaW1XAn.s:744    .text.TIM_EncoderInterfaceConfig:0000000000000000 $x
     /tmp/ccaW1XAn.s:772    .text.TIM_ForcedOC1Config:0000000000000000 TIM_ForcedOC1Config
     /tmp/ccaW1XAn.s:773    .text.TIM_ForcedOC1Config:0000000000000000 $x
     /tmp/ccaW1XAn.s:785    .text.TIM_ForcedOC2Config:0000000000000000 TIM_ForcedOC2Config
     /tmp/ccaW1XAn.s:786    .text.TIM_ForcedOC2Config:0000000000000000 $x
     /tmp/ccaW1XAn.s:801    .text.TIM_ForcedOC3Config:0000000000000000 TIM_ForcedOC3Config
     /tmp/ccaW1XAn.s:802    .text.TIM_ForcedOC3Config:0000000000000000 $x
     /tmp/ccaW1XAn.s:814    .text.TIM_ForcedOC4Config:0000000000000000 TIM_ForcedOC4Config
     /tmp/ccaW1XAn.s:815    .text.TIM_ForcedOC4Config:0000000000000000 $x
     /tmp/ccaW1XAn.s:830    .text.TIM_ARRPreloadConfig:0000000000000000 TIM_ARRPreloadConfig
     /tmp/ccaW1XAn.s:831    .text.TIM_ARRPreloadConfig:0000000000000000 $x
     /tmp/ccaW1XAn.s:849    .text.TIM_SelectCOM:0000000000000000 TIM_SelectCOM
     /tmp/ccaW1XAn.s:850    .text.TIM_SelectCOM:0000000000000000 $x
     /tmp/ccaW1XAn.s:868    .text.TIM_SelectCCDMA:0000000000000000 TIM_SelectCCDMA
     /tmp/ccaW1XAn.s:869    .text.TIM_SelectCCDMA:0000000000000000 $x
     /tmp/ccaW1XAn.s:887    .text.TIM_CCPreloadControl:0000000000000000 TIM_CCPreloadControl
     /tmp/ccaW1XAn.s:888    .text.TIM_CCPreloadControl:0000000000000000 $x
     /tmp/ccaW1XAn.s:906    .text.TIM_OC1PreloadConfig:0000000000000000 TIM_OC1PreloadConfig
     /tmp/ccaW1XAn.s:907    .text.TIM_OC1PreloadConfig:0000000000000000 $x
     /tmp/ccaW1XAn.s:919    .text.TIM_OC2PreloadConfig:0000000000000000 TIM_OC2PreloadConfig
     /tmp/ccaW1XAn.s:920    .text.TIM_OC2PreloadConfig:0000000000000000 $x
     /tmp/ccaW1XAn.s:935    .text.TIM_OC3PreloadConfig:0000000000000000 TIM_OC3PreloadConfig
     /tmp/ccaW1XAn.s:936    .text.TIM_OC3PreloadConfig:0000000000000000 $x
     /tmp/ccaW1XAn.s:948    .text.TIM_OC4PreloadConfig:0000000000000000 TIM_OC4PreloadConfig
     /tmp/ccaW1XAn.s:949    .text.TIM_OC4PreloadConfig:0000000000000000 $x
     /tmp/ccaW1XAn.s:964    .text.TIM_OC1FastConfig:0000000000000000 TIM_OC1FastConfig
     /tmp/ccaW1XAn.s:965    .text.TIM_OC1FastConfig:0000000000000000 $x
     /tmp/ccaW1XAn.s:977    .text.TIM_OC2FastConfig:0000000000000000 TIM_OC2FastConfig
     /tmp/ccaW1XAn.s:978    .text.TIM_OC2FastConfig:0000000000000000 $x
     /tmp/ccaW1XAn.s:993    .text.TIM_OC3FastConfig:0000000000000000 TIM_OC3FastConfig
     /tmp/ccaW1XAn.s:994    .text.TIM_OC3FastConfig:0000000000000000 $x
     /tmp/ccaW1XAn.s:1006   .text.TIM_OC4FastConfig:0000000000000000 TIM_OC4FastConfig
     /tmp/ccaW1XAn.s:1007   .text.TIM_OC4FastConfig:0000000000000000 $x
     /tmp/ccaW1XAn.s:1022   .text.TIM_ClearOC1Ref:0000000000000000 TIM_ClearOC1Ref
     /tmp/ccaW1XAn.s:1023   .text.TIM_ClearOC1Ref:0000000000000000 $x
     /tmp/ccaW1XAn.s:1035   .text.TIM_ClearOC2Ref:0000000000000000 TIM_ClearOC2Ref
     /tmp/ccaW1XAn.s:1036   .text.TIM_ClearOC2Ref:0000000000000000 $x
     /tmp/ccaW1XAn.s:1050   .text.TIM_ClearOC3Ref:0000000000000000 TIM_ClearOC3Ref
     /tmp/ccaW1XAn.s:1051   .text.TIM_ClearOC3Ref:0000000000000000 $x
     /tmp/ccaW1XAn.s:1063   .text.TIM_ClearOC4Ref:0000000000000000 TIM_ClearOC4Ref
     /tmp/ccaW1XAn.s:1064   .text.TIM_ClearOC4Ref:0000000000000000 $x
     /tmp/ccaW1XAn.s:1078   .text.TIM_OC1PolarityConfig:0000000000000000 TIM_OC1PolarityConfig
     /tmp/ccaW1XAn.s:1079   .text.TIM_OC1PolarityConfig:0000000000000000 $x
     /tmp/ccaW1XAn.s:1091   .text.TIM_OC1NPolarityConfig:0000000000000000 TIM_OC1NPolarityConfig
     /tmp/ccaW1XAn.s:1092   .text.TIM_OC1NPolarityConfig:0000000000000000 $x
     /tmp/ccaW1XAn.s:1104   .text.TIM_OC2PolarityConfig:0000000000000000 TIM_OC2PolarityConfig
     /tmp/ccaW1XAn.s:1105   .text.TIM_OC2PolarityConfig:0000000000000000 $x
     /tmp/ccaW1XAn.s:1120   .text.TIM_OC2NPolarityConfig:0000000000000000 TIM_OC2NPolarityConfig
     /tmp/ccaW1XAn.s:1121   .text.TIM_OC2NPolarityConfig:0000000000000000 $x
     /tmp/ccaW1XAn.s:1136   .text.TIM_OC3PolarityConfig:0000000000000000 TIM_OC3PolarityConfig
     /tmp/ccaW1XAn.s:1137   .text.TIM_OC3PolarityConfig:0000000000000000 $x
     /tmp/ccaW1XAn.s:1152   .text.TIM_OC3NPolarityConfig:0000000000000000 TIM_OC3NPolarityConfig
     /tmp/ccaW1XAn.s:1153   .text.TIM_OC3NPolarityConfig:0000000000000000 $x
     /tmp/ccaW1XAn.s:1168   .text.TIM_OC4PolarityConfig:0000000000000000 TIM_OC4PolarityConfig
     /tmp/ccaW1XAn.s:1169   .text.TIM_OC4PolarityConfig:0000000000000000 $x
GAS LISTING /tmp/ccaW1XAn.s 			page 33


     /tmp/ccaW1XAn.s:1184   .text.TIM_CCxCmd:0000000000000000 TIM_CCxCmd
     /tmp/ccaW1XAn.s:1185   .text.TIM_CCxCmd:0000000000000000 $x
     /tmp/ccaW1XAn.s:1203   .text.TIM_CCxNCmd:0000000000000000 TIM_CCxNCmd
     /tmp/ccaW1XAn.s:1204   .text.TIM_CCxNCmd:0000000000000000 $x
     /tmp/ccaW1XAn.s:1222   .text.TIM_SelectOCxM:0000000000000000 TIM_SelectOCxM
     /tmp/ccaW1XAn.s:1223   .text.TIM_SelectOCxM:0000000000000000 $x
     /tmp/ccaW1XAn.s:1263   .text.TIM_UpdateDisableConfig:0000000000000000 TIM_UpdateDisableConfig
     /tmp/ccaW1XAn.s:1264   .text.TIM_UpdateDisableConfig:0000000000000000 $x
     /tmp/ccaW1XAn.s:1282   .text.TIM_UpdateRequestConfig:0000000000000000 TIM_UpdateRequestConfig
     /tmp/ccaW1XAn.s:1283   .text.TIM_UpdateRequestConfig:0000000000000000 $x
     /tmp/ccaW1XAn.s:1301   .text.TIM_SelectHallSensor:0000000000000000 TIM_SelectHallSensor
     /tmp/ccaW1XAn.s:1302   .text.TIM_SelectHallSensor:0000000000000000 $x
     /tmp/ccaW1XAn.s:1320   .text.TIM_SelectOnePulseMode:0000000000000000 TIM_SelectOnePulseMode
     /tmp/ccaW1XAn.s:1321   .text.TIM_SelectOnePulseMode:0000000000000000 $x
     /tmp/ccaW1XAn.s:1337   .text.TIM_SelectOutputTrigger:0000000000000000 TIM_SelectOutputTrigger
     /tmp/ccaW1XAn.s:1338   .text.TIM_SelectOutputTrigger:0000000000000000 $x
     /tmp/ccaW1XAn.s:1354   .text.TIM_SelectSlaveMode:0000000000000000 TIM_SelectSlaveMode
     /tmp/ccaW1XAn.s:1355   .text.TIM_SelectSlaveMode:0000000000000000 $x
     /tmp/ccaW1XAn.s:1371   .text.TIM_SelectMasterSlaveMode:0000000000000000 TIM_SelectMasterSlaveMode
     /tmp/ccaW1XAn.s:1372   .text.TIM_SelectMasterSlaveMode:0000000000000000 $x
     /tmp/ccaW1XAn.s:1388   .text.TIM_SetCounter:0000000000000000 TIM_SetCounter
     /tmp/ccaW1XAn.s:1389   .text.TIM_SetCounter:0000000000000000 $x
     /tmp/ccaW1XAn.s:1396   .text.TIM_SetAutoreload:0000000000000000 TIM_SetAutoreload
     /tmp/ccaW1XAn.s:1397   .text.TIM_SetAutoreload:0000000000000000 $x
     /tmp/ccaW1XAn.s:1404   .text.TIM_SetCompare1:0000000000000000 TIM_SetCompare1
     /tmp/ccaW1XAn.s:1405   .text.TIM_SetCompare1:0000000000000000 $x
     /tmp/ccaW1XAn.s:1412   .text.TIM_SetCompare2:0000000000000000 TIM_SetCompare2
     /tmp/ccaW1XAn.s:1413   .text.TIM_SetCompare2:0000000000000000 $x
     /tmp/ccaW1XAn.s:1420   .text.TIM_SetCompare3:0000000000000000 TIM_SetCompare3
     /tmp/ccaW1XAn.s:1421   .text.TIM_SetCompare3:0000000000000000 $x
     /tmp/ccaW1XAn.s:1428   .text.TIM_SetCompare4:0000000000000000 TIM_SetCompare4
     /tmp/ccaW1XAn.s:1429   .text.TIM_SetCompare4:0000000000000000 $x
     /tmp/ccaW1XAn.s:1436   .text.TIM_SetIC1Prescaler:0000000000000000 TIM_SetIC1Prescaler
     /tmp/ccaW1XAn.s:1437   .text.TIM_SetIC1Prescaler:0000000000000000 $x
     /tmp/ccaW1XAn.s:1453   .text.TIM_SetIC2Prescaler:0000000000000000 TIM_SetIC2Prescaler
     /tmp/ccaW1XAn.s:1454   .text.TIM_SetIC2Prescaler:0000000000000000 $x
     /tmp/ccaW1XAn.s:1471   .text.TIM_PWMIConfig:0000000000000000 TIM_PWMIConfig
     /tmp/ccaW1XAn.s:1472   .text.TIM_PWMIConfig:0000000000000000 $x
     /tmp/ccaW1XAn.s:1526   .text.TIM_SetIC3Prescaler:0000000000000000 TIM_SetIC3Prescaler
     /tmp/ccaW1XAn.s:1527   .text.TIM_SetIC3Prescaler:0000000000000000 $x
     /tmp/ccaW1XAn.s:1543   .text.TIM_SetIC4Prescaler:0000000000000000 TIM_SetIC4Prescaler
     /tmp/ccaW1XAn.s:1544   .text.TIM_SetIC4Prescaler:0000000000000000 $x
     /tmp/ccaW1XAn.s:1561   .text.TIM_ICInit:0000000000000000 TIM_ICInit
     /tmp/ccaW1XAn.s:1562   .text.TIM_ICInit:0000000000000000 $x
     /tmp/ccaW1XAn.s:1699   .text.TIM_SetClockDivision:0000000000000000 TIM_SetClockDivision
     /tmp/ccaW1XAn.s:1700   .text.TIM_SetClockDivision:0000000000000000 $x
     /tmp/ccaW1XAn.s:1716   .text.TIM_GetCapture1:0000000000000000 TIM_GetCapture1
     /tmp/ccaW1XAn.s:1717   .text.TIM_GetCapture1:0000000000000000 $x
     /tmp/ccaW1XAn.s:1724   .text.TIM_GetCapture2:0000000000000000 TIM_GetCapture2
     /tmp/ccaW1XAn.s:1725   .text.TIM_GetCapture2:0000000000000000 $x
     /tmp/ccaW1XAn.s:1732   .text.TIM_GetCapture3:0000000000000000 TIM_GetCapture3
     /tmp/ccaW1XAn.s:1733   .text.TIM_GetCapture3:0000000000000000 $x
     /tmp/ccaW1XAn.s:1740   .text.TIM_GetCapture4:0000000000000000 TIM_GetCapture4
     /tmp/ccaW1XAn.s:1741   .text.TIM_GetCapture4:0000000000000000 $x
     /tmp/ccaW1XAn.s:1748   .text.TIM_GetCounter:0000000000000000 TIM_GetCounter
     /tmp/ccaW1XAn.s:1749   .text.TIM_GetCounter:0000000000000000 $x
     /tmp/ccaW1XAn.s:1756   .text.TIM_GetPrescaler:0000000000000000 TIM_GetPrescaler
GAS LISTING /tmp/ccaW1XAn.s 			page 34


     /tmp/ccaW1XAn.s:1757   .text.TIM_GetPrescaler:0000000000000000 $x
     /tmp/ccaW1XAn.s:1764   .text.TIM_GetFlagStatus:0000000000000000 TIM_GetFlagStatus
     /tmp/ccaW1XAn.s:1765   .text.TIM_GetFlagStatus:0000000000000000 $x
     /tmp/ccaW1XAn.s:1774   .text.TIM_ClearFlag:0000000000000000 TIM_ClearFlag
     /tmp/ccaW1XAn.s:1775   .text.TIM_ClearFlag:0000000000000000 $x
     /tmp/ccaW1XAn.s:1785   .text.TIM_GetITStatus:0000000000000000 TIM_GetITStatus
     /tmp/ccaW1XAn.s:1786   .text.TIM_GetITStatus:0000000000000000 $x
     /tmp/ccaW1XAn.s:1803   .text.TIM_ClearITPendingBit:0000000000000000 TIM_ClearITPendingBit
     /tmp/ccaW1XAn.s:1804   .text.TIM_ClearITPendingBit:0000000000000000 $x
     /tmp/ccaW1XAn.s:42     .text.TI1_Config:0000000000000058 .L2
     /tmp/ccaW1XAn.s:50     .text.TI1_Config:0000000000000066 .L3
     /tmp/ccaW1XAn.s:44     .text.TI1_Config:000000000000005a .L5
     /tmp/ccaW1XAn.s:93     .text.TI2_Config:0000000000000066 .L7
     /tmp/ccaW1XAn.s:101    .text.TI2_Config:0000000000000078 .L8
     /tmp/ccaW1XAn.s:97     .text.TI2_Config:0000000000000072 .L9
     /tmp/ccaW1XAn.s:125    .text.TIM_DeInit:000000000000003a .L11
     /tmp/ccaW1XAn.s:136    .text.TIM_DeInit:000000000000005c .L13
     /tmp/ccaW1XAn.s:123    .text.TIM_DeInit:0000000000000032 .L10
     /tmp/ccaW1XAn.s:145    .text.TIM_DeInit:0000000000000076 .L14
     /tmp/ccaW1XAn.s:133    .text.TIM_DeInit:0000000000000052 .L17
     /tmp/ccaW1XAn.s:155    .text.TIM_DeInit:0000000000000094 .L15
     /tmp/ccaW1XAn.s:185    .text.TIM_TimeBaseInit:0000000000000036 .L19
     /tmp/ccaW1XAn.s:189    .text.TIM_TimeBaseInit:000000000000003e .L20
     /tmp/ccaW1XAn.s:205    .text.TIM_TimeBaseInit:0000000000000064 .L21
     /tmp/ccaW1XAn.s:253    .text.TIM_OC1Init:000000000000005e .L23
     /tmp/ccaW1XAn.s:321    .text.TIM_OC2Init:0000000000000088 .L25
     /tmp/ccaW1XAn.s:388    .text.TIM_OC3Init:0000000000000086 .L27
     /tmp/ccaW1XAn.s:440    .text.TIM_OC4Init:000000000000005a .L29
     /tmp/ccaW1XAn.s:535    .text.TIM_Cmd:000000000000000c .L36
     /tmp/ccaW1XAn.s:532    .text.TIM_Cmd:0000000000000008 .L38
     /tmp/ccaW1XAn.s:555    .text.TIM_CtrlPWMOutputs:0000000000000010 .L40
     /tmp/ccaW1XAn.s:552    .text.TIM_CtrlPWMOutputs:000000000000000a .L42
     /tmp/ccaW1XAn.s:571    .text.TIM_ITConfig:000000000000000a .L44
     /tmp/ccaW1XAn.s:568    .text.TIM_ITConfig:0000000000000006 .L46
     /tmp/ccaW1XAn.s:654    .text.TIM_TIxExternalClockConfig:000000000000003e .L54
     /tmp/ccaW1XAn.s:643    .text.TIM_TIxExternalClockConfig:0000000000000020 .L55
     /tmp/ccaW1XAn.s:837    .text.TIM_ARRPreloadConfig:000000000000000c .L71
     /tmp/ccaW1XAn.s:834    .text.TIM_ARRPreloadConfig:0000000000000008 .L73
     /tmp/ccaW1XAn.s:856    .text.TIM_SelectCOM:000000000000000c .L75
     /tmp/ccaW1XAn.s:853    .text.TIM_SelectCOM:0000000000000008 .L77
     /tmp/ccaW1XAn.s:875    .text.TIM_SelectCCDMA:000000000000000c .L79
     /tmp/ccaW1XAn.s:872    .text.TIM_SelectCCDMA:0000000000000008 .L81
     /tmp/ccaW1XAn.s:894    .text.TIM_CCPreloadControl:000000000000000c .L83
     /tmp/ccaW1XAn.s:891    .text.TIM_CCPreloadControl:0000000000000008 .L85
     /tmp/ccaW1XAn.s:1242   .text.TIM_SelectOCxM:000000000000002e .L108
     /tmp/ccaW1XAn.s:1238   .text.TIM_SelectOCxM:0000000000000028 .L110
     /tmp/ccaW1XAn.s:1270   .text.TIM_UpdateDisableConfig:000000000000000c .L112
     /tmp/ccaW1XAn.s:1267   .text.TIM_UpdateDisableConfig:0000000000000008 .L114
     /tmp/ccaW1XAn.s:1289   .text.TIM_UpdateRequestConfig:000000000000000c .L116
     /tmp/ccaW1XAn.s:1286   .text.TIM_UpdateRequestConfig:0000000000000008 .L118
     /tmp/ccaW1XAn.s:1308   .text.TIM_SelectHallSensor:000000000000000c .L120
     /tmp/ccaW1XAn.s:1305   .text.TIM_SelectHallSensor:0000000000000008 .L122
     /tmp/ccaW1XAn.s:1484   .text.TIM_PWMIConfig:0000000000000022 .L136
     /tmp/ccaW1XAn.s:1506   .text.TIM_PWMIConfig:0000000000000068 .L137
     /tmp/ccaW1XAn.s:1503   .text.TIM_PWMIConfig:000000000000005e .L135
     /tmp/ccaW1XAn.s:1577   .text.TIM_ICInit:0000000000000034 .L145
     /tmp/ccaW1XAn.s:1586   .text.TIM_ICInit:0000000000000052 .L147
GAS LISTING /tmp/ccaW1XAn.s 			page 35


     /tmp/ccaW1XAn.s:1575   .text.TIM_ICInit:000000000000002c .L144
     /tmp/ccaW1XAn.s:1641   .text.TIM_ICInit:00000000000000ea .L148
     /tmp/ccaW1XAn.s:1624   .text.TIM_ICInit:00000000000000be .L149
     /tmp/ccaW1XAn.s:1634   .text.TIM_ICInit:00000000000000da .L150
     /tmp/ccaW1XAn.s:1628   .text.TIM_ICInit:00000000000000ca .L151
     /tmp/ccaW1XAn.s:1675   .text.TIM_ICInit:000000000000014c .L152
     /tmp/ccaW1XAn.s:1688   .text.TIM_ICInit:000000000000016c .L153
     /tmp/ccaW1XAn.s:1682   .text.TIM_ICInit:000000000000015c .L154
     /tmp/ccaW1XAn.s:1795   .text.TIM_GetITStatus:0000000000000014 .L167

UNDEFINED SYMBOLS
__riscv_save_1
RCC_APB2PeriphResetCmd
__riscv_restore_1
RCC_APB1PeriphResetCmd
__riscv_save_2
__riscv_restore_2
__riscv_save_4
__riscv_restore_4
